Component: Arm Compiler for Embedded 6.22 Tool: armlink [5ee90200]

==============================================================================

Section Cross References

    startup_stm32f103xb.o(RESET) refers to startup_stm32f103xb.o(STACK) for __initial_sp
    startup_stm32f103xb.o(RESET) refers to startup_stm32f103xb.o(.text) for Reset_Handler
    startup_stm32f103xb.o(RESET) refers to stm32f1xx_it.o(.text.NMI_Handler) for NMI_Handler
    startup_stm32f103xb.o(RESET) refers to stm32f1xx_it.o(.text.HardFault_Handler) for HardFault_Handler
    startup_stm32f103xb.o(RESET) refers to stm32f1xx_it.o(.text.MemManage_Handler) for MemManage_Handler
    startup_stm32f103xb.o(RESET) refers to stm32f1xx_it.o(.text.BusFault_Handler) for BusFault_Handler
    startup_stm32f103xb.o(RESET) refers to stm32f1xx_it.o(.text.UsageFault_Handler) for UsageFault_Handler
    startup_stm32f103xb.o(RESET) refers to stm32f1xx_it.o(.text.SVC_Handler) for SVC_Handler
    startup_stm32f103xb.o(RESET) refers to stm32f1xx_it.o(.text.DebugMon_Handler) for DebugMon_Handler
    startup_stm32f103xb.o(RESET) refers to stm32f1xx_it.o(.text.PendSV_Handler) for PendSV_Handler
    startup_stm32f103xb.o(RESET) refers to stm32f1xx_it.o(.text.SysTick_Handler) for SysTick_Handler
    startup_stm32f103xb.o(RESET) refers to stm32f1xx_it.o(.text.TIM4_IRQHandler) for TIM4_IRQHandler
    startup_stm32f103xb.o(RESET) refers to stm32f1xx_it.o(.text.I2C1_EV_IRQHandler) for I2C1_EV_IRQHandler
    startup_stm32f103xb.o(RESET) refers to stm32f1xx_it.o(.text.I2C1_ER_IRQHandler) for I2C1_ER_IRQHandler
    startup_stm32f103xb.o(RESET) refers to stm32f1xx_it.o(.text.I2C2_EV_IRQHandler) for I2C2_EV_IRQHandler
    startup_stm32f103xb.o(RESET) refers to stm32f1xx_it.o(.text.I2C2_ER_IRQHandler) for I2C2_ER_IRQHandler
    startup_stm32f103xb.o(RESET) refers to stm32f1xx_it.o(.text.USART1_IRQHandler) for USART1_IRQHandler
    startup_stm32f103xb.o(RESET) refers to stm32f1xx_it.o(.text.USART2_IRQHandler) for USART2_IRQHandler
    startup_stm32f103xb.o(.text) refers to system_stm32f1xx.o(.text.SystemInit) for SystemInit
    startup_stm32f103xb.o(.text) refers to entry.o(.ARM.Collect$$$$00000000) for __main
    main.o(.text.motor_updEcd) refers to fflti.o(.text) for __aeabi_i2f
    main.o(.text.motor_updEcd) refers to fmul.o(.text) for __aeabi_fmul
    main.o(.text.motor_updEcd) refers to fdiv.o(.text) for __aeabi_fdiv
    main.o(.ARM.exidx.text.motor_updEcd) refers to main.o(.text.motor_updEcd) for [Anonymous Symbol]
    main.o(.text.PID_updParam) refers to gc_pid_data.o(.data.rtP) for rtP
    main.o(.ARM.exidx.text.PID_updParam) refers to main.o(.text.PID_updParam) for [Anonymous Symbol]
    main.o(.text.PID_updInput) refers to main.o(.data.pid_param) for pid_param
    main.o(.text.PID_updInput) refers to gc_pid.o(.bss.rtU) for rtU
    main.o(.text.PID_updInput) refers to main.o(.bss.ang_tar) for ang_tar
    main.o(.text.PID_updInput) refers to main.o(.bss.imu_data) for imu_data
    main.o(.text.PID_updInput) refers to main.o(.data.motor_left) for motor_left
    main.o(.text.PID_updInput) refers to main.o(.data.motor_right) for motor_right
    main.o(.text.PID_updInput) refers to main.o(.bss.line_track) for line_track
    main.o(.ARM.exidx.text.PID_updInput) refers to main.o(.text.PID_updInput) for [Anonymous Symbol]
    main.o(.ARM.exidx.text.CRC_check) refers to main.o(.text.CRC_check) for [Anonymous Symbol]
    main.o(.text.IMU_getAng) refers to ffltui.o(.text) for __aeabi_ui2f
    main.o(.text.IMU_getAng) refers to fdiv.o(.text) for __aeabi_fdiv
    main.o(.text.IMU_getAng) refers to fmul.o(.text) for __aeabi_fmul
    main.o(.text.IMU_getAng) refers to main.o(.bss.imu_data) for imu_data
    main.o(.ARM.exidx.text.IMU_getAng) refers to main.o(.text.IMU_getAng) for [Anonymous Symbol]
    main.o(.text.tof_init) refers to i2c.o(.bss.hi2c1) for hi2c1
    main.o(.text.tof_init) refers to vl53l0x.o(.text.initVL53L0X) for initVL53L0X
    main.o(.text.tof_init) refers to vl53l0x.o(.text.setSignalRateLimit) for setSignalRateLimit
    main.o(.text.tof_init) refers to vl53l0x.o(.text.setVcselPulsePeriod) for setVcselPulsePeriod
    main.o(.text.tof_init) refers to vl53l0x.o(.text.setMeasurementTimingBudget) for setMeasurementTimingBudget
    main.o(.text.tof_init) refers to vl53l0x.o(.text.startContinuous) for startContinuous
    main.o(.text.tof_init) refers to stm32f1xx_hal.o(.text.HAL_Delay) for HAL_Delay
    main.o(.text.tof_init) refers to i2c.o(.bss.hi2c2) for hi2c2
    main.o(.ARM.exidx.text.tof_init) refers to main.o(.text.tof_init) for [Anonymous Symbol]
    main.o(.text.tof_getDis) refers to vl53l0x.o(.bss.VL53L0X_I2C_Handler) for VL53L0X_I2C_Handler
    main.o(.text.tof_getDis) refers to i2c.o(.bss.hi2c1) for hi2c1
    main.o(.text.tof_getDis) refers to memcpya.o(.text) for __aeabi_memcpy4
    main.o(.text.tof_getDis) refers to main.o(.data.tof_dis1_l) for tof_dis1_l
    main.o(.text.tof_getDis) refers to main.o(.data.tof_dis1_ll) for tof_dis1_ll
[...]
    I2C_MasterReceive_RXNE                   0x08004905   Thumb Code   362  stm32f1xx_hal_i2c.o(.text.I2C_MasterReceive_RXNE)
    [Anonymous Symbol]                       0x08004904   Section        0  stm32f1xx_hal_i2c.o(.text.I2C_MasterReceive_RXNE)
    I2C_MasterTransmit_BTF                   0x08004a71   Thumb Code   222  stm32f1xx_hal_i2c.o(.text.I2C_MasterTransmit_BTF)
    [Anonymous Symbol]                       0x08004a70   Section        0  stm32f1xx_hal_i2c.o(.text.I2C_MasterTransmit_BTF)
    I2C_MasterTransmit_TXE                   0x08004b51   Thumb Code   318  stm32f1xx_hal_i2c.o(.text.I2C_MasterTransmit_TXE)
    [Anonymous Symbol]                       0x08004b50   Section        0  stm32f1xx_hal_i2c.o(.text.I2C_MasterTransmit_TXE)
    I2C_Master_ADD10                         0x08004c91   Thumb Code    70  stm32f1xx_hal_i2c.o(.text.I2C_Master_ADD10)
    [Anonymous Symbol]                       0x08004c90   Section        0  stm32f1xx_hal_i2c.o(.text.I2C_Master_ADD10)
    I2C_Master_ADDR                          0x08004cd9   Thumb Code   856  stm32f1xx_hal_i2c.o(.text.I2C_Master_ADDR)
    [Anonymous Symbol]                       0x08004cd8   Section        0  stm32f1xx_hal_i2c.o(.text.I2C_Master_ADDR)
    I2C_Master_SB                            0x08005031   Thumb Code   240  stm32f1xx_hal_i2c.o(.text.I2C_Master_SB)
    [Anonymous Symbol]                       0x08005030   Section        0  stm32f1xx_hal_i2c.o(.text.I2C_Master_SB)
    I2C_MemoryTransmit_TXE_BTF               0x08005121   Thumb Code   296  stm32f1xx_hal_i2c.o(.text.I2C_MemoryTransmit_TXE_BTF)
    [Anonymous Symbol]                       0x08005120   Section        0  stm32f1xx_hal_i2c.o(.text.I2C_MemoryTransmit_TXE_BTF)
    I2C_RequestMemoryRead                    0x08005249   Thumb Code   482  stm32f1xx_hal_i2c.o(.text.I2C_RequestMemoryRead)
    [Anonymous Symbol]                       0x08005248   Section        0  stm32f1xx_hal_i2c.o(.text.I2C_RequestMemoryRead)
    I2C_RequestMemoryWrite                   0x0800542d   Thumb Code   314  stm32f1xx_hal_i2c.o(.text.I2C_RequestMemoryWrite)
    [Anonymous Symbol]                       0x0800542c   Section        0  stm32f1xx_hal_i2c.o(.text.I2C_RequestMemoryWrite)
    I2C_SlaveReceive_BTF                     0x08005569   Thumb Code    46  stm32f1xx_hal_i2c.o(.text.I2C_SlaveReceive_BTF)
    [Anonymous Symbol]                       0x08005568   Section        0  stm32f1xx_hal_i2c.o(.text.I2C_SlaveReceive_BTF)
    I2C_SlaveReceive_RXNE                    0x08005599   Thumb Code   110  stm32f1xx_hal_i2c.o(.text.I2C_SlaveReceive_RXNE)
    [Anonymous Symbol]                       0x08005598   Section        0  stm32f1xx_hal_i2c.o(.text.I2C_SlaveReceive_RXNE)
    I2C_SlaveTransmit_BTF                    0x08005609   Thumb Code    44  stm32f1xx_hal_i2c.o(.text.I2C_SlaveTransmit_BTF)
    [Anonymous Symbol]                       0x08005608   Section        0  stm32f1xx_hal_i2c.o(.text.I2C_SlaveTransmit_BTF)
    I2C_SlaveTransmit_TXE                    0x08005635   Thumb Code   108  stm32f1xx_hal_i2c.o(.text.I2C_SlaveTransmit_TXE)
    [Anonymous Symbol]                       0x08005634   Section        0  stm32f1xx_hal_i2c.o(.text.I2C_SlaveTransmit_TXE)
    I2C_Slave_ADDR                           0x080056a1   Thumb Code   174  stm32f1xx_hal_i2c.o(.text.I2C_Slave_ADDR)
    [Anonymous Symbol]                       0x080056a0   Section        0  stm32f1xx_hal_i2c.o(.text.I2C_Slave_ADDR)
    I2C_Slave_AF                             0x08005751   Thumb Code   228  stm32f1xx_hal_i2c.o(.text.I2C_Slave_AF)
    [Anonymous Symbol]                       0x08005750   Section        0  stm32f1xx_hal_i2c.o(.text.I2C_Slave_AF)
    I2C_Slave_STOPF                          0x08005835   Thumb Code   586  stm32f1xx_hal_i2c.o(.text.I2C_Slave_STOPF)
    [Anonymous Symbol]                       0x08005834   Section        0  stm32f1xx_hal_i2c.o(.text.I2C_Slave_STOPF)
    I2C_WaitOnBTFFlagUntilTimeout            0x08005a81   Thumb Code   172  stm32f1xx_hal_i2c.o(.text.I2C_WaitOnBTFFlagUntilTimeout)
    [Anonymous Symbol]                       0x08005a80   Section        0  stm32f1xx_hal_i2c.o(.text.I2C_WaitOnBTFFlagUntilTimeout)
    I2C_WaitOnFlagUntilTimeout               0x08005b2d   Thumb Code   264  stm32f1xx_hal_i2c.o(.text.I2C_WaitOnFlagUntilTimeout)
    [Anonymous Symbol]                       0x08005b2c   Section        0  stm32f1xx_hal_i2c.o(.text.I2C_WaitOnFlagUntilTimeout)
    I2C_WaitOnMasterAddressFlagUntilTimeout  0x08005c35   Thumb Code   340  stm32f1xx_hal_i2c.o(.text.I2C_WaitOnMasterAddressFlagUntilTimeout)
    [Anonymous Symbol]                       0x08005c34   Section        0  stm32f1xx_hal_i2c.o(.text.I2C_WaitOnMasterAddressFlagUntilTimeout)
    I2C_WaitOnRXNEFlagUntilTimeout           0x08005d89   Thumb Code   220  stm32f1xx_hal_i2c.o(.text.I2C_WaitOnRXNEFlagUntilTimeout)
    [Anonymous Symbol]                       0x08005d88   Section        0  stm32f1xx_hal_i2c.o(.text.I2C_WaitOnRXNEFlagUntilTimeout)
    I2C_WaitOnSTOPRequestThroughIT           0x08005e65   Thumb Code   120  stm32f1xx_hal_i2c.o(.text.I2C_WaitOnSTOPRequestThroughIT)
    [Anonymous Symbol]                       0x08005e64   Section        0  stm32f1xx_hal_i2c.o(.text.I2C_WaitOnSTOPRequestThroughIT)
    I2C_WaitOnTXEFlagUntilTimeout            0x08005edd   Thumb Code   168  stm32f1xx_hal_i2c.o(.text.I2C_WaitOnTXEFlagUntilTimeout)
    [Anonymous Symbol]                       0x08005edc   Section        0  stm32f1xx_hal_i2c.o(.text.I2C_WaitOnTXEFlagUntilTimeout)
    [Anonymous Symbol]                       0x08005f84   Section        0  main.o(.text.IMU_getAng)
    [Anonymous Symbol]                       0x08006020   Section        0  gpio.o(.text.MX_GPIO_Init)
    [Anonymous Symbol]                       0x080060f4   Section        0  i2c.o(.text.MX_I2C1_Init)
    [Anonymous Symbol]                       0x0800613c   Section        0  i2c.o(.text.MX_I2C2_Init)
    [Anonymous Symbol]                       0x08006184   Section        0  tim.o(.text.MX_TIM1_Init)
    [Anonymous Symbol]                       0x08006208   Section        0  tim.o(.text.MX_TIM2_Init)
    [Anonymous Symbol]                       0x08006284   Section        0  tim.o(.text.MX_TIM3_Init)
    [Anonymous Symbol]                       0x0800633c   Section        0  tim.o(.text.MX_TIM4_Init)
    [Anonymous Symbol]                       0x080063c0   Section        0  usart.o(.text.MX_USART1_UART_Init)
    [Anonymous Symbol]                       0x08006400   Section        0  usart.o(.text.MX_USART2_UART_Init)
    [Anonymous Symbol]                       0x08006440   Section        0  stm32f1xx_it.o(.text.MemManage_Handler)
    [Anonymous Symbol]                       0x08006444   Section        0  stm32f1xx_it.o(.text.NMI_Handler)
    NVIC_EncodePriority                      0x08006449   Thumb Code   108  stm32f1xx_hal_cortex.o(.text.NVIC_EncodePriority)
    [Anonymous Symbol]                       0x08006448   Section        0  stm32f1xx_hal_cortex.o(.text.NVIC_EncodePriority)
    [Anonymous Symbol]                       0x080064b4   Section        0  main.o(.text.PID_updInput)
    [Anonymous Symbol]                       0x08006514   Section        0  main.o(.text.PID_updParam)
    [Anonymous Symbol]                       0x08006590   Section        0  stm32f1xx_it.o(.text.PendSV_Handler)
    RCC_Delay                                0x08006595   Thumb Code    58  stm32f1xx_hal_rcc.o(.text.RCC_Delay)
    [Anonymous Symbol]                       0x08006594   Section        0  stm32f1xx_hal_rcc.o(.text.RCC_Delay)
    [Anonymous Symbol]                       0x080065d0   Section        0  stm32f1xx_it.o(.text.SVC_Handler)
    SysTick_Config                           0x080065d5   Thumb Code    82  stm32f1xx_hal_cortex.o(.text.SysTick_Config)
    [Anonymous Symbol]                       0x080065d4   Section        0  stm32f1xx_hal_cortex.o(.text.SysTick_Config)
    [Anonymous Symbol]                       0x08006628   Section        0  stm32f1xx_it.o(.text.SysTick_Handler)
    [Anonymous Symbol]                       0x08006630   Section        0  main.o(.text.SystemClock_Config)
    [Anonymous Symbol]                       0x0800669c   Section        0  system_stm32f1xx.o(.text.SystemInit)
    [Anonymous Symbol]                       0x080066a0   Section        0  stm32f1xx_it.o(.text.TIM4_IRQHandler)
    [Anonymous Symbol]                       0x080066b0   Section        0  stm32f1xx_hal_tim.o(.text.TIM_Base_SetConfig)
    [Anonymous Symbol]                       0x080067b8   Section        0  stm32f1xx_hal_tim.o(.text.TIM_CCxChannelCmd)
    [Anonymous Symbol]                       0x080067f0   Section        0  stm32f1xx_hal_tim.o(.text.TIM_ETR_SetConfig)
    TIM_ITRx_SetConfig                       0x08006825   Thumb Code    42  stm32f1xx_hal_tim.o(.text.TIM_ITRx_SetConfig)
    [Anonymous Symbol]                       0x08006824   Section        0  stm32f1xx_hal_tim.o(.text.TIM_ITRx_SetConfig)
    TIM_OC1_SetConfig                        0x08006851   Thumb Code   206  stm32f1xx_hal_tim.o(.text.TIM_OC1_SetConfig)
    [Anonymous Symbol]                       0x08006850   Section        0  stm32f1xx_hal_tim.o(.text.TIM_OC1_SetConfig)
    [Anonymous Symbol]                       0x08006920   Section        0  stm32f1xx_hal_tim.o(.text.TIM_OC2_SetConfig)
    TIM_OC3_SetConfig                        0x080069f9   Thumb Code   214  stm32f1xx_hal_tim.o(.text.TIM_OC3_SetConfig)
    [Anonymous Symbol]                       0x080069f8   Section        0  stm32f1xx_hal_tim.o(.text.TIM_OC3_SetConfig)
    TIM_OC4_SetConfig                        0x08006ad1   Thumb Code   150  stm32f1xx_hal_tim.o(.text.TIM_OC4_SetConfig)
    [Anonymous Symbol]                       0x08006ad0   Section        0  stm32f1xx_hal_tim.o(.text.TIM_OC4_SetConfig)
    TIM_TI1_ConfigInputStage                 0x08006b69   Thumb Code    80  stm32f1xx_hal_tim.o(.text.TIM_TI1_ConfigInputStage)
    [Anonymous Symbol]                       0x08006b68   Section        0  stm32f1xx_hal_tim.o(.text.TIM_TI1_ConfigInputStage)
    TIM_TI2_ConfigInputStage                 0x08006bb9   Thumb Code    82  stm32f1xx_hal_tim.o(.text.TIM_TI2_ConfigInputStage)
    [Anonymous Symbol]                       0x08006bb8   Section        0  stm32f1xx_hal_tim.o(.text.TIM_TI2_ConfigInputStage)
    UART_DMAAbortOnError                     0x08006c0d   Thumb Code    32  stm32f1xx_hal_uart.o(.text.UART_DMAAbortOnError)
    [Anonymous Symbol]                       0x08006c0c   Section        0  stm32f1xx_hal_uart.o(.text.UART_DMAAbortOnError)
    UART_EndRxTransfer                       0x08006c2d   Thumb Code   148  stm32f1xx_hal_uart.o(.text.UART_EndRxTransfer)
    [Anonymous Symbol]                       0x08006c2c   Section        0  stm32f1xx_hal_uart.o(.text.UART_EndRxTransfer)
    UART_EndTransmit_IT                      0x08006cc1   Thumb Code    38  stm32f1xx_hal_uart.o(.text.UART_EndTransmit_IT)
    [Anonymous Symbol]                       0x08006cc0   Section        0  stm32f1xx_hal_uart.o(.text.UART_EndTransmit_IT)
    UART_Receive_IT                          0x08006ce9   Thumb Code   362  stm32f1xx_hal_uart.o(.text.UART_Receive_IT)
    [Anonymous Symbol]                       0x08006ce8   Section        0  stm32f1xx_hal_uart.o(.text.UART_Receive_IT)
    UART_SetConfig                           0x08006e55   Thumb Code   186  stm32f1xx_hal_uart.o(.text.UART_SetConfig)
    [Anonymous Symbol]                       0x08006e54   Section        0  stm32f1xx_hal_uart.o(.text.UART_SetConfig)
    [Anonymous Symbol]                       0x08006f10   Section        0  stm32f1xx_hal_uart.o(.text.UART_Start_Receive_IT)
    UART_Transmit_IT                         0x08006f75   Thumb Code   148  stm32f1xx_hal_uart.o(.text.UART_Transmit_IT)
    [Anonymous Symbol]                       0x08006f74   Section        0  stm32f1xx_hal_uart.o(.text.UART_Transmit_IT)
    [Anonymous Symbol]                       0x08007008   Section        0  stm32f1xx_it.o(.text.USART1_IRQHandler)
    [Anonymous Symbol]                       0x08007018   Section        0  stm32f1xx_it.o(.text.USART2_IRQHandler)
    [Anonymous Symbol]                       0x08007028   Section        0  stm32f1xx_it.o(.text.UsageFault_Handler)
    __NVIC_EnableIRQ                         0x0800702d   Thumb Code    48  stm32f1xx_hal_cortex.o(.text.__NVIC_EnableIRQ)
    [Anonymous Symbol]                       0x0800702c   Section        0  stm32f1xx_hal_cortex.o(.text.__NVIC_EnableIRQ)
    __NVIC_GetPriorityGrouping               0x0800705d   Thumb Code    16  stm32f1xx_hal_cortex.o(.text.__NVIC_GetPriorityGrouping)
    [Anonymous Symbol]                       0x0800705c   Section        0  stm32f1xx_hal_cortex.o(.text.__NVIC_GetPriorityGrouping)
    __NVIC_SetPriority                       0x0800706d   Thumb Code    66  stm32f1xx_hal_cortex.o(.text.__NVIC_SetPriority)
    [Anonymous Symbol]                       0x0800706c   Section        0  stm32f1xx_hal_cortex.o(.text.__NVIC_SetPriority)
    __NVIC_SetPriorityGrouping               0x080070b1   Thumb Code    60  stm32f1xx_hal_cortex.o(.text.__NVIC_SetPriorityGrouping)
    [Anonymous Symbol]                       0x080070b0   Section        0  stm32f1xx_hal_cortex.o(.text.__NVIC_SetPriorityGrouping)
    decodeTimeout                            0x080070ed   Thumb Code    24  vl53l0x.o(.text.decodeTimeout)
    [Anonymous Symbol]                       0x080070ec   Section        0  vl53l0x.o(.text.decodeTimeout)
    [Anonymous Symbol]                       0x08007104   Section        0  main.o(.text.drive_motor)
    encodeTimeout                            0x0800721d   Thumb Code    94  vl53l0x.o(.text.encodeTimeout)
    [Anonymous Symbol]                       0x0800721c   Section        0  vl53l0x.o(.text.encodeTimeout)
    [Anonymous Symbol]                       0x0800727c   Section        0  gc_pid.o(.text.gc_pid_initialize)
    [Anonymous Symbol]                       0x08007314   Section        0  gc_pid.o(.text.gc_pid_step)
    [Anonymous Symbol]                       0x08007f88   Section        0  vl53l0x.o(.text.getMeasurementTimingBudget)
    [Anonymous Symbol]                       0x0800805c   Section        0  vl53l0x.o(.text.getSequenceStepEnables)
    [Anonymous Symbol]                       0x080080ac   Section        0  vl53l0x.o(.text.getSequenceStepTimeouts)
    [Anonymous Symbol]                       0x08008134   Section        0  vl53l0x.o(.text.getSpadInfo)
    [Anonymous Symbol]                       0x08008278   Section        0  vl53l0x.o(.text.getVcselPulsePeriod)
    [Anonymous Symbol]                       0x080082cc   Section        0  vl53l0x.o(.text.initVL53L0X)
    [Anonymous Symbol]                       0x080087b4   Section        0  main.o(.text.lineTrack_update)
    [Anonymous Symbol]                       0x08008e58   Section        0  main.o(.text.main)
    [Anonymous Symbol]                       0x08009494   Section        0  main.o(.text.motor_updEcd)
    [Anonymous Symbol]                       0x08009510   Section        0  main.o(.text.motor_updPID)
    [Anonymous Symbol]                       0x08009564   Section        0  vl53l0x.o(.text.performSingleRefCalibration)
    [Anonymous Symbol]                       0x080095f4   Section        0  vl53l0x.o(.text.readMulti)
    [Anonymous Symbol]                       0x08009648   Section        0  vl53l0x.o(.text.readRangeContinuousMillimeters)
    [Anonymous Symbol]                       0x08009740   Section        0  vl53l0x.o(.text.readReg)
    [Anonymous Symbol]                       0x080097a0   Section        0  vl53l0x.o(.text.readReg16Bit)
    [Anonymous Symbol]                       0x080097fc   Section        0  vl53l0x.o(.text.setMeasurementTimingBudget)
    [Anonymous Symbol]                       0x08009944   Section        0  main.o(.text.setMotor_CCW)
    [Anonymous Symbol]                       0x08009968   Section        0  main.o(.text.setMotor_CW)
    [Anonymous Symbol]                       0x0800998c   Section        0  vl53l0x.o(.text.setSignalRateLimit)
    [Anonymous Symbol]                       0x080099ec   Section        0  vl53l0x.o(.text.setVcselPulsePeriod)
    [Anonymous Symbol]                       0x08009c94   Section        0  vl53l0x.o(.text.startContinuous)
    timeoutMclksToMicroseconds               0x08009d29   Thumb Code    66  vl53l0x.o(.text.timeoutMclksToMicroseconds)
    [Anonymous Symbol]                       0x08009d28   Section        0  vl53l0x.o(.text.timeoutMclksToMicroseconds)
    timeoutMicrosecondsToMclks               0x08009d6d   Thumb Code    64  vl53l0x.o(.text.timeoutMicrosecondsToMclks)
    [Anonymous Symbol]                       0x08009d6c   Section        0  vl53l0x.o(.text.timeoutMicrosecondsToMclks)
    [Anonymous Symbol]                       0x08009dac   Section        0  main.o(.text.tof_getDis)
    [Anonymous Symbol]                       0x08009e44   Section        0  main.o(.text.tof_init)
    [Anonymous Symbol]                       0x08009ec8   Section        0  vl53l0x.o(.text.writeMulti)
    [Anonymous Symbol]                       0x08009f24   Section        0  vl53l0x.o(.text.writeReg)
    [Anonymous Symbol]                       0x08009f78   Section        0  vl53l0x.o(.text.writeReg16Bit)
    [Anonymous Symbol]                       0x08009fd0   Section        0  vl53l0x.o(.text.writeReg32Bit)
    i.__scatterload_copy                     0x0800a024   Section       14  handlers.o(i.__scatterload_copy)
    i.__scatterload_null                     0x0800a032   Section        2  handlers.o(i.__scatterload_null)
    i.__scatterload_zeroinit                 0x0800a034   Section       14  handlers.o(i.__scatterload_zeroinit)
    HAL_RCC_GetSysClockFreq.aPLLMULFactorTable 0x0800a05a   Data          16  stm32f1xx_hal_rcc.o(.rodata.HAL_RCC_GetSysClockFreq.aPLLMULFactorTable)
    [Anonymous Symbol]                       0x0800a05a   Section        0  stm32f1xx_hal_rcc.o(.rodata.HAL_RCC_GetSysClockFreq.aPLLMULFactorTable)
    HAL_RCC_GetSysClockFreq.aPredivFactorTable 0x0800a06a   Data           2  stm32f1xx_hal_rcc.o(.rodata.HAL_RCC_GetSysClockFreq.aPredivFactorTable)
    [Anonymous Symbol]                       0x0800a06a   Section        0  stm32f1xx_hal_rcc.o(.rodata.HAL_RCC_GetSysClockFreq.aPredivFactorTable)
    rtM_                                     0x20000520   Data           4  gc_pid.o(.bss.rtM_)
    [Anonymous Symbol]                       0x20000520   Section        0  gc_pid.o(.bss.rtM_)
    STACK                                    0x200005f0   Section     1024  startup_stm32f103xb.o(STACK)

    Global Symbols

    Symbol Name                              Value     Ov Type        Size  Object(Section)

    BuildAttributes$$THM_ISAv4$P$D$K$B$S$PE$A:L22UL41UL21$X:L11$S22US41US21$IEEE1$IW$~IW$USESV6$~STKCKD$USESV7$~SHL$OTIME$ROPI$EBA8$MICROLIB$REQ8$PRES8$EABIv2 0x00000000   Number         0  anon$$obj.o ABSOLUTE
    __cpp_initialize__aeabi_                  - Undefined Weak Reference
    __cxa_finalize                            - Undefined Weak Reference
    _clock_init                               - Undefined Weak Reference
    _microlib_exit                            - Undefined Weak Reference
    __Vectors_Size                           0x000000ec   Number         0  startup_stm32f103xb.o ABSOLUTE
    __Vectors                                0x08000000   Data           4  startup_stm32f103xb.o(RESET)
    __Vectors_End                            0x080000ec   Data           0  startup_stm32f103xb.o(RESET)
    __main                                   0x080000ed   Thumb Code     0  entry.o(.ARM.Collect$$$$00000000)
    _main_stk                                0x080000ed   Thumb Code     0  entry2.o(.ARM.Collect$$$$00000001)
    _main_scatterload                        0x080000f1   Thumb Code     0  entry5.o(.ARM.Collect$$$$00000004)
    __main_after_scatterload                 0x080000f5   Thumb Code     0  entry5.o(.ARM.Collect$$$$00000004)
    _main_clock                              0x080000f5   Thumb Code     0  entry7b.o(.ARM.Collect$$$$00000008)
    _main_cpp_init                           0x080000f5   Thumb Code     0  entry8b.o(.ARM.Collect$$$$0000000A)
    _main_init                               0x080000f5   Thumb Code     0  entry9a.o(.ARM.Collect$$$$0000000B)
    __rt_final_cpp                           0x080000fd   Thumb Code     0  entry10a.o(.ARM.Collect$$$$0000000D)
    __rt_final_exit                          0x080000fd   Thumb Code     0  entry11a.o(.ARM.Collect$$$$0000000F)
    Reset_Handler                            0x08000101   Thumb Code     8  startup_stm32f103xb.o(.text)
    ADC1_2_IRQHandler                        0x0800011b   Thumb Code     0  startup_stm32f103xb.o(.text)
    CAN1_RX1_IRQHandler                      0x0800011b   Thumb Code     0  startup_stm32f103xb.o(.text)
    CAN1_SCE_IRQHandler                      0x0800011b   Thumb Code     0  startup_stm32f103xb.o(.text)
    DMA1_Channel1_IRQHandler                 0x0800011b   Thumb Code     0  startup_stm32f103xb.o(.text)
    DMA1_Channel2_IRQHandler                 0x0800011b   Thumb Code     0  startup_stm32f103xb.o(.text)
    DMA1_Channel3_IRQHandler                 0x0800011b   Thumb Code     0  startup_stm32f103xb.o(.text)
    DMA1_Channel4_IRQHandler                 0x0800011b   Thumb Code     0  startup_stm32f103xb.o(.text)
    DMA1_Channel5_IRQHandler                 0x0800011b   Thumb Code     0  startup_stm32f103xb.o(.text)
    DMA1_Channel6_IRQHandler                 0x0800011b   Thumb Code     0  startup_stm32f103xb.o(.text)
    DMA1_Channel7_IRQHandler                 0x0800011b   Thumb Code     0  startup_stm32f103xb.o(.text)
    EXTI0_IRQHandler                         0x0800011b   Thumb Code     0  startup_stm32f103xb.o(.text)
    EXTI15_10_IRQHandler                     0x0800011b   Thumb Code     0  startup_stm32f103xb.o(.text)
    EXTI1_IRQHandler                         0x0800011b   Thumb Code     0  startup_stm32f103xb.o(.text)
    EXTI2_IRQHandler                         0x0800011b   Thumb Code     0  startup_stm32f103xb.o(.text)
    EXTI3_IRQHandler                         0x0800011b   Thumb Code     0  startup_stm32f103xb.o(.text)
    EXTI4_IRQHandler                         0x0800011b   Thumb Code     0  startup_stm32f103xb.o(.text)
    EXTI9_5_IRQHandler                       0x0800011b   Thumb Code     0  startup_stm32f103xb.o(.text)
    FLASH_IRQHandler                         0x0800011b   Thumb Code     0  startup_stm32f103xb.o(.text)
    PVD_IRQHandler                           0x0800011b   Thumb Code     0  startup_stm32f103xb.o(.text)
    RCC_IRQHandler                           0x0800011b   Thumb Code     0  startup_stm32f103xb.o(.text)
    RTC_Alarm_IRQHandler                     0x0800011b   Thumb Code     0  startup_stm32f103xb.o(.text)
    RTC_IRQHandler                           0x0800011b   Thumb Code     0  startup_stm32f103xb.o(.text)
    SPI1_IRQHandler                          0x0800011b   Thumb Code     0  startup_stm32f103xb.o(.text)
    SPI2_IRQHandler                          0x0800011b   Thumb Code     0  startup_stm32f103xb.o(.text)
    TAMPER_IRQHandler                        0x0800011b   Thumb Code     0  startup_stm32f103xb.o(.text)
    TIM1_BRK_IRQHandler                      0x0800011b   Thumb Code     0  startup_stm32f103xb.o(.text)
    TIM1_CC_IRQHandler                       0x0800011b   Thumb Code     0  startup_stm32f103xb.o(.text)
    TIM1_TRG_COM_IRQHandler                  0x0800011b   Thumb Code     0  startup_stm32f103xb.o(.text)
    TIM1_UP_IRQHandler                       0x0800011b   Thumb Code     0  startup_stm32f103xb.o(.text)
    TIM2_IRQHandler                          0x0800011b   Thumb Code     0  startup_stm32f103xb.o(.text)
    TIM3_IRQHandler                          0x0800011b   Thumb Code     0  startup_stm32f103xb.o(.text)
    USART3_IRQHandler                        0x0800011b   Thumb Code     0  startup_stm32f103xb.o(.text)
    USBWakeUp_IRQHandler                     0x0800011b   Thumb Code     0  startup_stm32f103xb.o(.text)
    USB_HP_CAN1_TX_IRQHandler                0x0800011b   Thumb Code     0  startup_stm32f103xb.o(.text)
    USB_LP_CAN1_RX0_IRQHandler               0x0800011b   Thumb Code     0  startup_stm32f103xb.o(.text)
    WWDG_IRQHandler                          0x0800011b   Thumb Code     0  startup_stm32f103xb.o(.text)
    __aeabi_memcpy                           0x08000125   Thumb Code    36  memcpya.o(.text)
    __aeabi_memcpy4                          0x08000125   Thumb Code     0  memcpya.o(.text)
    __aeabi_memcpy8                          0x08000125   Thumb Code     0  memcpya.o(.text)
    __aeabi_memset                           0x08000149   Thumb Code    14  memseta.o(.text)
    __aeabi_memset4                          0x08000149   Thumb Code     0  memseta.o(.text)
    __aeabi_memset8                          0x08000149   Thumb Code     0  memseta.o(.text)
    __aeabi_memclr                           0x08000157   Thumb Code     4  memseta.o(.text)
    __aeabi_memclr4                          0x08000157   Thumb Code     0  memseta.o(.text)
    __aeabi_memclr8                          0x08000157   Thumb Code     0  memseta.o(.text)
    _memset$wrapper                          0x0800015b   Thumb Code    18  memseta.o(.text)
    __aeabi_fadd                             0x0800016d   Thumb Code   164  fadd.o(.text)
    __aeabi_fsub                             0x08000211   Thumb Code     6  fadd.o(.text)
    __aeabi_frsub                            0x08000217   Thumb Code     6  fadd.o(.text)
    __aeabi_fmul                             0x0800021d   Thumb Code   100  fmul.o(.text)
    __aeabi_fdiv                             0x08000281   Thumb Code   124  fdiv.o(.text)
    __aeabi_dadd                             0x080002fd   Thumb Code   322  dadd.o(.text)
    __aeabi_dsub                             0x0800043f   Thumb Code     6  dadd.o(.text)
    __aeabi_drsub                            0x08000445   Thumb Code     6  dadd.o(.text)
    __aeabi_fcmple                           0x0800044b   Thumb Code    28  fcmple.o(.text)
    __aeabi_fcmplt                           0x08000467   Thumb Code    28  fcmplt.o(.text)
    __aeabi_fcmpge                           0x08000483   Thumb Code    28  fcmpge.o(.text)
    __aeabi_fcmpeq                           0x0800049f   Thumb Code    28  fcmpeq.o(.text)
    __aeabi_dcmple                           0x080004bb   Thumb Code    54  dcmple.o(.text)
    __aeabi_i2f                              0x080004f1   Thumb Code    18  fflti.o(.text)
    __aeabi_ui2f                             0x08000503   Thumb Code    10  ffltui.o(.text)
    __aeabi_f2iz                             0x0800050d   Thumb Code    50  ffixi.o(.text)
    __aeabi_f2d                              0x0800053f   Thumb Code    38  f2d.o(.text)
    __aeabi_d2f                              0x08000565   Thumb Code    56  d2f.o(.text)
    __aeabi_llsl                             0x0800059d   Thumb Code    30  llshl.o(.text)
    _ll_shift_l                              0x0800059d   Thumb Code     0  llshl.o(.text)
    __aeabi_lasr                             0x080005bb   Thumb Code    36  llsshr.o(.text)
    _ll_sshift_r                             0x080005bb   Thumb Code     0  llsshr.o(.text)
    __I$use$fp                               0x080005df   Thumb Code     0  iusefp.o(.text)
    _float_round                             0x080005df   Thumb Code    18  fepilogue.o(.text)
    _float_epilogue                          0x080005f1   Thumb Code    92  fepilogue.o(.text)
    _double_round                            0x0800064d   Thumb Code    30  depilogue.o(.text)
    _double_epilogue                         0x0800066b   Thumb Code   156  depilogue.o(.text)
    __scatterload                            0x08000709   Thumb Code    38  init.o(.text)
    __scatterload_rt2                        0x08000709   Thumb Code     0  init.o(.text)
    __aeabi_llsr                             0x08000739   Thumb Code    32  llushr.o(.text)
    _ll_ushift_r                             0x08000739   Thumb Code     0  llushr.o(.text)
    __decompress                             0x08000759   Thumb Code     0  __dczerorl2.o(.text)
    __decompress1                            0x08000759   Thumb Code    86  __dczerorl2.o(.text)
    BusFault_Handler                         0x080007b1   Thumb Code     4  stm32f1xx_it.o(.text.BusFault_Handler)
    CRC_check                                0x080007b5   Thumb Code    68  main.o(.text.CRC_check)
    DebugMon_Handler                         0x080007f9   Thumb Code     2  stm32f1xx_it.o(.text.DebugMon_Handler)
    Error_Handler                            0x080007fd   Thumb Code    14  main.o(.text.Error_Handler)
    HAL_DMA_Abort                            0x0800080d   Thumb Code   124  stm32f1xx_hal_dma.o(.text.HAL_DMA_Abort)
    HAL_DMA_Abort_IT                         0x08000889   Thumb Code   284  stm32f1xx_hal_dma.o(.text.HAL_DMA_Abort_IT)
    HAL_DMA_GetState                         0x080009a5   Thumb Code    14  stm32f1xx_hal_dma.o(.text.HAL_DMA_GetState)
    HAL_Delay                                0x080009b5   Thumb Code    66  stm32f1xx_hal.o(.text.HAL_Delay)
    HAL_GPIO_Init                            0x080009f9   Thumb Code   798  stm32f1xx_hal_gpio.o(.text.HAL_GPIO_Init)
    HAL_GPIO_ReadPin                         0x08000d19   Thumb Code    46  stm32f1xx_hal_gpio.o(.text.HAL_GPIO_ReadPin)
    HAL_GPIO_WritePin                        0x08000d49   Thumb Code    46  stm32f1xx_hal_gpio.o(.text.HAL_GPIO_WritePin)
    HAL_GetTick                              0x08000d79   Thumb Code    12  stm32f1xx_hal.o(.text.HAL_GetTick)
    HAL_I2C_AbortCpltCallback                0x08000d85   Thumb Code     8  stm32f1xx_hal_i2c.o(.text.HAL_I2C_AbortCpltCallback)
    HAL_I2C_AddrCallback                     0x08000d8d   Thumb Code    16  stm32f1xx_hal_i2c.o(.text.HAL_I2C_AddrCallback)
    HAL_I2C_ER_IRQHandler                    0x08000d9d   Thumb Code   390  stm32f1xx_hal_i2c.o(.text.HAL_I2C_ER_IRQHandler)
    HAL_I2C_EV_IRQHandler                    0x08000f25   Thumb Code   970  stm32f1xx_hal_i2c.o(.text.HAL_I2C_EV_IRQHandler)
    HAL_I2C_ErrorCallback                    0x080012f1   Thumb Code     8  stm32f1xx_hal_i2c.o(.text.HAL_I2C_ErrorCallback)
    HAL_I2C_Init                             0x080012f9   Thumb Code   676  stm32f1xx_hal_i2c.o(.text.HAL_I2C_Init)
    HAL_I2C_ListenCpltCallback               0x0800159d   Thumb Code     8  stm32f1xx_hal_i2c.o(.text.HAL_I2C_ListenCpltCallback)
    HAL_I2C_MasterRxCpltCallback             0x080015a5   Thumb Code     8  stm32f1xx_hal_i2c.o(.text.HAL_I2C_MasterRxCpltCallback)
    HAL_I2C_MasterTxCpltCallback             0x080015ad   Thumb Code     8  stm32f1xx_hal_i2c.o(.text.HAL_I2C_MasterTxCpltCallback)
    HAL_I2C_MemRxCpltCallback                0x080015b5   Thumb Code     8  stm32f1xx_hal_i2c.o(.text.HAL_I2C_MemRxCpltCallback)
    HAL_I2C_MemTxCpltCallback                0x080015bd   Thumb Code     8  stm32f1xx_hal_i2c.o(.text.HAL_I2C_MemTxCpltCallback)
    HAL_I2C_Mem_Read                         0x080015c5   Thumb Code  1250  stm32f1xx_hal_i2c.o(.text.HAL_I2C_Mem_Read)
    HAL_I2C_Mem_Write                        0x08001aa9   Thumb Code   532  stm32f1xx_hal_i2c.o(.text.HAL_I2C_Mem_Write)
    HAL_I2C_MspInit                          0x08001cbd   Thumb Code   348  i2c.o(.text.HAL_I2C_MspInit)
    HAL_I2C_SlaveRxCpltCallback              0x08001e19   Thumb Code     8  stm32f1xx_hal_i2c.o(.text.HAL_I2C_SlaveRxCpltCallback)
    HAL_I2C_SlaveTxCpltCallback              0x08001e21   Thumb Code     8  stm32f1xx_hal_i2c.o(.text.HAL_I2C_SlaveTxCpltCallback)
    HAL_IncTick                              0x08001e29   Thumb Code    26  stm32f1xx_hal.o(.text.HAL_IncTick)
    HAL_Init                                 0x08001e45   Thumb Code    38  stm32f1xx_hal.o(.text.HAL_Init)
    HAL_InitTick                             0x08001e6d   Thumb Code   112  stm32f1xx_hal.o(.text.HAL_InitTick)
    HAL_MspInit                              0x08001edd   Thumb Code   100  stm32f1xx_hal_msp.o(.text.HAL_MspInit)
    HAL_NVIC_EnableIRQ                       0x08001f41   Thumb Code    20  stm32f1xx_hal_cortex.o(.text.HAL_NVIC_EnableIRQ)
    HAL_NVIC_SetPriority                     0x08001f55   Thumb Code    50  stm32f1xx_hal_cortex.o(.text.HAL_NVIC_SetPriority)
    HAL_NVIC_SetPriorityGrouping             0x08001f89   Thumb Code    16  stm32f1xx_hal_cortex.o(.text.HAL_NVIC_SetPriorityGrouping)
    HAL_RCC_ClockConfig                      0x08001f99   Thumb Code   598  stm32f1xx_hal_rcc.o(.text.HAL_RCC_ClockConfig)
    HAL_RCC_GetHCLKFreq                      0x080021f1   Thumb Code    12  stm32f1xx_hal_rcc.o(.text.HAL_RCC_GetHCLKFreq)
    HAL_RCC_GetPCLK1Freq                     0x080021fd   Thumb Code    34  stm32f1xx_hal_rcc.o(.text.HAL_RCC_GetPCLK1Freq)
    HAL_RCC_GetPCLK2Freq                     0x08002221   Thumb Code    34  stm32f1xx_hal_rcc.o(.text.HAL_RCC_GetPCLK2Freq)
    HAL_RCC_GetSysClockFreq                  0x08002245   Thumb Code   188  stm32f1xx_hal_rcc.o(.text.HAL_RCC_GetSysClockFreq)
    HAL_RCC_OscConfig                        0x08002301   Thumb Code  1658  stm32f1xx_hal_rcc.o(.text.HAL_RCC_OscConfig)
    HAL_SYSTICK_Config                       0x0800297d   Thumb Code    16  stm32f1xx_hal_cortex.o(.text.HAL_SYSTICK_Config)
    HAL_TIMEx_BreakCallback                  0x0800298d   Thumb Code     8  stm32f1xx_hal_tim_ex.o(.text.HAL_TIMEx_BreakCallback)
    HAL_TIMEx_CommutCallback                 0x08002995   Thumb Code     8  stm32f1xx_hal_tim_ex.o(.text.HAL_TIMEx_CommutCallback)
    HAL_TIMEx_MasterConfigSynchronization    0x0800299d   Thumb Code   220  stm32f1xx_hal_tim_ex.o(.text.HAL_TIMEx_MasterConfigSynchronization)
    HAL_TIM_Base_Init                        0x08002a79   Thumb Code   156  stm32f1xx_hal_tim.o(.text.HAL_TIM_Base_Init)
    HAL_TIM_Base_MspInit                     0x08002b15   Thumb Code    78  tim.o(.text.HAL_TIM_Base_MspInit)
    HAL_TIM_Base_Start_IT                    0x08002b65   Thumb Code   176  stm32f1xx_hal_tim.o(.text.HAL_TIM_Base_Start_IT)
    HAL_TIM_ConfigClockSource                0x08002c15   Thumb Code   388  stm32f1xx_hal_tim.o(.text.HAL_TIM_ConfigClockSource)
    HAL_TIM_Encoder_Init                     0x08002d99   Thumb Code   296  stm32f1xx_hal_tim.o(.text.HAL_TIM_Encoder_Init)
    HAL_TIM_Encoder_MspInit                  0x08002ec1   Thumb Code   260  tim.o(.text.HAL_TIM_Encoder_MspInit)
    HAL_TIM_Encoder_Start                    0x08002fc5   Thumb Code   334  stm32f1xx_hal_tim.o(.text.HAL_TIM_Encoder_Start)
    HAL_TIM_IC_CaptureCallback               0x08003115   Thumb Code     8  stm32f1xx_hal_tim.o(.text.HAL_TIM_IC_CaptureCallback)
    HAL_TIM_IRQHandler                       0x0800311d   Thumb Code   538  stm32f1xx_hal_tim.o(.text.HAL_TIM_IRQHandler)
    HAL_TIM_MspPostInit                      0x08003339   Thumb Code    94  tim.o(.text.HAL_TIM_MspPostInit)
    HAL_TIM_OC_DelayElapsedCallback          0x08003399   Thumb Code     8  stm32f1xx_hal_tim.o(.text.HAL_TIM_OC_DelayElapsedCallback)
    HAL_TIM_PWM_ConfigChannel                0x080033a1   Thumb Code   322  stm32f1xx_hal_tim.o(.text.HAL_TIM_PWM_ConfigChannel)
    HAL_TIM_PWM_Init                         0x080034e5   Thumb Code   156  stm32f1xx_hal_tim.o(.text.HAL_TIM_PWM_Init)
    HAL_TIM_PWM_MspInit                      0x08003581   Thumb Code    58  tim.o(.text.HAL_TIM_PWM_MspInit)
    HAL_TIM_PWM_PulseFinishedCallback        0x080035bd   Thumb Code     8  stm32f1xx_hal_tim.o(.text.HAL_TIM_PWM_PulseFinishedCallback)
    HAL_TIM_PWM_Start                        0x080035c5   Thumb Code   352  stm32f1xx_hal_tim.o(.text.HAL_TIM_PWM_Start)
    HAL_TIM_PeriodElapsedCallback            0x08003725   Thumb Code   596  main.o(.text.HAL_TIM_PeriodElapsedCallback)
    HAL_TIM_TriggerCallback                  0x08003979   Thumb Code     8  stm32f1xx_hal_tim.o(.text.HAL_TIM_TriggerCallback)
    HAL_UARTEx_RxEventCallback               0x08003981   Thumb Code    12  stm32f1xx_hal_uart.o(.text.HAL_UARTEx_RxEventCallback)
    HAL_UART_ErrorCallback                   0x0800398d   Thumb Code     8  stm32f1xx_hal_uart.o(.text.HAL_UART_ErrorCallback)
    HAL_UART_IRQHandler                      0x08003995   Thumb Code  1066  stm32f1xx_hal_uart.o(.text.HAL_UART_IRQHandler)
    HAL_UART_Init                            0x08003dc1   Thumb Code   158  stm32f1xx_hal_uart.o(.text.HAL_UART_Init)
    HAL_UART_MspInit                         0x08003e61   Thumb Code   350  usart.o(.text.HAL_UART_MspInit)
    HAL_UART_Receive_IT                      0x08003fc1   Thumb Code    86  stm32f1xx_hal_uart.o(.text.HAL_UART_Receive_IT)
    HAL_UART_RxCpltCallback                  0x08004019   Thumb Code   494  main.o(.text.HAL_UART_RxCpltCallback)
    HAL_UART_Transmit_IT                     0x08004209   Thumb Code   114  stm32f1xx_hal_uart.o(.text.HAL_UART_Transmit_IT)
    HAL_UART_TxCpltCallback                  0x0800427d   Thumb Code     8  stm32f1xx_hal_uart.o(.text.HAL_UART_TxCpltCallback)
    HardFault_Handler                        0x08004285   Thumb Code     4  stm32f1xx_it.o(.text.HardFault_Handler)
    I2C1_ER_IRQHandler                       0x08004289   Thumb Code    16  stm32f1xx_it.o(.text.I2C1_ER_IRQHandler)
    I2C1_EV_IRQHandler                       0x08004299   Thumb Code    16  stm32f1xx_it.o(.text.I2C1_EV_IRQHandler)
    I2C2_ER_IRQHandler                       0x080042a9   Thumb Code    16  stm32f1xx_it.o(.text.I2C2_ER_IRQHandler)
    I2C2_EV_IRQHandler                       0x080042b9   Thumb Code    16  stm32f1xx_it.o(.text.I2C2_EV_IRQHandler)
    IMU_getAng                               0x08005f85   Thumb Code   154  main.o(.text.IMU_getAng)
    MX_GPIO_Init                             0x08006021   Thumb Code   210  gpio.o(.text.MX_GPIO_Init)
    MX_I2C1_Init                             0x080060f5   Thumb Code    72  i2c.o(.text.MX_I2C1_Init)
    MX_I2C2_Init                             0x0800613d   Thumb Code    72  i2c.o(.text.MX_I2C2_Init)
    MX_TIM1_Init                             0x08006185   Thumb Code   130  tim.o(.text.MX_TIM1_Init)
    MX_TIM2_Init                             0x08006209   Thumb Code   122  tim.o(.text.MX_TIM2_Init)
    MX_TIM3_Init                             0x08006285   Thumb Code   182  tim.o(.text.MX_TIM3_Init)
    MX_TIM4_Init                             0x0800633d   Thumb Code   130  tim.o(.text.MX_TIM4_Init)
    MX_USART1_UART_Init                      0x080063c1   Thumb Code    64  usart.o(.text.MX_USART1_UART_Init)
    MX_USART2_UART_Init                      0x08006401   Thumb Code    64  usart.o(.text.MX_USART2_UART_Init)
    MemManage_Handler                        0x08006441   Thumb Code     4  stm32f1xx_it.o(.text.MemManage_Handler)
    NMI_Handler                              0x08006445   Thumb Code     4  stm32f1xx_it.o(.text.NMI_Handler)
    PID_updInput                             0x080064b5   Thumb Code    94  main.o(.text.PID_updInput)
    PID_updParam                             0x08006515   Thumb Code   124  main.o(.text.PID_updParam)
    PendSV_Handler                           0x08006591   Thumb Code     2  stm32f1xx_it.o(.text.PendSV_Handler)
    SVC_Handler                              0x080065d1   Thumb Code     2  stm32f1xx_it.o(.text.SVC_Handler)
    SysTick_Handler                          0x08006629   Thumb Code     8  stm32f1xx_it.o(.text.SysTick_Handler)
    SystemClock_Config                       0x08006631   Thumb Code   108  main.o(.text.SystemClock_Config)
    SystemInit                               0x0800669d   Thumb Code     2  system_stm32f1xx.o(.text.SystemInit)
    TIM4_IRQHandler                          0x080066a1   Thumb Code    16  stm32f1xx_it.o(.text.TIM4_IRQHandler)
    TIM_Base_SetConfig                       0x080066b1   Thumb Code   262  stm32f1xx_hal_tim.o(.text.TIM_Base_SetConfig)
    TIM_CCxChannelCmd                        0x080067b9   Thumb Code    54  stm32f1xx_hal_tim.o(.text.TIM_CCxChannelCmd)
    TIM_ETR_SetConfig                        0x080067f1   Thumb Code    52  stm32f1xx_hal_tim.o(.text.TIM_ETR_SetConfig)
    TIM_OC2_SetConfig                        0x08006921   Thumb Code   216  stm32f1xx_hal_tim.o(.text.TIM_OC2_SetConfig)
    UART_Start_Receive_IT                    0x08006f11   Thumb Code    98  stm32f1xx_hal_uart.o(.text.UART_Start_Receive_IT)
    USART1_IRQHandler                        0x08007009   Thumb Code    16  stm32f1xx_it.o(.text.USART1_IRQHandler)
    USART2_IRQHandler                        0x08007019   Thumb Code    16  stm32f1xx_it.o(.text.USART2_IRQHandler)
    UsageFault_Handler                       0x08007029   Thumb Code     4  stm32f1xx_it.o(.text.UsageFault_Handler)
    drive_motor                              0x08007105   Thumb Code   278  main.o(.text.drive_motor)
    gc_pid_initialize                        0x0800727d   Thumb Code   150  gc_pid.o(.text.gc_pid_initialize)
    gc_pid_step                              0x08007315   Thumb Code  3186  gc_pid.o(.text.gc_pid_step)
    getMeasurementTimingBudget               0x08007f89   Thumb Code   212  vl53l0x.o(.text.getMeasurementTimingBudget)
    getSequenceStepEnables                   0x0800805d   Thumb Code    78  vl53l0x.o(.text.getSequenceStepEnables)
    getSequenceStepTimeouts                  0x080080ad   Thumb Code   134  vl53l0x.o(.text.getSequenceStepTimeouts)
    getSpadInfo                              0x08008135   Thumb Code   324  vl53l0x.o(.text.getSpadInfo)
    getVcselPulsePeriod                      0x08008279   Thumb Code    82  vl53l0x.o(.text.getVcselPulsePeriod)
    initVL53L0X                              0x080082cd   Thumb Code  1254  vl53l0x.o(.text.initVL53L0X)
    lineTrack_update                         0x080087b5   Thumb Code  1698  main.o(.text.lineTrack_update)
    main                                     0x08008e59   Thumb Code  1594  main.o(.text.main)
    motor_updEcd                             0x08009495   Thumb Code   124  main.o(.text.motor_updEcd)
    motor_updPID                             0x08009511   Thumb Code    84  main.o(.text.motor_updPID)
    performSingleRefCalibration              0x08009565   Thumb Code   144  vl53l0x.o(.text.performSingleRefCalibration)
    readMulti                                0x080095f5   Thumb Code    82  vl53l0x.o(.text.readMulti)
    readRangeContinuousMillimeters           0x08009649   Thumb Code   246  vl53l0x.o(.text.readRangeContinuousMillimeters)
    readReg                                  0x08009741   Thumb Code    94  vl53l0x.o(.text.readReg)
    readReg16Bit                             0x080097a1   Thumb Code    90  vl53l0x.o(.text.readReg16Bit)
    setMeasurementTimingBudget               0x080097fd   Thumb Code   326  vl53l0x.o(.text.setMeasurementTimingBudget)
    setMotor_CCW                             0x08009945   Thumb Code    34  main.o(.text.setMotor_CCW)
    setMotor_CW                              0x08009969   Thumb Code    34  main.o(.text.setMotor_CW)
    setSignalRateLimit                       0x0800998d   Thumb Code    94  vl53l0x.o(.text.setSignalRateLimit)
    setVcselPulsePeriod                      0x080099ed   Thumb Code   678  vl53l0x.o(.text.setVcselPulsePeriod)
    startContinuous                          0x08009c95   Thumb Code   148  vl53l0x.o(.text.startContinuous)
    tof_getDis                               0x08009dad   Thumb Code   152  main.o(.text.tof_getDis)
    tof_init                                 0x08009e45   Thumb Code   130  main.o(.text.tof_init)
    writeMulti                               0x08009ec9   Thumb Code    90  vl53l0x.o(.text.writeMulti)
    writeReg                                 0x08009f25   Thumb Code    84  vl53l0x.o(.text.writeReg)
    writeReg16Bit                            0x08009f79   Thumb Code    88  vl53l0x.o(.text.writeReg16Bit)
    writeReg32Bit                            0x08009fd1   Thumb Code    84  vl53l0x.o(.text.writeReg32Bit)
    __scatterload_copy                       0x0800a025   Thumb Code    14  handlers.o(i.__scatterload_copy)
    __scatterload_null                       0x0800a033   Thumb Code     2  handlers.o(i.__scatterload_null)
    __scatterload_zeroinit                   0x0800a035   Thumb Code    14  handlers.o(i.__scatterload_zeroinit)
    AHBPrescTable                            0x0800a042   Data          16  system_stm32f1xx.o(.rodata.AHBPrescTable)
    APBPrescTable                            0x0800a052   Data           8  system_stm32f1xx.o(.rodata.APBPrescTable)
    Region$$Table$$Base                      0x0800a06c   Number         0  anon$$obj.o(Region$$Table)
    Region$$Table$$Limit                     0x0800a08c   Number         0  anon$$obj.o(Region$$Table)
    CAR_STATE                                0x20000000   Data           1  main.o(.data.CAR_STATE)
    SystemCoreClock                          0x20000004   Data           4  system_stm32f1xx.o(.data.SystemCoreClock)
    g_i2cAddr                                0x20000008   Data           1  vl53l0x.o(.data.g_i2cAddr)
    motor_left                               0x2000000c   Data          44  main.o(.data.motor_left)
    motor_right                              0x20000038   Data          44  main.o(.data.motor_right)
    pid_param                                0x20000064   Data          76  main.o(.data.pid_param)
    rtP                                      0x200000b0   Data         288  gc_pid_data.o(.data.rtP)
    tof_dis1                                 0x200001d0   Data           2  main.o(.data.tof_dis1)
    tof_dis1_l                               0x200001d2   Data           2  main.o(.data.tof_dis1_l)
    tof_dis1_ll                              0x200001d4   Data           2  main.o(.data.tof_dis1_ll)
    tof_dis2                                 0x200001d6   Data           2  main.o(.data.tof_dis2)
    tof_dis2_l                               0x200001d8   Data           2  main.o(.data.tof_dis2_l)
    tof_dis2_ll                              0x200001da   Data           2  main.o(.data.tof_dis2_ll)
    uart1_tx_resetZaxis                      0x200001dc   Data           3  main.o(.data.uart1_tx_resetZaxis)
    uart1_tx_setWidth                        0x200001df   Data           3  main.o(.data.uart1_tx_setWidth)
    uwTickFreq                               0x200001e2   Data           1  stm32f1xx_hal.o(.data.uwTickFreq)
    uwTickPrio                               0x200001e4   Data           4  stm32f1xx_hal.o(.data.uwTickPrio)
    VL53L0X_I2C_Handler                      0x200001e8   Data          84  vl53l0x.o(.bss.VL53L0X_I2C_Handler)
    ang_ori                                  0x2000023c   Data           4  main.o(.bss.ang_ori)
    ang_real                                 0x20000240   Data           4  main.o(.bss.ang_real)
    ang_tar                                  0x20000244   Data           4  main.o(.bss.ang_tar)
    case2_cnt                                0x20000248   Data           2  main.o(.bss.case2_cnt)
    case3_cnt                                0x2000024a   Data           2  main.o(.bss.case3_cnt)
    case4_cnt                                0x2000024c   Data           2  main.o(.bss.case4_cnt)
    case5_cnt                                0x2000024e   Data           2  main.o(.bss.case5_cnt)
    case6_cnt                                0x20000250   Data           2  main.o(.bss.case6_cnt)
    case7_cnt                                0x20000252   Data           2  main.o(.bss.case7_cnt)
    g_ioTimeout                              0x20000254   Data           2  vl53l0x.o(.bss.g_ioTimeout)
    g_isTimeout                              0x20000256   Data           1  vl53l0x.o(.bss.g_isTimeout)
    g_measTimBudUs                           0x20000258   Data           4  vl53l0x.o(.bss.g_measTimBudUs)
    g_stopVariable                           0x2000025c   Data           1  vl53l0x.o(.bss.g_stopVariable)
    g_timeoutStartMs                         0x2000025e   Data           2  vl53l0x.o(.bss.g_timeoutStartMs)
    hi2c1                                    0x20000260   Data          84  i2c.o(.bss.hi2c1)
    hi2c2                                    0x200002b4   Data          84  i2c.o(.bss.hi2c2)
    htim1                                    0x20000308   Data          72  tim.o(.bss.htim1)
    htim2                                    0x20000350   Data          72  tim.o(.bss.htim2)
    htim3                                    0x20000398   Data          72  tim.o(.bss.htim3)
    htim4                                    0x200003e0   Data          72  tim.o(.bss.htim4)
    huart1                                   0x20000428   Data          72  usart.o(.bss.huart1)
    huart2                                   0x20000470   Data          72  usart.o(.bss.huart2)
    i2cStat                                  0x200004b8   Data           1  vl53l0x.o(.bss.i2cStat)
    imu_buffer                               0x200004b9   Data          16  main.o(.bss.imu_buffer)
    imu_cnt                                  0x200004ca   Data           2  main.o(.bss.imu_cnt)
    imu_data                                 0x200004cc   Data          12  main.o(.bss.imu_data)
    line_track                               0x200004d8   Data           4  main.o(.bss.line_track)
    msgBuffer                                0x200004dc   Data           4  vl53l0x.o(.bss.msgBuffer)
    rtDW                                     0x200004e0   Data          64  gc_pid.o(.bss.rtDW)
    rtU                                      0x20000524   Data          36  gc_pid.o(.bss.rtU)
    rtY                                      0x20000548   Data          12  gc_pid.o(.bss.rtY)
    statInfo                                 0x20000554   Data          10  main.o(.bss.statInfo)
    statInfo2                                0x2000055e   Data          10  main.o(.bss.statInfo2)
    stop_cnt                                 0x20000568   Data           2  main.o(.bss.stop_cnt)
    stop_code                                0x2000056a   Data           2  main.o(.bss.stop_code)
    tim4_cnt                                 0x2000056c   Data           4  main.o(.bss.tim4_cnt)
    tmp_tar                                  0x20000570   Data           4  main.o(.bss.tmp_tar)
    tof_cnt                                  0x20000574   Data           2  main.o(.bss.tof_cnt)
    track_state                              0x20000578   Data          32  main.o(.bss.track_state)
    uart1_index                              0x20000598   Data           1  main.o(.bss.uart1_index)
    uart1_rx_buffer                          0x20000599   Data          64  main.o(.bss.uart1_rx_buffer)
    uart2_rx_buffer                          0x200005d9   Data           8  main.o(.bss.uart2_rx_buffer)
    uart_cnt                                 0x200005e4   Data           4  main.o(.bss.uart_cnt)
    uwTick                                   0x200005e8   Data           4  stm32f1xx_hal.o(.bss.uwTick)
    __initial_sp                             0x200009f0   Data           0  startup_stm32f103xb.o(STACK)



==============================================================================

Memory Map of the image

  Image Entry point : 0x080000ed

  Load Region LR_IROM1 (Base: 0x08000000, Size: 0x0000a278, Max: 0x00010000, ABSOLUTE, COMPRESSED[0x0000a130])

    Execution Region ER_IROM1 (Exec base: 0x08000000, Load base: 0x08000000, Size: 0x0000a08c, Max: 0x00010000, ABSOLUTE)

    Exec Addr    Load Addr    Size         Type   Attr      Idx    E Section Name        Object

    0x08000000   0x08000000   0x000000ec   Data   RO            3    RESET               startup_stm32f103xb.o
    0x080000ec   0x080000ec   0x00000000   Code   RO         1417  * .ARM.Collect$$$$00000000  mc_w.l(entry.o)
    0x080000ec   0x080000ec   0x00000004   Code   RO         1454    .ARM.Collect$$$$00000001  mc_w.l(entry2.o)
    0x080000f0   0x080000f0   0x00000004   Code   RO         1457    .ARM.Collect$$$$00000004  mc_w.l(entry5.o)
    0x080000f4   0x080000f4   0x00000000   Code   RO         1459    .ARM.Collect$$$$00000008  mc_w.l(entry7b.o)
    0x080000f4   0x080000f4   0x00000000   Code   RO         1461    .ARM.Collect$$$$0000000A  mc_w.l(entry8b.o)
    0x080000f4   0x080000f4   0x00000008   Code   RO         1462    .ARM.Collect$$$$0000000B  mc_w.l(entry9a.o)
    0x080000fc   0x080000fc   0x00000000   Code   RO         1464    .ARM.Collect$$$$0000000D  mc_w.l(entry10a.o)
    0x080000fc   0x080000fc   0x00000000   Code   RO         1466    .ARM.Collect$$$$0000000F  mc_w.l(entry11a.o)
    0x080000fc   0x080000fc   0x00000004   Code   RO         1455    .ARM.Collect$$$$00002712  mc_w.l(entry2.o)
    0x08000100   0x08000100   0x00000024   Code   RO            4    .text               startup_stm32f103xb.o
    0x08000124   0x08000124   0x00000024   Code   RO         1420    .text               mc_w.l(memcpya.o)
    0x08000148   0x08000148   0x00000024   Code   RO         1422    .text               mc_w.l(memseta.o)
    0x0800016c   0x0800016c   0x000000b0   Code   RO         1426    .text               mf_w.l(fadd.o)
    0x0800021c   0x0800021c   0x00000064   Code   RO         1428    .text               mf_w.l(fmul.o)
    0x08000280   0x08000280   0x0000007c   Code   RO         1430    .text               mf_w.l(fdiv.o)
    0x080002fc   0x080002fc   0x0000014e   Code   RO         1432    .text               mf_w.l(dadd.o)
    0x0800044a   0x0800044a   0x0000001c   Code   RO         1434    .text               mf_w.l(fcmple.o)
    0x08000466   0x08000466   0x0000001c   Code   RO         1436    .text               mf_w.l(fcmplt.o)
    0x08000482   0x08000482   0x0000001c   Code   RO         1438    .text               mf_w.l(fcmpge.o)
    0x0800049e   0x0800049e   0x0000001c   Code   RO         1440    .text               mf_w.l(fcmpeq.o)
    0x080004ba   0x080004ba   0x00000036   Code   RO         1442    .text               mf_w.l(dcmple.o)
    0x080004f0   0x080004f0   0x00000012   Code   RO         1444    .text               mf_w.l(fflti.o)
    0x08000502   0x08000502   0x0000000a   Code   RO         1446    .text               mf_w.l(ffltui.o)
    0x0800050c   0x0800050c   0x00000032   Code   RO         1448    .text               mf_w.l(ffixi.o)
    0x0800053e   0x0800053e   0x00000026   Code   RO         1450    .text               mf_w.l(f2d.o)
    0x08000564   0x08000564   0x00000038   Code   RO         1452    .text               mf_w.l(d2f.o)
    0x0800059c   0x0800059c   0x0000001e   Code   RO         1468    .text               mc_w.l(llshl.o)
    0x080005ba   0x080005ba   0x00000024   Code   RO         1470    .text               mc_w.l(llsshr.o)
    0x080005de   0x080005de   0x00000000   Code   RO         1472    .text               mc_w.l(iusefp.o)
    0x080005de   0x080005de   0x0000006e   Code   RO         1473    .text               mf_w.l(fepilogue.o)
    0x0800064c   0x0800064c   0x000000ba   Code   RO         1475    .text               mf_w.l(depilogue.o)
    0x08000706   0x08000706   0x00000002   PAD
    0x08000708   0x08000708   0x00000030   Code   RO         1477    .text               mc_w.l(init.o)
    0x08000738   0x08000738   0x00000020   Code   RO         1479    .text               mc_w.l(llushr.o)
    0x08000758   0x08000758   0x00000056   Code   RO         1489    .text               mc_w.l(__dczerorl2.o)
    0x080007ae   0x080007ae   0x00000002   PAD
    0x080007b0   0x080007b0   0x00000004   Code   RO          176    .text.BusFault_Handler  stm32f1xx_it.o
    0x080007b4   0x080007b4   0x00000044   Code   RO           17    .text.CRC_check     main.o
    0x080007f8   0x080007f8   0x00000002   Code   RO          182    .text.DebugMon_Handler  stm32f1xx_it.o
    0x080007fa   0x080007fa   0x00000002   PAD
    0x080007fc   0x080007fc   0x0000000e   Code   RO           41    .text.Error_Handler  main.o
    0x0800080a   0x0800080a   0x00000002   PAD
    0x0800080c   0x0800080c   0x0000007c   Code   RO          548    .text.HAL_DMA_Abort  stm32f1xx_hal_dma.o
    0x08000888   0x08000888   0x0000011c   Code   RO          550    .text.HAL_DMA_Abort_IT  stm32f1xx_hal_dma.o
    0x080009a4   0x080009a4   0x0000000e   Code   RO          560    .text.HAL_DMA_GetState  stm32f1xx_hal_dma.o
    0x080009b2   0x080009b2   0x00000002   PAD
    0x080009b4   0x080009b4   0x00000042   Code   RO          421    .text.HAL_Delay     stm32f1xx_hal.o
    0x080009f6   0x080009f6   0x00000002   PAD
    0x080009f8   0x080009f8   0x0000031e   Code   RO          515    .text.HAL_GPIO_Init  stm32f1xx_hal_gpio.o
    0x08000d16   0x08000d16   0x00000002   PAD
    0x08000d18   0x08000d18   0x0000002e   Code   RO          519    .text.HAL_GPIO_ReadPin  stm32f1xx_hal_gpio.o
    0x08000d46   0x08000d46   0x00000002   PAD
    0x08000d48   0x08000d48   0x0000002e   Code   RO          521    .text.HAL_GPIO_WritePin  stm32f1xx_hal_gpio.o
    0x08000d76   0x08000d76   0x00000002   PAD
    0x08000d78   0x08000d78   0x0000000c   Code   RO          413    .text.HAL_GetTick   stm32f1xx_hal.o
    0x08000d84   0x08000d84   0x00000008   Code   RO          378    .text.HAL_I2C_AbortCpltCallback  stm32f1xx_hal_i2c.o
    0x08000d8c   0x08000d8c   0x00000010   Code   RO          368    .text.HAL_I2C_AddrCallback  stm32f1xx_hal_i2c.o
    0x08000d9c   0x08000d9c   0x00000186   Code   RO          356    .text.HAL_I2C_ER_IRQHandler  stm32f1xx_hal_i2c.o
    0x08000f22   0x08000f22   0x00000002   PAD
    0x08000f24   0x08000f24   0x000003ca   Code   RO          324    .text.HAL_I2C_EV_IRQHandler  stm32f1xx_hal_i2c.o
    0x080012ee   0x080012ee   0x00000002   PAD
    0x080012f0   0x080012f0   0x00000008   Code   RO          376    .text.HAL_I2C_ErrorCallback  stm32f1xx_hal_i2c.o
    0x080012f8   0x080012f8   0x000002a4   Code   RO          230    .text.HAL_I2C_Init  stm32f1xx_hal_i2c.o
    0x0800159c   0x0800159c   0x00000008   Code   RO          370    .text.HAL_I2C_ListenCpltCallback  stm32f1xx_hal_i2c.o
    0x080015a4   0x080015a4   0x00000008   Code   RO          362    .text.HAL_I2C_MasterRxCpltCallback  stm32f1xx_hal_i2c.o
    0x080015ac   0x080015ac   0x00000008   Code   RO          360    .text.HAL_I2C_MasterTxCpltCallback  stm32f1xx_hal_i2c.o
    0x080015b4   0x080015b4   0x00000008   Code   RO          374    .text.HAL_I2C_MemRxCpltCallback  stm32f1xx_hal_i2c.o
    0x080015bc   0x080015bc   0x00000008   Code   RO          372    .text.HAL_I2C_MemTxCpltCallback  stm32f1xx_hal_i2c.o
    0x080015c4   0x080015c4   0x000004e2   Code   RO          284    .text.HAL_I2C_Mem_Read  stm32f1xx_hal_i2c.o
    0x08001aa6   0x08001aa6   0x00000002   PAD
    0x08001aa8   0x08001aa8   0x00000214   Code   RO          280    .text.HAL_I2C_Mem_Write  stm32f1xx_hal_i2c.o
    0x08001cbc   0x08001cbc   0x0000015c   Code   RO          107    .text.HAL_I2C_MspInit  i2c.o
    0x08001e18   0x08001e18   0x00000008   Code   RO          366    .text.HAL_I2C_SlaveRxCpltCallback  stm32f1xx_hal_i2c.o
    0x08001e20   0x08001e20   0x00000008   Code   RO          364    .text.HAL_I2C_SlaveTxCpltCallback  stm32f1xx_hal_i2c.o
    0x08001e28   0x08001e28   0x0000001a   Code   RO          411    .text.HAL_IncTick   stm32f1xx_hal.o
    0x08001e42   0x08001e42   0x00000002   PAD
    0x08001e44   0x08001e44   0x00000026   Code   RO          401    .text.HAL_Init      stm32f1xx_hal.o
    0x08001e6a   0x08001e6a   0x00000002   PAD
    0x08001e6c   0x08001e6c   0x00000070   Code   RO          403    .text.HAL_InitTick  stm32f1xx_hal.o
    0x08001edc   0x08001edc   0x00000064   Code   RO          209    .text.HAL_MspInit   stm32f1xx_hal_msp.o
    0x08001f40   0x08001f40   0x00000014   Code   RO          583    .text.HAL_NVIC_EnableIRQ  stm32f1xx_hal_cortex.o
    0x08001f54   0x08001f54   0x00000032   Code   RO          575    .text.HAL_NVIC_SetPriority  stm32f1xx_hal_cortex.o
    0x08001f86   0x08001f86   0x00000002   PAD
    0x08001f88   0x08001f88   0x00000010   Code   RO          571    .text.HAL_NVIC_SetPriorityGrouping  stm32f1xx_hal_cortex.o
    0x08001f98   0x08001f98   0x00000256   Code   RO          467    .text.HAL_RCC_ClockConfig  stm32f1xx_hal_rcc.o
    0x080021ee   0x080021ee   0x00000002   PAD
    0x080021f0   0x080021f0   0x0000000c   Code   RO          477    .text.HAL_RCC_GetHCLKFreq  stm32f1xx_hal_rcc.o
    0x080021fc   0x080021fc   0x00000022   Code   RO          479    .text.HAL_RCC_GetPCLK1Freq  stm32f1xx_hal_rcc.o
    0x0800221e   0x0800221e   0x00000002   PAD
    0x08002220   0x08002220   0x00000022   Code   RO          481    .text.HAL_RCC_GetPCLK2Freq  stm32f1xx_hal_rcc.o
    0x08002242   0x08002242   0x00000002   PAD
    0x08002244   0x08002244   0x000000bc   Code   RO          469    .text.HAL_RCC_GetSysClockFreq  stm32f1xx_hal_rcc.o
    0x08002300   0x08002300   0x0000067a   Code   RO          463    .text.HAL_RCC_OscConfig  stm32f1xx_hal_rcc.o
    0x0800297a   0x0800297a   0x00000002   PAD
    0x0800297c   0x0800297c   0x00000010   Code   RO          595    .text.HAL_SYSTICK_Config  stm32f1xx_hal_cortex.o
    0x0800298c   0x0800298c   0x00000008   Code   RO         1102    .text.HAL_TIMEx_BreakCallback  stm32f1xx_hal_tim_ex.o
    0x08002994   0x08002994   0x00000008   Code   RO         1098    .text.HAL_TIMEx_CommutCallback  stm32f1xx_hal_tim_ex.o
    0x0800299c   0x0800299c   0x000000dc   Code   RO         1092    .text.HAL_TIMEx_MasterConfigSynchronization  stm32f1xx_hal_tim_ex.o
    0x08002a78   0x08002a78   0x0000009c   Code   RO          779    .text.HAL_TIM_Base_Init  stm32f1xx_hal_tim.o
    0x08002b14   0x08002b14   0x0000004e   Code   RO          134    .text.HAL_TIM_Base_MspInit  tim.o
    0x08002b62   0x08002b62   0x00000002   PAD
    0x08002b64   0x08002b64   0x000000b0   Code   RO          793    .text.HAL_TIM_Base_Start_IT  stm32f1xx_hal_tim.o
    0x08002c14   0x08002c14   0x00000184   Code   RO          971    .text.HAL_TIM_ConfigClockSource  stm32f1xx_hal_tim.o
    0x08002d98   0x08002d98   0x00000128   Code   RO          893    .text.HAL_TIM_Encoder_Init  stm32f1xx_hal_tim.o
    0x08002ec0   0x08002ec0   0x00000104   Code   RO          130    .text.HAL_TIM_Encoder_MspInit  tim.o
    0x08002fc4   0x08002fc4   0x0000014e   Code   RO          901    .text.HAL_TIM_Encoder_Start  stm32f1xx_hal_tim.o
    0x08003112   0x08003112   0x00000002   PAD
    0x08003114   0x08003114   0x00000008   Code   RO          915    .text.HAL_TIM_IC_CaptureCallback  stm32f1xx_hal_tim.o
    0x0800311c   0x0800311c   0x0000021a   Code   RO          913    .text.HAL_TIM_IRQHandler  stm32f1xx_hal_tim.o
    0x08003336   0x08003336   0x00000002   PAD
    0x08003338   0x08003338   0x0000005e   Code   RO          126    .text.HAL_TIM_MspPostInit  tim.o
    0x08003396   0x08003396   0x00000002   PAD
    0x08003398   0x08003398   0x00000008   Code   RO          917    .text.HAL_TIM_OC_DelayElapsedCallback  stm32f1xx_hal_tim.o
    0x080033a0   0x080033a0   0x00000142   Code   RO          945    .text.HAL_TIM_PWM_ConfigChannel  stm32f1xx_hal_tim.o
    0x080034e2   0x080034e2   0x00000002   PAD
    0x080034e4   0x080034e4   0x0000009c   Code   RO          833    .text.HAL_TIM_PWM_Init  stm32f1xx_hal_tim.o
    0x08003580   0x08003580   0x0000003a   Code   RO          132    .text.HAL_TIM_PWM_MspInit  tim.o
    0x080035ba   0x080035ba   0x00000002   PAD
    0x080035bc   0x080035bc   0x00000008   Code   RO          919    .text.HAL_TIM_PWM_PulseFinishedCallback  stm32f1xx_hal_tim.o
    0x080035c4   0x080035c4   0x00000160   Code   RO          841    .text.HAL_TIM_PWM_Start  stm32f1xx_hal_tim.o
    0x08003724   0x08003724   0x00000254   Code   RO           45    .text.HAL_TIM_PeriodElapsedCallback  main.o
    0x08003978   0x08003978   0x00000008   Code   RO          923    .text.HAL_TIM_TriggerCallback  stm32f1xx_hal_tim.o
    0x08003980   0x08003980   0x0000000c   Code   RO         1207    .text.HAL_UARTEx_RxEventCallback  stm32f1xx_hal_uart.o
    0x0800398c   0x0800398c   0x00000008   Code   RO         1205    .text.HAL_UART_ErrorCallback  stm32f1xx_hal_uart.o
    0x08003994   0x08003994   0x0000042a   Code   RO         1199    .text.HAL_UART_IRQHandler  stm32f1xx_hal_uart.o
    0x08003dbe   0x08003dbe   0x00000002   PAD
    0x08003dc0   0x08003dc0   0x0000009e   Code   RO         1115    .text.HAL_UART_Init  stm32f1xx_hal_uart.o
    0x08003e5e   0x08003e5e   0x00000002   PAD
    0x08003e60   0x08003e60   0x0000015e   Code   RO          157    .text.HAL_UART_MspInit  usart.o
    0x08003fbe   0x08003fbe   0x00000002   PAD
    0x08003fc0   0x08003fc0   0x00000056   Code   RO         1139    .text.HAL_UART_Receive_IT  stm32f1xx_hal_uart.o
    0x08004016   0x08004016   0x00000002   PAD
    0x08004018   0x08004018   0x000001ee   Code   RO           43    .text.HAL_UART_RxCpltCallback  main.o
    0x08004206   0x08004206   0x00000002   PAD
    0x08004208   0x08004208   0x00000072   Code   RO         1137    .text.HAL_UART_Transmit_IT  stm32f1xx_hal_uart.o
    0x0800427a   0x0800427a   0x00000002   PAD
    0x0800427c   0x0800427c   0x00000008   Code   RO         1213    .text.HAL_UART_TxCpltCallback  stm32f1xx_hal_uart.o
    0x08004284   0x08004284   0x00000004   Code   RO          172    .text.HardFault_Handler  stm32f1xx_it.o
    0x08004288   0x08004288   0x00000010   Code   RO          192    .text.I2C1_ER_IRQHandler  stm32f1xx_it.o
    0x08004298   0x08004298   0x00000010   Code   RO          190    .text.I2C1_EV_IRQHandler  stm32f1xx_it.o
    0x080042a8   0x080042a8   0x00000010   Code   RO          196    .text.I2C2_ER_IRQHandler  stm32f1xx_it.o
    0x080042b8   0x080042b8   0x00000010   Code   RO          194    .text.I2C2_EV_IRQHandler  stm32f1xx_it.o
    0x080042c8   0x080042c8   0x00000034   Code   RO          326    .text.I2C_ConvertOtherXferOptions  stm32f1xx_hal_i2c.o
    0x080042fc   0x080042fc   0x00000156   Code   RO          310    .text.I2C_DMAAbort  stm32f1xx_hal_i2c.o
    0x08004452   0x08004452   0x00000002   PAD
    0x08004454   0x08004454   0x00000024   Code   RO          386    .text.I2C_Flush_DR  stm32f1xx_hal_i2c.o
    0x08004478   0x08004478   0x0000027c   Code   RO          322    .text.I2C_ITError   stm32f1xx_hal_i2c.o
    0x080046f4   0x080046f4   0x00000064   Code   RO          392    .text.I2C_IsAcknowledgeFailed  stm32f1xx_hal_i2c.o
    0x08004758   0x08004758   0x000001ac   Code   RO          342    .text.I2C_MasterReceive_BTF  stm32f1xx_hal_i2c.o
    0x08004904   0x08004904   0x0000016a   Code   RO          340    .text.I2C_MasterReceive_RXNE  stm32f1xx_hal_i2c.o
    0x08004a6e   0x08004a6e   0x00000002   PAD
    0x08004a70   0x08004a70   0x000000de   Code   RO          336    .text.I2C_MasterTransmit_BTF  stm32f1xx_hal_i2c.o
    0x08004b4e   0x08004b4e   0x00000002   PAD
    0x08004b50   0x08004b50   0x0000013e   Code   RO          334    .text.I2C_MasterTransmit_TXE  stm32f1xx_hal_i2c.o
    0x08004c8e   0x08004c8e   0x00000002   PAD
    0x08004c90   0x08004c90   0x00000046   Code   RO          330    .text.I2C_Master_ADD10  stm32f1xx_hal_i2c.o
    0x08004cd6   0x08004cd6   0x00000002   PAD
    0x08004cd8   0x08004cd8   0x00000358   Code   RO          332    .text.I2C_Master_ADDR  stm32f1xx_hal_i2c.o
    0x08005030   0x08005030   0x000000f0   Code   RO          328    .text.I2C_Master_SB  stm32f1xx_hal_i2c.o
    0x08005120   0x08005120   0x00000128   Code   RO          338    .text.I2C_MemoryTransmit_TXE_BTF  stm32f1xx_hal_i2c.o
    0x08005248   0x08005248   0x000001e2   Code   RO          286    .text.I2C_RequestMemoryRead  stm32f1xx_hal_i2c.o
    0x0800542a   0x0800542a   0x00000002   PAD
    0x0800542c   0x0800542c   0x0000013a   Code   RO          282    .text.I2C_RequestMemoryWrite  stm32f1xx_hal_i2c.o
    0x08005566   0x08005566   0x00000002   PAD
    0x08005568   0x08005568   0x0000002e   Code   RO          354    .text.I2C_SlaveReceive_BTF  stm32f1xx_hal_i2c.o
    0x08005596   0x08005596   0x00000002   PAD
    0x08005598   0x08005598   0x0000006e   Code   RO          352    .text.I2C_SlaveReceive_RXNE  stm32f1xx_hal_i2c.o
    0x08005606   0x08005606   0x00000002   PAD
    0x08005608   0x08005608   0x0000002c   Code   RO          350    .text.I2C_SlaveTransmit_BTF  stm32f1xx_hal_i2c.o
    0x08005634   0x08005634   0x0000006c   Code   RO          348    .text.I2C_SlaveTransmit_TXE  stm32f1xx_hal_i2c.o
    0x080056a0   0x080056a0   0x000000ae   Code   RO          344    .text.I2C_Slave_ADDR  stm32f1xx_hal_i2c.o
    0x0800574e   0x0800574e   0x00000002   PAD
    0x08005750   0x08005750   0x000000e4   Code   RO          358    .text.I2C_Slave_AF  stm32f1xx_hal_i2c.o
    0x08005834   0x08005834   0x0000024a   Code   RO          346    .text.I2C_Slave_STOPF  stm32f1xx_hal_i2c.o
    0x08005a7e   0x08005a7e   0x00000002   PAD
    0x08005a80   0x08005a80   0x000000ac   Code   RO          246    .text.I2C_WaitOnBTFFlagUntilTimeout  stm32f1xx_hal_i2c.o
    0x08005b2c   0x08005b2c   0x00000108   Code   RO          240    .text.I2C_WaitOnFlagUntilTimeout  stm32f1xx_hal_i2c.o
    0x08005c34   0x08005c34   0x00000154   Code   RO          390    .text.I2C_WaitOnMasterAddressFlagUntilTimeout  stm32f1xx_hal_i2c.o
    0x08005d88   0x08005d88   0x000000dc   Code   RO          252    .text.I2C_WaitOnRXNEFlagUntilTimeout  stm32f1xx_hal_i2c.o
    0x08005e64   0x08005e64   0x00000078   Code   RO          388    .text.I2C_WaitOnSTOPRequestThroughIT  stm32f1xx_hal_i2c.o
    0x08005edc   0x08005edc   0x000000a8   Code   RO          244    .text.I2C_WaitOnTXEFlagUntilTimeout  stm32f1xx_hal_i2c.o
    0x08005f84   0x08005f84   0x0000009a   Code   RO           19    .text.IMU_getAng    main.o
    0x0800601e   0x0800601e   0x00000002   PAD
    0x08006020   0x08006020   0x000000d2   Code   RO           95    .text.MX_GPIO_Init  gpio.o
    0x080060f2   0x080060f2   0x00000002   PAD
    0x080060f4   0x080060f4   0x00000048   Code   RO          103    .text.MX_I2C1_Init  i2c.o
    0x0800613c   0x0800613c   0x00000048   Code   RO          105    .text.MX_I2C2_Init  i2c.o
    0x08006184   0x08006184   0x00000082   Code   RO          120    .text.MX_TIM1_Init  tim.o
    0x08006206   0x08006206   0x00000002   PAD
    0x08006208   0x08006208   0x0000007a   Code   RO          122    .text.MX_TIM2_Init  tim.o
    0x08006282   0x08006282   0x00000002   PAD
    0x08006284   0x08006284   0x000000b6   Code   RO          124    .text.MX_TIM3_Init  tim.o
    0x0800633a   0x0800633a   0x00000002   PAD
    0x0800633c   0x0800633c   0x00000082   Code   RO          128    .text.MX_TIM4_Init  tim.o
    0x080063be   0x080063be   0x00000002   PAD
    0x080063c0   0x080063c0   0x00000040   Code   RO          153    .text.MX_USART1_UART_Init  usart.o
    0x08006400   0x08006400   0x00000040   Code   RO          155    .text.MX_USART2_UART_Init  usart.o
    0x08006440   0x08006440   0x00000004   Code   RO          174    .text.MemManage_Handler  stm32f1xx_it.o
    0x08006444   0x08006444   0x00000004   Code   RO          170    .text.NMI_Handler   stm32f1xx_it.o
    0x08006448   0x08006448   0x0000006c   Code   RO          581    .text.NVIC_EncodePriority  stm32f1xx_hal_cortex.o
    0x080064b4   0x080064b4   0x0000005e   Code   RO           15    .text.PID_updInput  main.o
    0x08006512   0x08006512   0x00000002   PAD
    0x08006514   0x08006514   0x0000007c   Code   RO           13    .text.PID_updParam  main.o
    0x08006590   0x08006590   0x00000002   Code   RO          184    .text.PendSV_Handler  stm32f1xx_it.o
    0x08006592   0x08006592   0x00000002   PAD
    0x08006594   0x08006594   0x0000003a   Code   RO          465    .text.RCC_Delay     stm32f1xx_hal_rcc.o
    0x080065ce   0x080065ce   0x00000002   PAD
    0x080065d0   0x080065d0   0x00000002   Code   RO          180    .text.SVC_Handler   stm32f1xx_it.o
    0x080065d2   0x080065d2   0x00000002   PAD
    0x080065d4   0x080065d4   0x00000052   Code   RO          597    .text.SysTick_Config  stm32f1xx_hal_cortex.o
    0x08006626   0x08006626   0x00000002   PAD
    0x08006628   0x08006628   0x00000008   Code   RO          186    .text.SysTick_Handler  stm32f1xx_it.o
    0x08006630   0x08006630   0x0000006c   Code   RO           39    .text.SystemClock_Config  main.o
    0x0800669c   0x0800669c   0x00000002   Code   RO         1246    .text.SystemInit    system_stm32f1xx.o
    0x0800669e   0x0800669e   0x00000002   PAD
    0x080066a0   0x080066a0   0x00000010   Code   RO          188    .text.TIM4_IRQHandler  stm32f1xx_it.o
    0x080066b0   0x080066b0   0x00000106   Code   RO          783    .text.TIM_Base_SetConfig  stm32f1xx_hal_tim.o
    0x080067b6   0x080067b6   0x00000002   PAD
    0x080067b8   0x080067b8   0x00000036   Code   RO          817    .text.TIM_CCxChannelCmd  stm32f1xx_hal_tim.o
    0x080067ee   0x080067ee   0x00000002   PAD
    0x080067f0   0x080067f0   0x00000034   Code   RO          969    .text.TIM_ETR_SetConfig  stm32f1xx_hal_tim.o
    0x08006824   0x08006824   0x0000002a   Code   RO          975    .text.TIM_ITRx_SetConfig  stm32f1xx_hal_tim.o
    0x0800684e   0x0800684e   0x00000002   PAD
    0x08006850   0x08006850   0x000000ce   Code   RO          927    .text.TIM_OC1_SetConfig  stm32f1xx_hal_tim.o
    0x0800691e   0x0800691e   0x00000002   PAD
    0x08006920   0x08006920   0x000000d8   Code   RO          929    .text.TIM_OC2_SetConfig  stm32f1xx_hal_tim.o
    0x080069f8   0x080069f8   0x000000d6   Code   RO          931    .text.TIM_OC3_SetConfig  stm32f1xx_hal_tim.o
    0x08006ace   0x08006ace   0x00000002   PAD
    0x08006ad0   0x08006ad0   0x00000096   Code   RO          933    .text.TIM_OC4_SetConfig  stm32f1xx_hal_tim.o
    0x08006b66   0x08006b66   0x00000002   PAD
    0x08006b68   0x08006b68   0x00000050   Code   RO          973    .text.TIM_TI1_ConfigInputStage  stm32f1xx_hal_tim.o
    0x08006bb8   0x08006bb8   0x00000052   Code   RO          977    .text.TIM_TI2_ConfigInputStage  stm32f1xx_hal_tim.o
    0x08006c0a   0x08006c0a   0x00000002   PAD
    0x08006c0c   0x08006c0c   0x00000020   Code   RO         1203    .text.UART_DMAAbortOnError  stm32f1xx_hal_uart.o
    0x08006c2c   0x08006c2c   0x00000094   Code   RO         1163    .text.UART_EndRxTransfer  stm32f1xx_hal_uart.o
    0x08006cc0   0x08006cc0   0x00000026   Code   RO         1211    .text.UART_EndTransmit_IT  stm32f1xx_hal_uart.o
    0x08006ce6   0x08006ce6   0x00000002   PAD
    0x08006ce8   0x08006ce8   0x0000016a   Code   RO         1201    .text.UART_Receive_IT  stm32f1xx_hal_uart.o
    0x08006e52   0x08006e52   0x00000002   PAD
    0x08006e54   0x08006e54   0x000000ba   Code   RO         1119    .text.UART_SetConfig  stm32f1xx_hal_uart.o
    0x08006f0e   0x08006f0e   0x00000002   PAD
    0x08006f10   0x08006f10   0x00000062   Code   RO         1141    .text.UART_Start_Receive_IT  stm32f1xx_hal_uart.o
    0x08006f72   0x08006f72   0x00000002   PAD
    0x08006f74   0x08006f74   0x00000094   Code   RO         1209    .text.UART_Transmit_IT  stm32f1xx_hal_uart.o
    0x08007008   0x08007008   0x00000010   Code   RO          198    .text.USART1_IRQHandler  stm32f1xx_it.o
    0x08007018   0x08007018   0x00000010   Code   RO          200    .text.USART2_IRQHandler  stm32f1xx_it.o
    0x08007028   0x08007028   0x00000004   Code   RO          178    .text.UsageFault_Handler  stm32f1xx_it.o
    0x0800702c   0x0800702c   0x00000030   Code   RO          585    .text.__NVIC_EnableIRQ  stm32f1xx_hal_cortex.o
    0x0800705c   0x0800705c   0x00000010   Code   RO          577    .text.__NVIC_GetPriorityGrouping  stm32f1xx_hal_cortex.o
    0x0800706c   0x0800706c   0x00000042   Code   RO          579    .text.__NVIC_SetPriority  stm32f1xx_hal_cortex.o
    0x080070ae   0x080070ae   0x00000002   PAD
    0x080070b0   0x080070b0   0x0000003c   Code   RO          573    .text.__NVIC_SetPriorityGrouping  stm32f1xx_hal_cortex.o
    0x080070ec   0x080070ec   0x00000018   Code   RO         1322    .text.decodeTimeout  vl53l0x.o
    0x08007104   0x08007104   0x00000116   Code   RO           29    .text.drive_motor   main.o
    0x0800721a   0x0800721a   0x00000002   PAD
    0x0800721c   0x0800721c   0x0000005e   Code   RO         1300    .text.encodeTimeout  vl53l0x.o
    0x0800727a   0x0800727a   0x00000002   PAD
    0x0800727c   0x0800727c   0x00000096   Code   RO         1342    .text.gc_pid_initialize  gc_pid.o
    0x08007312   0x08007312   0x00000002   PAD
    0x08007314   0x08007314   0x00000c72   Code   RO         1340    .text.gc_pid_step   gc_pid.o
    0x08007f86   0x08007f86   0x00000002   PAD
    0x08007f88   0x08007f88   0x000000d4   Code   RO         1286    .text.getMeasurementTimingBudget  vl53l0x.o
    0x0800805c   0x0800805c   0x0000004e   Code   RO         1294    .text.getSequenceStepEnables  vl53l0x.o
    0x080080aa   0x080080aa   0x00000002   PAD
    0x080080ac   0x080080ac   0x00000086   Code   RO         1296    .text.getSequenceStepTimeouts  vl53l0x.o
    0x08008132   0x08008132   0x00000002   PAD
    0x08008134   0x08008134   0x00000144   Code   RO         1284    .text.getSpadInfo   vl53l0x.o
    0x08008278   0x08008278   0x00000052   Code   RO         1304    .text.getVcselPulsePeriod  vl53l0x.o
    0x080082ca   0x080082ca   0x00000002   PAD
    0x080082cc   0x080082cc   0x000004e6   Code   RO         1280    .text.initVL53L0X   vl53l0x.o
    0x080087b2   0x080087b2   0x00000002   PAD
    0x080087b4   0x080087b4   0x000006a2   Code   RO           35    .text.lineTrack_update  main.o
    0x08008e56   0x08008e56   0x00000002   PAD
    0x08008e58   0x08008e58   0x0000063a   Code   RO           37    .text.main          main.o
    0x08009492   0x08009492   0x00000002   PAD
    0x08009494   0x08009494   0x0000007c   Code   RO           11    .text.motor_updEcd  main.o
    0x08009510   0x08009510   0x00000054   Code   RO           33    .text.motor_updPID  main.o
    0x08009564   0x08009564   0x00000090   Code   RO         1290    .text.performSingleRefCalibration  vl53l0x.o
    0x080095f4   0x080095f4   0x00000052   Code   RO         1274    .text.readMulti     vl53l0x.o
    0x08009646   0x08009646   0x00000002   PAD
    0x08009648   0x08009648   0x000000f6   Code   RO         1310    .text.readRangeContinuousMillimeters  vl53l0x.o
    0x0800973e   0x0800973e   0x00000002   PAD
    0x08009740   0x08009740   0x0000005e   Code   RO         1266    .text.readReg       vl53l0x.o
    0x0800979e   0x0800979e   0x00000002   PAD
    0x080097a0   0x080097a0   0x0000005a   Code   RO         1268    .text.readReg16Bit  vl53l0x.o
    0x080097fa   0x080097fa   0x00000002   PAD
    0x080097fc   0x080097fc   0x00000146   Code   RO         1288    .text.setMeasurementTimingBudget  vl53l0x.o
    0x08009942   0x08009942   0x00000002   PAD
    0x08009944   0x08009944   0x00000022   Code   RO           27    .text.setMotor_CCW  main.o
    0x08009966   0x08009966   0x00000002   PAD
    0x08009968   0x08009968   0x00000022   Code   RO           25    .text.setMotor_CW   main.o
    0x0800998a   0x0800998a   0x00000002   PAD
    0x0800998c   0x0800998c   0x0000005e   Code   RO         1282    .text.setSignalRateLimit  vl53l0x.o
    0x080099ea   0x080099ea   0x00000002   PAD
    0x080099ec   0x080099ec   0x000002a6   Code   RO         1302    .text.setVcselPulsePeriod  vl53l0x.o
    0x08009c92   0x08009c92   0x00000002   PAD
    0x08009c94   0x08009c94   0x00000094   Code   RO         1306    .text.startContinuous  vl53l0x.o
    0x08009d28   0x08009d28   0x00000042   Code   RO         1320    .text.timeoutMclksToMicroseconds  vl53l0x.o
    0x08009d6a   0x08009d6a   0x00000002   PAD
    0x08009d6c   0x08009d6c   0x00000040   Code   RO         1298    .text.timeoutMicrosecondsToMclks  vl53l0x.o
    0x08009dac   0x08009dac   0x00000098   Code   RO           23    .text.tof_getDis    main.o
    0x08009e44   0x08009e44   0x00000082   Code   RO           21    .text.tof_init      main.o
    0x08009ec6   0x08009ec6   0x00000002   PAD
    0x08009ec8   0x08009ec8   0x0000005a   Code   RO         1272    .text.writeMulti    vl53l0x.o
    0x08009f22   0x08009f22   0x00000002   PAD
    0x08009f24   0x08009f24   0x00000054   Code   RO         1260    .text.writeReg      vl53l0x.o
    0x08009f78   0x08009f78   0x00000058   Code   RO         1262    .text.writeReg16Bit  vl53l0x.o
    0x08009fd0   0x08009fd0   0x00000054   Code   RO         1264    .text.writeReg32Bit  vl53l0x.o
    0x0800a024   0x0800a024   0x0000000e   Code   RO         1483    i.__scatterload_copy  mc_w.l(handlers.o)
    0x0800a032   0x0800a032   0x00000002   Code   RO         1484    i.__scatterload_null  mc_w.l(handlers.o)
    0x0800a034   0x0800a034   0x0000000e   Code   RO         1485    i.__scatterload_zeroinit  mc_w.l(handlers.o)
    0x0800a042   0x0800a042   0x00000010   Data   RO         1251    .rodata.AHBPrescTable  system_stm32f1xx.o
    0x0800a052   0x0800a052   0x00000008   Data   RO         1252    .rodata.APBPrescTable  system_stm32f1xx.o
    0x0800a05a   0x0800a05a   0x00000010   Data   RO          491    .rodata.HAL_RCC_GetSysClockFreq.aPLLMULFactorTable  stm32f1xx_hal_rcc.o
    0x0800a06a   0x0800a06a   0x00000002   Data   RO          492    .rodata.HAL_RCC_GetSysClockFreq.aPredivFactorTable  stm32f1xx_hal_rcc.o
    0x0800a06c   0x0800a06c   0x00000020   Data   RO         1482    Region$$Table       anon$$obj.o


    Execution Region RW_IRAM1 (Exec base: 0x20000000, Load base: 0x0800a090, Size: 0x000009f0, Max: 0x00005000, ABSOLUTE, COMPRESSED[0x000000a0])

    Exec Addr    Load Addr    Size         Type   Attr      Idx    E Section Name        Object

    0x20000000   COMPRESSED   0x00000001   Data   RW           65    .data.CAR_STATE     main.o
    0x20000001   COMPRESSED   0x00000003   PAD
    0x20000004   COMPRESSED   0x00000004   Data   RW         1250    .data.SystemCoreClock  system_stm32f1xx.o
    0x20000008   COMPRESSED   0x00000001   Data   RW         1324    .data.g_i2cAddr     vl53l0x.o
    0x20000009   COMPRESSED   0x00000003   PAD
    0x2000000c   COMPRESSED   0x0000002c   Data   RW           61    .data.motor_left    main.o
    0x20000038   COMPRESSED   0x0000002c   Data   RW           62    .data.motor_right   main.o
    0x20000064   COMPRESSED   0x0000004c   Data   RW           60    .data.pid_param     main.o
    0x200000b0   COMPRESSED   0x00000120   Data   RW         1356    .data.rtP           gc_pid_data.o
    0x200001d0   COMPRESSED   0x00000002   Data   RW           50    .data.tof_dis1      main.o
    0x200001d2   COMPRESSED   0x00000002   Data   RW           52    .data.tof_dis1_l    main.o
    0x200001d4   COMPRESSED   0x00000002   Data   RW           54    .data.tof_dis1_ll   main.o
    0x200001d6   COMPRESSED   0x00000002   Data   RW           51    .data.tof_dis2      main.o
    0x200001d8   COMPRESSED   0x00000002   Data   RW           53    .data.tof_dis2_l    main.o
    0x200001da   COMPRESSED   0x00000002   Data   RW           55    .data.tof_dis2_ll   main.o
    0x200001dc   COMPRESSED   0x00000003   Data   RW           47    .data.uart1_tx_resetZaxis  main.o
    0x200001df   COMPRESSED   0x00000003   Data   RW           48    .data.uart1_tx_setWidth  main.o
    0x200001e2   COMPRESSED   0x00000001   Data   RW          452    .data.uwTickFreq    stm32f1xx_hal.o
    0x200001e3   COMPRESSED   0x00000001   PAD
    0x200001e4   COMPRESSED   0x00000004   Data   RW          451    .data.uwTickPrio    stm32f1xx_hal.o
    0x200001e8        -       0x00000054   Zero   RW         1328    .bss.VL53L0X_I2C_Handler  vl53l0x.o
    0x2000023c        -       0x00000004   Zero   RW           58    .bss.ang_ori        main.o
    0x20000240        -       0x00000004   Zero   RW           57    .bss.ang_real       main.o
    0x20000244        -       0x00000004   Zero   RW           56    .bss.ang_tar        main.o
    0x20000248        -       0x00000002   Zero   RW           66    .bss.case2_cnt      main.o
    0x2000024a        -       0x00000002   Zero   RW           67    .bss.case3_cnt      main.o
    0x2000024c        -       0x00000002   Zero   RW           68    .bss.case4_cnt      main.o
    0x2000024e        -       0x00000002   Zero   RW           69    .bss.case5_cnt      main.o
    0x20000250        -       0x00000002   Zero   RW           70    .bss.case6_cnt      main.o
    0x20000252        -       0x00000002   Zero   RW           71    .bss.case7_cnt      main.o
    0x20000254        -       0x00000002   Zero   RW         1325    .bss.g_ioTimeout    vl53l0x.o
    0x20000256        -       0x00000001   Zero   RW         1326    .bss.g_isTimeout    vl53l0x.o
    0x20000257   COMPRESSED   0x00000001   PAD
    0x20000258        -       0x00000004   Zero   RW         1331    .bss.g_measTimBudUs  vl53l0x.o
    0x2000025c        -       0x00000001   Zero   RW         1330    .bss.g_stopVariable  vl53l0x.o
    0x2000025d   COMPRESSED   0x00000001   PAD
    0x2000025e        -       0x00000002   Zero   RW         1332    .bss.g_timeoutStartMs  vl53l0x.o
    0x20000260        -       0x00000054   Zero   RW          111    .bss.hi2c1          i2c.o
    0x200002b4        -       0x00000054   Zero   RW          112    .bss.hi2c2          i2c.o
    0x20000308        -       0x00000048   Zero   RW          142    .bss.htim1          tim.o
    0x20000350        -       0x00000048   Zero   RW          143    .bss.htim2          tim.o
    0x20000398        -       0x00000048   Zero   RW          144    .bss.htim3          tim.o
    0x200003e0        -       0x00000048   Zero   RW          145    .bss.htim4          tim.o
    0x20000428        -       0x00000048   Zero   RW          161    .bss.huart1         usart.o
    0x20000470        -       0x00000048   Zero   RW          162    .bss.huart2         usart.o
    0x200004b8        -       0x00000001   Zero   RW         1329    .bss.i2cStat        vl53l0x.o
    0x200004b9        -       0x00000010   Zero   RW           83    .bss.imu_buffer     main.o
    0x200004c9   COMPRESSED   0x00000001   PAD
    0x200004ca        -       0x00000002   Zero   RW           77    .bss.imu_cnt        main.o
    0x200004cc        -       0x0000000c   Zero   RW           59    .bss.imu_data       main.o
    0x200004d8        -       0x00000004   Zero   RW           63    .bss.line_track     main.o
    0x200004dc        -       0x00000004   Zero   RW         1327    .bss.msgBuffer      vl53l0x.o
    0x200004e0        -       0x00000040   Zero   RW         1347    .bss.rtDW           gc_pid.o
    0x20000520        -       0x00000004   Zero   RW         1344    .bss.rtM_           gc_pid.o
    0x20000524        -       0x00000024   Zero   RW         1346    .bss.rtU            gc_pid.o
    0x20000548        -       0x0000000c   Zero   RW         1348    .bss.rtY            gc_pid.o
    0x20000554        -       0x0000000a   Zero   RW           78    .bss.statInfo       main.o
    0x2000055e        -       0x0000000a   Zero   RW           79    .bss.statInfo2      main.o
    0x20000568        -       0x00000002   Zero   RW           75    .bss.stop_cnt       main.o
    0x2000056a        -       0x00000002   Zero   RW           76    .bss.stop_code      main.o
    0x2000056c        -       0x00000004   Zero   RW           64    .bss.tim4_cnt       main.o
    0x20000570        -       0x00000004   Zero   RW           73    .bss.tmp_tar        main.o
    0x20000574        -       0x00000002   Zero   RW           72    .bss.tof_cnt        main.o
    0x20000576   COMPRESSED   0x00000002   PAD
    0x20000578        -       0x00000020   Zero   RW           80    .bss.track_state    main.o
    0x20000598        -       0x00000001   Zero   RW           49    .bss.uart1_index    main.o
    0x20000599        -       0x00000040   Zero   RW           81    .bss.uart1_rx_buffer  main.o
    0x200005d9        -       0x00000008   Zero   RW           82    .bss.uart2_rx_buffer  main.o
    0x200005e1   COMPRESSED   0x00000003   PAD
    0x200005e4        -       0x00000004   Zero   RW           74    .bss.uart_cnt       main.o
    0x200005e8        -       0x00000004   Zero   RW          453    .bss.uwTick         stm32f1xx_hal.o
    0x200005ec   COMPRESSED   0x00000004   PAD
    0x200005f0        -       0x00000400   Zero   RW            1    STACK               startup_stm32f103xb.o


==============================================================================

Image component sizes


      Code (inc. data)   RO Data    RW Data    ZI Data      Debug   Object Name

      3336          0          0          0        116       4223   gc_pid.o
         0          0          0        288          0       3220   gc_pid_data.o
       210          0          0          0          0       1493   gpio.o
       492          0          0          0        168       5876   i2c.o
      5780         28          0        183        201      13811   main.o
        36          8        236          0       1024        764   startup_stm32f103xb.o
       254          0          0          5          4       5527   stm32f1xx_hal.o
       482          0          0          0          0       7513   stm32f1xx_hal_cortex.o
       422          0          0          0          0       6266   stm32f1xx_hal_dma.o
       890          0          0          0          0       4191   stm32f1xx_hal_gpio.o
     11240          0          0          0          0      37523   stm32f1xx_hal_i2c.o
       100          0          0          0          0       1165   stm32f1xx_hal_msp.o
      2582          0         18          0          0       7392   stm32f1xx_hal_rcc.o
      4108         14          0          0          0      35629   stm32f1xx_hal_tim.o
       236          0          0          0          0      15074   stm32f1xx_hal_tim_ex.o
      2464          0          0          0          0      20018   stm32f1xx_hal_uart.o
       146          0          0          0          0       1650   stm32f1xx_it.o
         2          0         24          4          0       1534   system_stm32f1xx.o
      1054          0          0          0        288       8159   tim.o
       478          0          0          0        144       5705   usart.o
      4580         16          0          1         99      14204   vl53l0x.o

    ----------------------------------------------------------------------
     39064         66        310        488       2056     200937   Object Totals
         0          0         32          0          0          0   (incl. Generated)
       172          0          0          7         12          0   (incl. Padding)

    ----------------------------------------------------------------------

      Code (inc. data)   RO Data    RW Data    ZI Data      Debug   Library Member Name

        86          0          0          0          0          0   __dczerorl2.o
         0          0          0          0          0          0   entry.o
         0          0          0          0          0          0   entry10a.o
         0          0          0          0          0          0   entry11a.o
         8          4          0          0          0          0   entry2.o
         4          0          0          0          0          0   entry5.o
         0          0          0          0          0          0   entry7b.o
         0          0          0          0          0          0   entry8b.o
         8          4          0          0          0          0   entry9a.o
        30          0          0          0          0          0   handlers.o
        48         10          0          0          0         68   init.o
         0          0          0          0          0          0   iusefp.o
        30          0          0          0          0         68   llshl.o
        36          0          0          0          0         68   llsshr.o
        32          0          0          0          0         68   llushr.o
        36          0          0          0          0         68   memcpya.o
        36          0          0          0          0        108   memseta.o
        56          0          0          0          0         88   d2f.o
       334          0          0          0          0        148   dadd.o
        54          0          0          0          0         80   dcmple.o
       186          0          0          0          0        176   depilogue.o
        38          0          0          0          0         68   f2d.o
       176          0          0          0          0        140   fadd.o
        28          0          0          0          0         68   fcmpeq.o
        28          0          0          0          0         68   fcmpge.o
        28          0          0          0          0         68   fcmple.o
        28          0          0          0          0         68   fcmplt.o
       124          0          0          0          0         88   fdiv.o
       110          0          0          0          0        168   fepilogue.o
        50          0          0          0          0         68   ffixi.o
        18          0          0          0          0         68   fflti.o
        10          0          0          0          0         68   ffltui.o
       100          0          0          0          0         76   fmul.o

    ----------------------------------------------------------------------
      1726         18          0          0          0       1956   Library Totals
         4          0          0          0          0          0   (incl. Padding)

    ----------------------------------------------------------------------

      Code (inc. data)   RO Data    RW Data    ZI Data      Debug   Library Name

       354         18          0          0          0        448   mc_w.l
      1368          0          0          0          0       1508   mf_w.l

    ----------------------------------------------------------------------
      1726         18          0          0          0       1956   Library Totals

    ----------------------------------------------------------------------

==============================================================================


      Code (inc. data)   RO Data    RW Data    ZI Data      Debug   

     40790         84        310        488       2056     201777   Grand Totals
     40790         84        310        160       2056     201777   ELF Image Totals (compressed)
     40790         84        310        160          0          0   ROM Totals

==============================================================================

    Total RO  Size (Code + RO Data)                41100 (  40.14kB)
    Total RW  Size (RW Data + ZI Data)              2544 (   2.48kB)
    Total ROM Size (Code + RO Data + RW Data)      41260 (  40.29kB)

==============================================================================

