Component: ARM Compiler 6.15 Tool: armlink [5dd79300]

==============================================================================

Section Cross References

    startup_stm32f103xb.o(STACK) refers (Special) to heapauxi.o(.text) for __use_two_region_memory
    startup_stm32f103xb.o(HEAP) refers (Special) to heapauxi.o(.text) for __use_two_region_memory
    startup_stm32f103xb.o(RESET) refers (Special) to heapauxi.o(.text) for __use_two_region_memory
    startup_stm32f103xb.o(RESET) refers to startup_stm32f103xb.o(STACK) for __initial_sp
    startup_stm32f103xb.o(RESET) refers to startup_stm32f103xb.o(.text) for Reset_Handler
    startup_stm32f103xb.o(RESET) refers to stm32f1xx_it.o(.text.NMI_Handler) for NMI_Handler
    startup_stm32f103xb.o(RESET) refers to stm32f1xx_it.o(.text.HardFault_Handler) for HardFault_Handler
    startup_stm32f103xb.o(RESET) refers to stm32f1xx_it.o(.text.MemManage_Handler) for MemManage_Handler
    startup_stm32f103xb.o(RESET) refers to stm32f1xx_it.o(.text.BusFault_Handler) for BusFault_Handler
    startup_stm32f103xb.o(RESET) refers to stm32f1xx_it.o(.text.UsageFault_Handler) for UsageFault_Handler
    startup_stm32f103xb.o(RESET) refers to stm32f1xx_it.o(.text.SVC_Handler) for SVC_Handler
    startup_stm32f103xb.o(RESET) refers to stm32f1xx_it.o(.text.DebugMon_Handler) for DebugMon_Handler
    startup_stm32f103xb.o(RESET) refers to stm32f1xx_it.o(.text.PendSV_Handler) for PendSV_Handler
    startup_stm32f103xb.o(RESET) refers to stm32f1xx_it.o(.text.SysTick_Handler) for SysTick_Handler
    startup_stm32f103xb.o(RESET) refers to stm32f1xx_it.o(.text.TIM4_IRQHandler) for TIM4_IRQHandler
    startup_stm32f103xb.o(RESET) refers to stm32f1xx_it.o(.text.I2C1_EV_IRQHandler) for I2C1_EV_IRQHandler
    startup_stm32f103xb.o(RESET) refers to stm32f1xx_it.o(.text.I2C1_ER_IRQHandler) for I2C1_ER_IRQHandler
    startup_stm32f103xb.o(RESET) refers to stm32f1xx_it.o(.text.I2C2_EV_IRQHandler) for I2C2_EV_IRQHandler
    startup_stm32f103xb.o(RESET) refers to stm32f1xx_it.o(.text.I2C2_ER_IRQHandler) for I2C2_ER_IRQHandler
    startup_stm32f103xb.o(RESET) refers to stm32f1xx_it.o(.text.USART1_IRQHandler) for USART1_IRQHandler
    startup_stm32f103xb.o(RESET) refers to stm32f1xx_it.o(.text.USART2_IRQHandler) for USART2_IRQHandler
    startup_stm32f103xb.o(.text) refers (Special) to heapauxi.o(.text) for __use_two_region_memory
    startup_stm32f103xb.o(.text) refers to system_stm32f1xx.o(.text.SystemInit) for SystemInit
    startup_stm32f103xb.o(.text) refers to __main.o(!!!main) for __main
    startup_stm32f103xb.o(.text) refers to startup_stm32f103xb.o(HEAP) for Heap_Mem
    startup_stm32f103xb.o(.text) refers to startup_stm32f103xb.o(STACK) for Stack_Mem
    main.o(.text.motor_updEcd) refers to fflt_clz.o(x$fpl$fflt) for __aeabi_i2f
    main.o(.text.motor_updEcd) refers to fmul.o(x$fpl$fmul) for __aeabi_fmul
    main.o(.text.motor_updEcd) refers to fdiv.o(x$fpl$fdiv) for __aeabi_fdiv
    main.o(.ARM.exidx.text.motor_updEcd) refers to main.o(.text.motor_updEcd) for [Anonymous Symbol]
    main.o(.text.PID_updParam) refers to gc_pid_data.o(.data.rtP) for rtP
    main.o(.ARM.exidx.text.PID_updParam) refers to main.o(.text.PID_updParam) for [Anonymous Symbol]
    main.o(.text.PID_updInput) refers to main.o(.data.pid_param) for pid_param
    main.o(.text.PID_updInput) refers to gc_pid.o(.bss.rtU) for rtU
    main.o(.text.PID_updInput) refers to main.o(.bss.ang_tar) for ang_tar
    main.o(.text.PID_updInput) refers to main.o(.data.CAR_STATE) for CAR_STATE
    main.o(.text.PID_updInput) refers to main.o(.bss.imu_data) for imu_data
    main.o(.text.PID_updInput) refers to main.o(.data.motor_left) for motor_left
    main.o(.text.PID_updInput) refers to main.o(.data.motor_right) for motor_right
    main.o(.text.PID_updInput) refers to main.o(.bss.line_track) for line_track
    main.o(.ARM.exidx.text.PID_updInput) refers to main.o(.text.PID_updInput) for [Anonymous Symbol]
    main.o(.ARM.exidx.text.CRC_check) refers to main.o(.text.CRC_check) for [Anonymous Symbol]
    main.o(.text.IMU_getAng) refers to fflt_clz.o(x$fpl$ffltu) for __aeabi_ui2f
    main.o(.text.IMU_getAng) refers to fdiv.o(x$fpl$fdiv) for __aeabi_fdiv
    main.o(.text.IMU_getAng) refers to fmul.o(x$fpl$fmul) for __aeabi_fmul
    main.o(.text.IMU_getAng) refers to main.o(.bss.imu_data) for imu_data
    main.o(.ARM.exidx.text.IMU_getAng) refers to main.o(.text.IMU_getAng) for [Anonymous Symbol]
    main.o(.text.tof_init) refers to i2c.o(.bss.hi2c1) for hi2c1
    main.o(.text.tof_init) refers to vl53l0x.o(.text.initVL53L0X) for initVL53L0X
    main.o(.text.tof_init) refers to vl53l0x.o(.text.setSignalRateLimit) for setSignalRateLimit
    main.o(.text.tof_init) refers to vl53l0x.o(.text.setVcselPulsePeriod) for setVcselPulsePeriod
    main.o(.text.tof_init) refers to vl53l0x.o(.text.setMeasurementTimingBudget) for setMeasurementTimingBudget
    main.o(.text.tof_init) refers to vl53l0x.o(.text.startContinuous) for startContinuous
[...]
    [Anonymous Symbol]                       0x080049a4   Section        0  stm32f1xx_hal_i2c.o(.text.I2C_Slave_ADDR)
    I2C_Slave_AF                             0x08004a55   Thumb Code   228  stm32f1xx_hal_i2c.o(.text.I2C_Slave_AF)
    [Anonymous Symbol]                       0x08004a54   Section        0  stm32f1xx_hal_i2c.o(.text.I2C_Slave_AF)
    I2C_Slave_STOPF                          0x08004b39   Thumb Code   600  stm32f1xx_hal_i2c.o(.text.I2C_Slave_STOPF)
    [Anonymous Symbol]                       0x08004b38   Section        0  stm32f1xx_hal_i2c.o(.text.I2C_Slave_STOPF)
    I2C_WaitOnSTOPRequestThroughIT           0x08004d91   Thumb Code   122  stm32f1xx_hal_i2c.o(.text.I2C_WaitOnSTOPRequestThroughIT)
    [Anonymous Symbol]                       0x08004d90   Section        0  stm32f1xx_hal_i2c.o(.text.I2C_WaitOnSTOPRequestThroughIT)
    [Anonymous Symbol]                       0x08004e0c   Section        0  main.o(.text.IMU_getAng)
    [Anonymous Symbol]                       0x08004ea8   Section        0  gpio.o(.text.MX_GPIO_Init)
    [Anonymous Symbol]                       0x08004f9c   Section        0  i2c.o(.text.MX_I2C1_Init)
    [Anonymous Symbol]                       0x08004fe0   Section        0  i2c.o(.text.MX_I2C2_Init)
    [Anonymous Symbol]                       0x08005024   Section        0  tim.o(.text.MX_TIM1_Init)
    [Anonymous Symbol]                       0x080050a8   Section        0  tim.o(.text.MX_TIM2_Init)
    [Anonymous Symbol]                       0x08005128   Section        0  tim.o(.text.MX_TIM3_Init)
    [Anonymous Symbol]                       0x080051f0   Section        0  tim.o(.text.MX_TIM4_Init)
    [Anonymous Symbol]                       0x08005278   Section        0  usart.o(.text.MX_USART1_UART_Init)
    [Anonymous Symbol]                       0x080052b4   Section        0  usart.o(.text.MX_USART2_UART_Init)
    [Anonymous Symbol]                       0x080052f0   Section        0  stm32f1xx_it.o(.text.MemManage_Handler)
    [Anonymous Symbol]                       0x080052f4   Section        0  stm32f1xx_it.o(.text.NMI_Handler)
    NVIC_EncodePriority                      0x080052f9   Thumb Code   110  stm32f1xx_hal_cortex.o(.text.NVIC_EncodePriority)
    [Anonymous Symbol]                       0x080052f8   Section        0  stm32f1xx_hal_cortex.o(.text.NVIC_EncodePriority)
    [Anonymous Symbol]                       0x08005368   Section        0  main.o(.text.PID_updInput)
    [Anonymous Symbol]                       0x0800540c   Section        0  main.o(.text.PID_updParam)
    [Anonymous Symbol]                       0x08005488   Section        0  stm32f1xx_it.o(.text.PendSV_Handler)
    RCC_Delay                                0x0800548d   Thumb Code    58  stm32f1xx_hal_rcc.o(.text.RCC_Delay)
    [Anonymous Symbol]                       0x0800548c   Section        0  stm32f1xx_hal_rcc.o(.text.RCC_Delay)
    [Anonymous Symbol]                       0x080054c8   Section        0  stm32f1xx_it.o(.text.SVC_Handler)
    SysTick_Config                           0x080054cd   Thumb Code    82  stm32f1xx_hal_cortex.o(.text.SysTick_Config)
    [Anonymous Symbol]                       0x080054cc   Section        0  stm32f1xx_hal_cortex.o(.text.SysTick_Config)
    [Anonymous Symbol]                       0x08005520   Section        0  stm32f1xx_it.o(.text.SysTick_Handler)
    [Anonymous Symbol]                       0x08005528   Section        0  main.o(.text.SystemClock_Config)
    [Anonymous Symbol]                       0x080055a0   Section        0  system_stm32f1xx.o(.text.SystemInit)
    [Anonymous Symbol]                       0x080055a4   Section        0  stm32f1xx_it.o(.text.TIM4_IRQHandler)
    [Anonymous Symbol]                       0x080055b4   Section        0  stm32f1xx_hal_tim.o(.text.TIM_Base_SetConfig)
    [Anonymous Symbol]                       0x080056bc   Section        0  stm32f1xx_hal_tim.o(.text.TIM_CCxChannelCmd)
    [Anonymous Symbol]                       0x080056f4   Section        0  stm32f1xx_hal_tim.o(.text.TIM_ETR_SetConfig)
    TIM_ITRx_SetConfig                       0x08005729   Thumb Code    42  stm32f1xx_hal_tim.o(.text.TIM_ITRx_SetConfig)
    [Anonymous Symbol]                       0x08005728   Section        0  stm32f1xx_hal_tim.o(.text.TIM_ITRx_SetConfig)
    TIM_OC1_SetConfig                        0x08005755   Thumb Code   206  stm32f1xx_hal_tim.o(.text.TIM_OC1_SetConfig)
    [Anonymous Symbol]                       0x08005754   Section        0  stm32f1xx_hal_tim.o(.text.TIM_OC1_SetConfig)
    [Anonymous Symbol]                       0x08005824   Section        0  stm32f1xx_hal_tim.o(.text.TIM_OC2_SetConfig)
    TIM_OC3_SetConfig                        0x080058fd   Thumb Code   214  stm32f1xx_hal_tim.o(.text.TIM_OC3_SetConfig)
    [Anonymous Symbol]                       0x080058fc   Section        0  stm32f1xx_hal_tim.o(.text.TIM_OC3_SetConfig)
    TIM_OC4_SetConfig                        0x080059d5   Thumb Code   150  stm32f1xx_hal_tim.o(.text.TIM_OC4_SetConfig)
    [Anonymous Symbol]                       0x080059d4   Section        0  stm32f1xx_hal_tim.o(.text.TIM_OC4_SetConfig)
    TIM_TI1_ConfigInputStage                 0x08005a6d   Thumb Code    80  stm32f1xx_hal_tim.o(.text.TIM_TI1_ConfigInputStage)
    [Anonymous Symbol]                       0x08005a6c   Section        0  stm32f1xx_hal_tim.o(.text.TIM_TI1_ConfigInputStage)
    TIM_TI2_ConfigInputStage                 0x08005abd   Thumb Code    82  stm32f1xx_hal_tim.o(.text.TIM_TI2_ConfigInputStage)
    [Anonymous Symbol]                       0x08005abc   Section        0  stm32f1xx_hal_tim.o(.text.TIM_TI2_ConfigInputStage)
    UART_DMAAbortOnError                     0x08005b11   Thumb Code    32  stm32f1xx_hal_uart.o(.text.UART_DMAAbortOnError)
    [Anonymous Symbol]                       0x08005b10   Section        0  stm32f1xx_hal_uart.o(.text.UART_DMAAbortOnError)
    UART_EndRxTransfer                       0x08005b31   Thumb Code   148  stm32f1xx_hal_uart.o(.text.UART_EndRxTransfer)
    [Anonymous Symbol]                       0x08005b30   Section        0  stm32f1xx_hal_uart.o(.text.UART_EndRxTransfer)
    UART_EndTransmit_IT                      0x08005bc5   Thumb Code    38  stm32f1xx_hal_uart.o(.text.UART_EndTransmit_IT)
    [Anonymous Symbol]                       0x08005bc4   Section        0  stm32f1xx_hal_uart.o(.text.UART_EndTransmit_IT)
    UART_Receive_IT                          0x08005bed   Thumb Code   368  stm32f1xx_hal_uart.o(.text.UART_Receive_IT)
    [Anonymous Symbol]                       0x08005bec   Section        0  stm32f1xx_hal_uart.o(.text.UART_Receive_IT)
    UART_SetConfig                           0x08005d5d   Thumb Code   194  stm32f1xx_hal_uart.o(.text.UART_SetConfig)
    [Anonymous Symbol]                       0x08005d5c   Section        0  stm32f1xx_hal_uart.o(.text.UART_SetConfig)
    [Anonymous Symbol]                       0x08005e20   Section        0  stm32f1xx_hal_uart.o(.text.UART_Start_Receive_IT)
    UART_Transmit_IT                         0x08005e89   Thumb Code   152  stm32f1xx_hal_uart.o(.text.UART_Transmit_IT)
    [Anonymous Symbol]                       0x08005e88   Section        0  stm32f1xx_hal_uart.o(.text.UART_Transmit_IT)
    [Anonymous Symbol]                       0x08005f20   Section        0  stm32f1xx_it.o(.text.USART1_IRQHandler)
    [Anonymous Symbol]                       0x08005f30   Section        0  stm32f1xx_it.o(.text.USART2_IRQHandler)
    [Anonymous Symbol]                       0x08005f40   Section        0  stm32f1xx_it.o(.text.UsageFault_Handler)
    __NVIC_EnableIRQ                         0x08005f45   Thumb Code    52  stm32f1xx_hal_cortex.o(.text.__NVIC_EnableIRQ)
    [Anonymous Symbol]                       0x08005f44   Section        0  stm32f1xx_hal_cortex.o(.text.__NVIC_EnableIRQ)
    __NVIC_GetPriorityGrouping               0x08005f79   Thumb Code    16  stm32f1xx_hal_cortex.o(.text.__NVIC_GetPriorityGrouping)
    [Anonymous Symbol]                       0x08005f78   Section        0  stm32f1xx_hal_cortex.o(.text.__NVIC_GetPriorityGrouping)
    __NVIC_SetPriority                       0x08005f89   Thumb Code    68  stm32f1xx_hal_cortex.o(.text.__NVIC_SetPriority)
    [Anonymous Symbol]                       0x08005f88   Section        0  stm32f1xx_hal_cortex.o(.text.__NVIC_SetPriority)
    __NVIC_SetPriorityGrouping               0x08005fcd   Thumb Code    60  stm32f1xx_hal_cortex.o(.text.__NVIC_SetPriorityGrouping)
    [Anonymous Symbol]                       0x08005fcc   Section        0  stm32f1xx_hal_cortex.o(.text.__NVIC_SetPriorityGrouping)
    [Anonymous Symbol]                       0x08006008   Section        0  main.o(.text.drive_motor)
    [Anonymous Symbol]                       0x08006124   Section        0  gc_pid.o(.text.gc_pid_initialize)
    [Anonymous Symbol]                       0x080061bc   Section        0  gc_pid.o(.text.gc_pid_step)
    [Anonymous Symbol]                       0x08006ea0   Section        0  main.o(.text.lineTrack_update)
    [Anonymous Symbol]                       0x08007664   Section        0  main.o(.text.main)
    [Anonymous Symbol]                       0x08007e00   Section        0  main.o(.text.motor_updEcd)
    [Anonymous Symbol]                       0x08007e88   Section        0  main.o(.text.motor_updPID)
    [Anonymous Symbol]                       0x08007edc   Section        0  main.o(.text.setMotor_CCW)
    [Anonymous Symbol]                       0x08007f0c   Section        0  main.o(.text.setMotor_CW)
    x$fpl$d2f                                0x08007f3c   Section       98  d2f.o(x$fpl$d2f)
    x$fpl$dadd                               0x08007fa0   Section      336  daddsub_clz.o(x$fpl$dadd)
    _dadd1                                   0x08007fb1   Thumb Code     0  daddsub_clz.o(x$fpl$dadd)
    x$fpl$dmul                               0x080080f0   Section      340  dmul.o(x$fpl$dmul)
    x$fpl$dnaninf                            0x08008244   Section      156  dnaninf.o(x$fpl$dnaninf)
    x$fpl$dretinf                            0x080082e0   Section       12  dretinf.o(x$fpl$dretinf)
    x$fpl$dsub                               0x080082ec   Section      468  daddsub_clz.o(x$fpl$dsub)
    _dsub1                                   0x080082fd   Thumb Code     0  daddsub_clz.o(x$fpl$dsub)
    x$fpl$f2d                                0x080084c0   Section       86  f2d.o(x$fpl$f2d)
    x$fpl$fadd                               0x08008518   Section      196  faddsub_clz.o(x$fpl$fadd)
    _fadd1                                   0x08008527   Thumb Code     0  faddsub_clz.o(x$fpl$fadd)
    x$fpl$fcmp                               0x080085dc   Section       84  fcmp.o(x$fpl$fcmp)
    x$fpl$fcmpinf                            0x08008630   Section       24  fcmpi.o(x$fpl$fcmpinf)
    _fdiv1                                   0x08008649   Thumb Code     0  fdiv.o(x$fpl$fdiv)
    x$fpl$fdiv                               0x08008648   Section      388  fdiv.o(x$fpl$fdiv)
    x$fpl$feqf                               0x080087cc   Section      104  feqf.o(x$fpl$feqf)
    x$fpl$ffix                               0x08008834   Section       54  ffix.o(x$fpl$ffix)
    x$fpl$fflt                               0x0800886c   Section       48  fflt_clz.o(x$fpl$fflt)
    x$fpl$ffltu                              0x0800889c   Section       38  fflt_clz.o(x$fpl$ffltu)
    x$fpl$fgeqf                              0x080088c4   Section      104  fgeqf.o(x$fpl$fgeqf)
    x$fpl$fleqf                              0x0800892c   Section      104  fleqf.o(x$fpl$fleqf)
    x$fpl$fmul                               0x08008994   Section      258  fmul.o(x$fpl$fmul)
    x$fpl$fnaninf                            0x08008a96   Section      140  fnaninf.o(x$fpl$fnaninf)
    x$fpl$fretinf                            0x08008b22   Section       10  fretinf.o(x$fpl$fretinf)
    x$fpl$fsub                               0x08008b2c   Section      234  faddsub_clz.o(x$fpl$fsub)
    _fsub1                                   0x08008b3b   Thumb Code     0  faddsub_clz.o(x$fpl$fsub)
    x$fpl$usenofp                            0x08008c16   Section        0  usenofp.o(x$fpl$usenofp)
    HAL_RCC_GetSysClockFreq.aPLLMULFactorTable 0x08008c2e   Data          16  stm32f1xx_hal_rcc.o(.rodata.HAL_RCC_GetSysClockFreq.aPLLMULFactorTable)
    [Anonymous Symbol]                       0x08008c2e   Section        0  stm32f1xx_hal_rcc.o(.rodata.HAL_RCC_GetSysClockFreq.aPLLMULFactorTable)
    HAL_RCC_GetSysClockFreq.aPredivFactorTable 0x08008c3e   Data           2  stm32f1xx_hal_rcc.o(.rodata.HAL_RCC_GetSysClockFreq.aPredivFactorTable)
    [Anonymous Symbol]                       0x08008c3e   Section        0  stm32f1xx_hal_rcc.o(.rodata.HAL_RCC_GetSysClockFreq.aPredivFactorTable)
    .bss                                     0x200001e8   Section       96  libspace.o(.bss)
    rtM_                                     0x20000524   Data           4  gc_pid.o(.bss.rtM_)
    [Anonymous Symbol]                       0x20000524   Section        0  gc_pid.o(.bss.rtM_)
    Heap_Mem                                 0x200005e0   Data         512  startup_stm32f103xb.o(HEAP)
    HEAP                                     0x200005e0   Section      512  startup_stm32f103xb.o(HEAP)
    Stack_Mem                                0x200007e0   Data        1024  startup_stm32f103xb.o(STACK)
    STACK                                    0x200007e0   Section     1024  startup_stm32f103xb.o(STACK)
    __initial_sp                             0x20000be0   Data           0  startup_stm32f103xb.o(STACK)

    Global Symbols

    Symbol Name                              Value     Ov Type        Size  Object(Section)

    BuildAttributes$$THM_ISAv4$P$D$K$B$S$PE$A:L22UL41UL21$X:L11$S22US41US21$IEEE1$IW$~IW$USESV6$~STKCKD$USESV7$~SHL$OSPACE$ROPI$EBA8$UX$STANDARDLIB$REQ8$PRES8$EABIv2 0x00000000   Number         0  anon$$obj.o ABSOLUTE
    __fp_init_empty                          0x00000000   Number         0  fpinit_empty.o ABSOLUTE
    __ARM_exceptions_init                     - Undefined Weak Reference
    __alloca_initialize                       - Undefined Weak Reference
    __arm_preinit_                            - Undefined Weak Reference
    __cpp_initialize__aeabi_                  - Undefined Weak Reference
    __cxa_finalize                            - Undefined Weak Reference
    __rt_locale                               - Undefined Weak Reference
    __sigvec_lookup                           - Undefined Weak Reference
    _atexit_init                              - Undefined Weak Reference
    _call_atexit_fns                          - Undefined Weak Reference
    _clock_init                               - Undefined Weak Reference
    _fp_trap_init                             - Undefined Weak Reference
    _fp_trap_shutdown                         - Undefined Weak Reference
    _get_lc_collate                           - Undefined Weak Reference
    _get_lc_ctype                             - Undefined Weak Reference
    _get_lc_monetary                          - Undefined Weak Reference
    _get_lc_numeric                           - Undefined Weak Reference
    _get_lc_time                              - Undefined Weak Reference
    _getenv_init                              - Undefined Weak Reference
    _handle_redirection                       - Undefined Weak Reference
    _init_alloc                               - Undefined Weak Reference
    _init_user_alloc                          - Undefined Weak Reference
    _initio                                   - Undefined Weak Reference
    _rand_init                                - Undefined Weak Reference
    _signal_finish                            - Undefined Weak Reference
    _signal_init                              - Undefined Weak Reference
    _terminate_alloc                          - Undefined Weak Reference
    _terminate_user_alloc                     - Undefined Weak Reference
    _terminateio                              - Undefined Weak Reference
    __Vectors_Size                           0x000000ec   Number         0  startup_stm32f103xb.o ABSOLUTE
    __Vectors                                0x08000000   Data           4  startup_stm32f103xb.o(RESET)
    __Vectors_End                            0x080000ec   Data           0  startup_stm32f103xb.o(RESET)
    __main                                   0x080000ed   Thumb Code     8  __main.o(!!!main)
    __scatterload                            0x080000f5   Thumb Code     0  __scatter.o(!!!scatter)
    __scatterload_rt2                        0x080000f5   Thumb Code    44  __scatter.o(!!!scatter)
    __scatterload_rt2_thumb_only             0x080000f5   Thumb Code     0  __scatter.o(!!!scatter)
    __scatterload_null                       0x08000103   Thumb Code     0  __scatter.o(!!!scatter)
    __decompress                             0x08000129   Thumb Code    90  __dczerorl2.o(!!dczerorl2)
    __decompress1                            0x08000129   Thumb Code     0  __dczerorl2.o(!!dczerorl2)
    __scatterload_zeroinit                   0x08000185   Thumb Code    28  __scatter_zi.o(!!handler_zi)
    __rt_lib_init                            0x080001a1   Thumb Code     0  libinit.o(.ARM.Collect$$libinit$$00000000)
    __rt_lib_init_alloca_1                   0x080001a3   Thumb Code     0  libinit2.o(.ARM.Collect$$libinit$$0000002E)
    __rt_lib_init_argv_1                     0x080001a3   Thumb Code     0  libinit2.o(.ARM.Collect$$libinit$$0000002C)
    __rt_lib_init_atexit_1                   0x080001a3   Thumb Code     0  libinit2.o(.ARM.Collect$$libinit$$0000001B)
    __rt_lib_init_clock_1                    0x080001a3   Thumb Code     0  libinit2.o(.ARM.Collect$$libinit$$00000021)
    __rt_lib_init_cpp_1                      0x080001a3   Thumb Code     0  libinit2.o(.ARM.Collect$$libinit$$00000032)
    __rt_lib_init_exceptions_1               0x080001a3   Thumb Code     0  libinit2.o(.ARM.Collect$$libinit$$00000030)
    __rt_lib_init_fp_1                       0x080001a3   Thumb Code     0  libinit2.o(.ARM.Collect$$libinit$$00000002)
    __rt_lib_init_fp_trap_1                  0x080001a3   Thumb Code     0  libinit2.o(.ARM.Collect$$libinit$$0000001F)
    __rt_lib_init_getenv_1                   0x080001a3   Thumb Code     0  libinit2.o(.ARM.Collect$$libinit$$00000023)
    __rt_lib_init_heap_1                     0x080001a3   Thumb Code     0  libinit2.o(.ARM.Collect$$libinit$$0000000A)
    __rt_lib_init_lc_collate_1               0x080001a3   Thumb Code     0  libinit2.o(.ARM.Collect$$libinit$$00000011)
    __rt_lib_init_lc_ctype_1                 0x080001a3   Thumb Code     0  libinit2.o(.ARM.Collect$$libinit$$00000013)
    __rt_lib_init_lc_monetary_1              0x080001a3   Thumb Code     0  libinit2.o(.ARM.Collect$$libinit$$00000015)
    __rt_lib_init_lc_numeric_1               0x080001a3   Thumb Code     0  libinit2.o(.ARM.Collect$$libinit$$00000017)
    __rt_lib_init_lc_time_1                  0x080001a3   Thumb Code     0  libinit2.o(.ARM.Collect$$libinit$$00000019)
    __rt_lib_init_preinit_1                  0x080001a3   Thumb Code     0  libinit2.o(.ARM.Collect$$libinit$$00000004)
    __rt_lib_init_rand_1                     0x080001a3   Thumb Code     0  libinit2.o(.ARM.Collect$$libinit$$0000000E)
    __rt_lib_init_return                     0x080001a3   Thumb Code     0  libinit2.o(.ARM.Collect$$libinit$$00000033)
    __rt_lib_init_signal_1                   0x080001a3   Thumb Code     0  libinit2.o(.ARM.Collect$$libinit$$0000001D)
    __rt_lib_init_stdio_1                    0x080001a3   Thumb Code     0  libinit2.o(.ARM.Collect$$libinit$$00000025)
    __rt_lib_init_user_alloc_1               0x080001a3   Thumb Code     0  libinit2.o(.ARM.Collect$$libinit$$0000000C)
    __rt_lib_shutdown                        0x080001a5   Thumb Code     0  libshutdown.o(.ARM.Collect$$libshutdown$$00000000)
    __rt_lib_shutdown_cpp_1                  0x080001a7   Thumb Code     0  libshutdown2.o(.ARM.Collect$$libshutdown$$00000002)
    __rt_lib_shutdown_fp_trap_1              0x080001a7   Thumb Code     0  libshutdown2.o(.ARM.Collect$$libshutdown$$00000007)
    __rt_lib_shutdown_heap_1                 0x080001a7   Thumb Code     0  libshutdown2.o(.ARM.Collect$$libshutdown$$0000000F)
    __rt_lib_shutdown_return                 0x080001a7   Thumb Code     0  libshutdown2.o(.ARM.Collect$$libshutdown$$00000010)
    __rt_lib_shutdown_signal_1               0x080001a7   Thumb Code     0  libshutdown2.o(.ARM.Collect$$libshutdown$$0000000A)
    __rt_lib_shutdown_stdio_1                0x080001a7   Thumb Code     0  libshutdown2.o(.ARM.Collect$$libshutdown$$00000004)
    __rt_lib_shutdown_user_alloc_1           0x080001a7   Thumb Code     0  libshutdown2.o(.ARM.Collect$$libshutdown$$0000000C)
    __rt_entry                               0x080001a9   Thumb Code     0  __rtentry.o(.ARM.Collect$$rtentry$$00000000)
    __rt_entry_presh_1                       0x080001a9   Thumb Code     0  __rtentry2.o(.ARM.Collect$$rtentry$$00000002)
    __rt_entry_sh                            0x080001a9   Thumb Code     0  __rtentry4.o(.ARM.Collect$$rtentry$$00000004)
    __rt_entry_li                            0x080001af   Thumb Code     0  __rtentry2.o(.ARM.Collect$$rtentry$$0000000A)
    __rt_entry_postsh_1                      0x080001af   Thumb Code     0  __rtentry2.o(.ARM.Collect$$rtentry$$00000009)
    __rt_entry_main                          0x080001b3   Thumb Code     0  __rtentry2.o(.ARM.Collect$$rtentry$$0000000D)
    __rt_entry_postli_1                      0x080001b3   Thumb Code     0  __rtentry2.o(.ARM.Collect$$rtentry$$0000000C)
    __rt_exit                                0x080001bb   Thumb Code     0  rtexit.o(.ARM.Collect$$rtexit$$00000000)
    __rt_exit_ls                             0x080001bd   Thumb Code     0  rtexit2.o(.ARM.Collect$$rtexit$$00000003)
    __rt_exit_prels_1                        0x080001bd   Thumb Code     0  rtexit2.o(.ARM.Collect$$rtexit$$00000002)
    __rt_exit_exit                           0x080001c1   Thumb Code     0  rtexit2.o(.ARM.Collect$$rtexit$$00000004)
    Reset_Handler                            0x080001c9   Thumb Code     8  startup_stm32f103xb.o(.text)
    ADC1_2_IRQHandler                        0x080001e3   Thumb Code     0  startup_stm32f103xb.o(.text)
    CAN1_RX1_IRQHandler                      0x080001e3   Thumb Code     0  startup_stm32f103xb.o(.text)
    CAN1_SCE_IRQHandler                      0x080001e3   Thumb Code     0  startup_stm32f103xb.o(.text)
    DMA1_Channel1_IRQHandler                 0x080001e3   Thumb Code     0  startup_stm32f103xb.o(.text)
    DMA1_Channel2_IRQHandler                 0x080001e3   Thumb Code     0  startup_stm32f103xb.o(.text)
    DMA1_Channel3_IRQHandler                 0x080001e3   Thumb Code     0  startup_stm32f103xb.o(.text)
    DMA1_Channel4_IRQHandler                 0x080001e3   Thumb Code     0  startup_stm32f103xb.o(.text)
    DMA1_Channel5_IRQHandler                 0x080001e3   Thumb Code     0  startup_stm32f103xb.o(.text)
    DMA1_Channel6_IRQHandler                 0x080001e3   Thumb Code     0  startup_stm32f103xb.o(.text)
    DMA1_Channel7_IRQHandler                 0x080001e3   Thumb Code     0  startup_stm32f103xb.o(.text)
    EXTI0_IRQHandler                         0x080001e3   Thumb Code     0  startup_stm32f103xb.o(.text)
    EXTI15_10_IRQHandler                     0x080001e3   Thumb Code     0  startup_stm32f103xb.o(.text)
    EXTI1_IRQHandler                         0x080001e3   Thumb Code     0  startup_stm32f103xb.o(.text)
    EXTI2_IRQHandler                         0x080001e3   Thumb Code     0  startup_stm32f103xb.o(.text)
    EXTI3_IRQHandler                         0x080001e3   Thumb Code     0  startup_stm32f103xb.o(.text)
    EXTI4_IRQHandler                         0x080001e3   Thumb Code     0  startup_stm32f103xb.o(.text)
    EXTI9_5_IRQHandler                       0x080001e3   Thumb Code     0  startup_stm32f103xb.o(.text)
    FLASH_IRQHandler                         0x080001e3   Thumb Code     0  startup_stm32f103xb.o(.text)
    PVD_IRQHandler                           0x080001e3   Thumb Code     0  startup_stm32f103xb.o(.text)
    RCC_IRQHandler                           0x080001e3   Thumb Code     0  startup_stm32f103xb.o(.text)
    RTC_Alarm_IRQHandler                     0x080001e3   Thumb Code     0  startup_stm32f103xb.o(.text)
    RTC_IRQHandler                           0x080001e3   Thumb Code     0  startup_stm32f103xb.o(.text)
    SPI1_IRQHandler                          0x080001e3   Thumb Code     0  startup_stm32f103xb.o(.text)
    SPI2_IRQHandler                          0x080001e3   Thumb Code     0  startup_stm32f103xb.o(.text)
    TAMPER_IRQHandler                        0x080001e3   Thumb Code     0  startup_stm32f103xb.o(.text)
    TIM1_BRK_IRQHandler                      0x080001e3   Thumb Code     0  startup_stm32f103xb.o(.text)
    TIM1_CC_IRQHandler                       0x080001e3   Thumb Code     0  startup_stm32f103xb.o(.text)
    TIM1_TRG_COM_IRQHandler                  0x080001e3   Thumb Code     0  startup_stm32f103xb.o(.text)
    TIM1_UP_IRQHandler                       0x080001e3   Thumb Code     0  startup_stm32f103xb.o(.text)
    TIM2_IRQHandler                          0x080001e3   Thumb Code     0  startup_stm32f103xb.o(.text)
    TIM3_IRQHandler                          0x080001e3   Thumb Code     0  startup_stm32f103xb.o(.text)
    USART3_IRQHandler                        0x080001e3   Thumb Code     0  startup_stm32f103xb.o(.text)
    USBWakeUp_IRQHandler                     0x080001e3   Thumb Code     0  startup_stm32f103xb.o(.text)
    USB_HP_CAN1_TX_IRQHandler                0x080001e3   Thumb Code     0  startup_stm32f103xb.o(.text)
    USB_LP_CAN1_RX0_IRQHandler               0x080001e3   Thumb Code     0  startup_stm32f103xb.o(.text)
    WWDG_IRQHandler                          0x080001e3   Thumb Code     0  startup_stm32f103xb.o(.text)
    __user_initial_stackheap                 0x080001e5   Thumb Code     0  startup_stm32f103xb.o(.text)
    __aeabi_memclr4                          0x08000209   Thumb Code     0  rt_memclr_w.o(.text)
    __aeabi_memclr8                          0x08000209   Thumb Code     0  rt_memclr_w.o(.text)
    __rt_memclr_w                            0x08000209   Thumb Code    78  rt_memclr_w.o(.text)
    _memset_w                                0x0800020d   Thumb Code     0  rt_memclr_w.o(.text)
    __use_two_region_memory                  0x08000257   Thumb Code     2  heapauxi.o(.text)
    __rt_heap_escrow$2region                 0x08000259   Thumb Code     2  heapauxi.o(.text)
    __rt_heap_expand$2region                 0x0800025b   Thumb Code     2  heapauxi.o(.text)
    __user_setup_stackheap                   0x0800025d   Thumb Code    74  sys_stackheap_outer.o(.text)
    exit                                     0x080002a7   Thumb Code    18  exit.o(.text)
    __user_libspace                          0x080002b9   Thumb Code     8  libspace.o(.text)
    __user_perproc_libspace                  0x080002b9   Thumb Code     0  libspace.o(.text)
    __user_perthread_libspace                0x080002b9   Thumb Code     0  libspace.o(.text)
    _sys_exit                                0x080002c1   Thumb Code     8  sys_exit.o(.text)
    __I$use$semihosting                      0x080002cd   Thumb Code     0  use_no_semi.o(.text)
    __use_no_semihosting_swi                 0x080002cd   Thumb Code     2  use_no_semi.o(.text)
    __semihosting_library_function           0x080002cf   Thumb Code     0  indicate_semi.o(.text)
    BusFault_Handler                         0x080002d1   Thumb Code     4  stm32f1xx_it.o(.text.BusFault_Handler)
    CRC_check                                0x080002d5   Thumb Code    68  main.o(.text.CRC_check)
    DebugMon_Handler                         0x08000319   Thumb Code     2  stm32f1xx_it.o(.text.DebugMon_Handler)
    Error_Handler                            0x0800031d   Thumb Code    14  main.o(.text.Error_Handler)
    HAL_DMA_Abort                            0x0800032d   Thumb Code   126  stm32f1xx_hal_dma.o(.text.HAL_DMA_Abort)
    HAL_DMA_Abort_IT                         0x080003ad   Thumb Code   286  stm32f1xx_hal_dma.o(.text.HAL_DMA_Abort_IT)
    HAL_DMA_GetState                         0x080004cd   Thumb Code    14  stm32f1xx_hal_dma.o(.text.HAL_DMA_GetState)
    HAL_Delay                                0x080004dd   Thumb Code    68  stm32f1xx_hal.o(.text.HAL_Delay)
    HAL_GPIO_Init                            0x08000521   Thumb Code   814  stm32f1xx_hal_gpio.o(.text.HAL_GPIO_Init)
    HAL_GPIO_ReadPin                         0x08000851   Thumb Code    48  stm32f1xx_hal_gpio.o(.text.HAL_GPIO_ReadPin)
    HAL_GPIO_WritePin                        0x08000881   Thumb Code    52  stm32f1xx_hal_gpio.o(.text.HAL_GPIO_WritePin)
    HAL_GetTick                              0x080008b5   Thumb Code    12  stm32f1xx_hal.o(.text.HAL_GetTick)
    HAL_I2C_AbortCpltCallback                0x080008c1   Thumb Code     8  stm32f1xx_hal_i2c.o(.text.HAL_I2C_AbortCpltCallback)
    HAL_I2C_AddrCallback                     0x080008c9   Thumb Code    20  stm32f1xx_hal_i2c.o(.text.HAL_I2C_AddrCallback)
    HAL_I2C_ER_IRQHandler                    0x080008dd   Thumb Code   402  stm32f1xx_hal_i2c.o(.text.HAL_I2C_ER_IRQHandler)
    HAL_I2C_EV_IRQHandler                    0x08000a71   Thumb Code   980  stm32f1xx_hal_i2c.o(.text.HAL_I2C_EV_IRQHandler)
    HAL_I2C_ErrorCallback                    0x08000e45   Thumb Code     8  stm32f1xx_hal_i2c.o(.text.HAL_I2C_ErrorCallback)
    HAL_I2C_Init                             0x08000e4d   Thumb Code   698  stm32f1xx_hal_i2c.o(.text.HAL_I2C_Init)
    HAL_I2C_ListenCpltCallback               0x08001109   Thumb Code     8  stm32f1xx_hal_i2c.o(.text.HAL_I2C_ListenCpltCallback)
    HAL_I2C_MasterRxCpltCallback             0x08001111   Thumb Code     8  stm32f1xx_hal_i2c.o(.text.HAL_I2C_MasterRxCpltCallback)
    HAL_I2C_MasterTxCpltCallback             0x08001119   Thumb Code     8  stm32f1xx_hal_i2c.o(.text.HAL_I2C_MasterTxCpltCallback)
    HAL_I2C_MemRxCpltCallback                0x08001121   Thumb Code     8  stm32f1xx_hal_i2c.o(.text.HAL_I2C_MemRxCpltCallback)
    HAL_I2C_MemTxCpltCallback                0x08001129   Thumb Code     8  stm32f1xx_hal_i2c.o(.text.HAL_I2C_MemTxCpltCallback)
    HAL_I2C_MspInit                          0x08001131   Thumb Code   348  i2c.o(.text.HAL_I2C_MspInit)
    HAL_I2C_SlaveRxCpltCallback              0x0800128d   Thumb Code     8  stm32f1xx_hal_i2c.o(.text.HAL_I2C_SlaveRxCpltCallback)
    HAL_I2C_SlaveTxCpltCallback              0x08001295   Thumb Code     8  stm32f1xx_hal_i2c.o(.text.HAL_I2C_SlaveTxCpltCallback)
    HAL_IncTick                              0x0800129d   Thumb Code    26  stm32f1xx_hal.o(.text.HAL_IncTick)
    HAL_Init                                 0x080012b9   Thumb Code    44  stm32f1xx_hal.o(.text.HAL_Init)
    HAL_InitTick                             0x080012e5   Thumb Code   114  stm32f1xx_hal.o(.text.HAL_InitTick)
    HAL_MspInit                              0x08001359   Thumb Code   100  stm32f1xx_hal_msp.o(.text.HAL_MspInit)
    HAL_NVIC_EnableIRQ                       0x080013bd   Thumb Code    24  stm32f1xx_hal_cortex.o(.text.HAL_NVIC_EnableIRQ)
    HAL_NVIC_SetPriority                     0x080013d5   Thumb Code    64  stm32f1xx_hal_cortex.o(.text.HAL_NVIC_SetPriority)
    HAL_NVIC_SetPriorityGrouping             0x08001415   Thumb Code    16  stm32f1xx_hal_cortex.o(.text.HAL_NVIC_SetPriorityGrouping)
    HAL_RCC_ClockConfig                      0x08001425   Thumb Code   600  stm32f1xx_hal_rcc.o(.text.HAL_RCC_ClockConfig)
    HAL_RCC_GetHCLKFreq                      0x0800167d   Thumb Code    12  stm32f1xx_hal_rcc.o(.text.HAL_RCC_GetHCLKFreq)
    HAL_RCC_GetPCLK1Freq                     0x08001689   Thumb Code    34  stm32f1xx_hal_rcc.o(.text.HAL_RCC_GetPCLK1Freq)
    HAL_RCC_GetPCLK2Freq                     0x080016ad   Thumb Code    34  stm32f1xx_hal_rcc.o(.text.HAL_RCC_GetPCLK2Freq)
    HAL_RCC_GetSysClockFreq                  0x080016d1   Thumb Code   190  stm32f1xx_hal_rcc.o(.text.HAL_RCC_GetSysClockFreq)
    HAL_RCC_OscConfig                        0x08001791   Thumb Code  1674  stm32f1xx_hal_rcc.o(.text.HAL_RCC_OscConfig)
    HAL_SYSTICK_Config                       0x08001e1d   Thumb Code    16  stm32f1xx_hal_cortex.o(.text.HAL_SYSTICK_Config)
    HAL_TIMEx_BreakCallback                  0x08001e2d   Thumb Code     8  stm32f1xx_hal_tim_ex.o(.text.HAL_TIMEx_BreakCallback)
    HAL_TIMEx_CommutCallback                 0x08001e35   Thumb Code     8  stm32f1xx_hal_tim_ex.o(.text.HAL_TIMEx_CommutCallback)
    HAL_TIMEx_MasterConfigSynchronization    0x08001e3d   Thumb Code   220  stm32f1xx_hal_tim_ex.o(.text.HAL_TIMEx_MasterConfigSynchronization)
    HAL_TIM_Base_Init                        0x08001f19   Thumb Code   166  stm32f1xx_hal_tim.o(.text.HAL_TIM_Base_Init)
    HAL_TIM_Base_MspInit                     0x08001fc1   Thumb Code    80  tim.o(.text.HAL_TIM_Base_MspInit)
    HAL_TIM_Base_Start_IT                    0x08002011   Thumb Code   176  stm32f1xx_hal_tim.o(.text.HAL_TIM_Base_Start_IT)
    HAL_TIM_ConfigClockSource                0x080020c1   Thumb Code   420  stm32f1xx_hal_tim.o(.text.HAL_TIM_ConfigClockSource)
    HAL_TIM_Encoder_Init                     0x08002265   Thumb Code   306  stm32f1xx_hal_tim.o(.text.HAL_TIM_Encoder_Init)
    HAL_TIM_Encoder_MspInit                  0x08002399   Thumb Code   260  tim.o(.text.HAL_TIM_Encoder_MspInit)
    HAL_TIM_Encoder_Start                    0x0800249d   Thumb Code   338  stm32f1xx_hal_tim.o(.text.HAL_TIM_Encoder_Start)
    HAL_TIM_IC_CaptureCallback               0x080025f1   Thumb Code     8  stm32f1xx_hal_tim.o(.text.HAL_TIM_IC_CaptureCallback)
    HAL_TIM_IRQHandler                       0x080025f9   Thumb Code   546  stm32f1xx_hal_tim.o(.text.HAL_TIM_IRQHandler)
    HAL_TIM_MspPostInit                      0x0800281d   Thumb Code    94  tim.o(.text.HAL_TIM_MspPostInit)
    HAL_TIM_OC_DelayElapsedCallback          0x0800287d   Thumb Code     8  stm32f1xx_hal_tim.o(.text.HAL_TIM_OC_DelayElapsedCallback)
    HAL_TIM_PWM_ConfigChannel                0x08002885   Thumb Code   322  stm32f1xx_hal_tim.o(.text.HAL_TIM_PWM_ConfigChannel)
    HAL_TIM_PWM_Init                         0x080029c9   Thumb Code   166  stm32f1xx_hal_tim.o(.text.HAL_TIM_PWM_Init)
    HAL_TIM_PWM_MspInit                      0x08002a71   Thumb Code    58  tim.o(.text.HAL_TIM_PWM_MspInit)
    HAL_TIM_PWM_PulseFinishedCallback        0x08002aad   Thumb Code     8  stm32f1xx_hal_tim.o(.text.HAL_TIM_PWM_PulseFinishedCallback)
    HAL_TIM_PWM_Start                        0x08002ab5   Thumb Code   356  stm32f1xx_hal_tim.o(.text.HAL_TIM_PWM_Start)
    HAL_TIM_PeriodElapsedCallback            0x08002c19   Thumb Code   896  main.o(.text.HAL_TIM_PeriodElapsedCallback)
    HAL_TIM_TriggerCallback                  0x08002f99   Thumb Code     8  stm32f1xx_hal_tim.o(.text.HAL_TIM_TriggerCallback)
    HAL_UARTEx_RxEventCallback               0x08002fa1   Thumb Code    14  stm32f1xx_hal_uart.o(.text.HAL_UARTEx_RxEventCallback)
    HAL_UART_ErrorCallback                   0x08002fb1   Thumb Code     8  stm32f1xx_hal_uart.o(.text.HAL_UART_ErrorCallback)
    HAL_UART_IRQHandler                      0x08002fb9   Thumb Code  1084  stm32f1xx_hal_uart.o(.text.HAL_UART_IRQHandler)
    HAL_UART_Init                            0x080033f5   Thumb Code   164  stm32f1xx_hal_uart.o(.text.HAL_UART_Init)
    HAL_UART_MspInit                         0x08003499   Thumb Code   354  usart.o(.text.HAL_UART_MspInit)
    HAL_UART_Receive_IT                      0x080035fd   Thumb Code    92  stm32f1xx_hal_uart.o(.text.HAL_UART_Receive_IT)
    HAL_UART_RxCpltCallback                  0x08003659   Thumb Code   504  main.o(.text.HAL_UART_RxCpltCallback)
    HAL_UART_Transmit_IT                     0x08003851   Thumb Code   120  stm32f1xx_hal_uart.o(.text.HAL_UART_Transmit_IT)
    HAL_UART_TxCpltCallback                  0x080038c9   Thumb Code     8  stm32f1xx_hal_uart.o(.text.HAL_UART_TxCpltCallback)
    HardFault_Handler                        0x080038d1   Thumb Code     4  stm32f1xx_it.o(.text.HardFault_Handler)
    I2C1_ER_IRQHandler                       0x080038d5   Thumb Code    16  stm32f1xx_it.o(.text.I2C1_ER_IRQHandler)
    I2C1_EV_IRQHandler                       0x080038e5   Thumb Code    16  stm32f1xx_it.o(.text.I2C1_EV_IRQHandler)
    I2C2_ER_IRQHandler                       0x080038f5   Thumb Code    16  stm32f1xx_it.o(.text.I2C2_ER_IRQHandler)
    I2C2_EV_IRQHandler                       0x08003905   Thumb Code    16  stm32f1xx_it.o(.text.I2C2_EV_IRQHandler)
    IMU_getAng                               0x08004e0d   Thumb Code   154  main.o(.text.IMU_getAng)
    MX_GPIO_Init                             0x08004ea9   Thumb Code   242  gpio.o(.text.MX_GPIO_Init)
    MX_I2C1_Init                             0x08004f9d   Thumb Code    68  i2c.o(.text.MX_I2C1_Init)
    MX_I2C2_Init                             0x08004fe1   Thumb Code    68  i2c.o(.text.MX_I2C2_Init)
    MX_TIM1_Init                             0x08005025   Thumb Code   132  tim.o(.text.MX_TIM1_Init)
    MX_TIM2_Init                             0x080050a9   Thumb Code   126  tim.o(.text.MX_TIM2_Init)
    MX_TIM3_Init                             0x08005129   Thumb Code   198  tim.o(.text.MX_TIM3_Init)
    MX_TIM4_Init                             0x080051f1   Thumb Code   136  tim.o(.text.MX_TIM4_Init)
    MX_USART1_UART_Init                      0x08005279   Thumb Code    60  usart.o(.text.MX_USART1_UART_Init)
    MX_USART2_UART_Init                      0x080052b5   Thumb Code    60  usart.o(.text.MX_USART2_UART_Init)
    MemManage_Handler                        0x080052f1   Thumb Code     4  stm32f1xx_it.o(.text.MemManage_Handler)
    NMI_Handler                              0x080052f5   Thumb Code     4  stm32f1xx_it.o(.text.NMI_Handler)
    PID_updInput                             0x08005369   Thumb Code   162  main.o(.text.PID_updInput)
    PID_updParam                             0x0800540d   Thumb Code   124  main.o(.text.PID_updParam)
    PendSV_Handler                           0x08005489   Thumb Code     2  stm32f1xx_it.o(.text.PendSV_Handler)
    SVC_Handler                              0x080054c9   Thumb Code     2  stm32f1xx_it.o(.text.SVC_Handler)
    SysTick_Handler                          0x08005521   Thumb Code     8  stm32f1xx_it.o(.text.SysTick_Handler)
    SystemClock_Config                       0x08005529   Thumb Code   118  main.o(.text.SystemClock_Config)
    SystemInit                               0x080055a1   Thumb Code     2  system_stm32f1xx.o(.text.SystemInit)
    TIM4_IRQHandler                          0x080055a5   Thumb Code    16  stm32f1xx_it.o(.text.TIM4_IRQHandler)
    TIM_Base_SetConfig                       0x080055b5   Thumb Code   264  stm32f1xx_hal_tim.o(.text.TIM_Base_SetConfig)
    TIM_CCxChannelCmd                        0x080056bd   Thumb Code    56  stm32f1xx_hal_tim.o(.text.TIM_CCxChannelCmd)
    TIM_ETR_SetConfig                        0x080056f5   Thumb Code    52  stm32f1xx_hal_tim.o(.text.TIM_ETR_SetConfig)
    TIM_OC2_SetConfig                        0x08005825   Thumb Code   216  stm32f1xx_hal_tim.o(.text.TIM_OC2_SetConfig)
    UART_Start_Receive_IT                    0x08005e21   Thumb Code   102  stm32f1xx_hal_uart.o(.text.UART_Start_Receive_IT)
    USART1_IRQHandler                        0x08005f21   Thumb Code    16  stm32f1xx_it.o(.text.USART1_IRQHandler)
    USART2_IRQHandler                        0x08005f31   Thumb Code    16  stm32f1xx_it.o(.text.USART2_IRQHandler)
    UsageFault_Handler                       0x08005f41   Thumb Code     4  stm32f1xx_it.o(.text.UsageFault_Handler)
    drive_motor                              0x08006009   Thumb Code   284  main.o(.text.drive_motor)
    gc_pid_initialize                        0x08006125   Thumb Code   152  gc_pid.o(.text.gc_pid_initialize)
    gc_pid_step                              0x080061bd   Thumb Code  3300  gc_pid.o(.text.gc_pid_step)
    lineTrack_update                         0x08006ea1   Thumb Code  1988  main.o(.text.lineTrack_update)
    main                                     0x08007665   Thumb Code  1946  main.o(.text.main)
    motor_updEcd                             0x08007e01   Thumb Code   134  main.o(.text.motor_updEcd)
    motor_updPID                             0x08007e89   Thumb Code    84  main.o(.text.motor_updPID)
    setMotor_CCW                             0x08007edd   Thumb Code    46  main.o(.text.setMotor_CCW)
    setMotor_CW                              0x08007f0d   Thumb Code    46  main.o(.text.setMotor_CW)
    __aeabi_d2f                              0x08007f3d   Thumb Code     0  d2f.o(x$fpl$d2f)
    _d2f                                     0x08007f3d   Thumb Code    98  d2f.o(x$fpl$d2f)
    __aeabi_dadd                             0x08007fa1   Thumb Code     0  daddsub_clz.o(x$fpl$dadd)
    _dadd                                    0x08007fa1   Thumb Code   332  daddsub_clz.o(x$fpl$dadd)
    __aeabi_dmul                             0x080080f1   Thumb Code     0  dmul.o(x$fpl$dmul)
    _dmul                                    0x080080f1   Thumb Code   332  dmul.o(x$fpl$dmul)
    __fpl_dnaninf                            0x08008245   Thumb Code   156  dnaninf.o(x$fpl$dnaninf)
    __fpl_dretinf                            0x080082e1   Thumb Code    12  dretinf.o(x$fpl$dretinf)
    __aeabi_dsub                             0x080082ed   Thumb Code     0  daddsub_clz.o(x$fpl$dsub)
    _dsub                                    0x080082ed   Thumb Code   464  daddsub_clz.o(x$fpl$dsub)
    __aeabi_f2d                              0x080084c1   Thumb Code     0  f2d.o(x$fpl$f2d)
    _f2d                                     0x080084c1   Thumb Code    86  f2d.o(x$fpl$f2d)
    __aeabi_fadd                             0x08008519   Thumb Code     0  faddsub_clz.o(x$fpl$fadd)
    _fadd                                    0x08008519   Thumb Code   196  faddsub_clz.o(x$fpl$fadd)
    __aeabi_fcmpeq                           0x080085dd   Thumb Code     0  fcmp.o(x$fpl$fcmp)
    _feq                                     0x080085dd   Thumb Code    14  fcmp.o(x$fpl$fcmp)
    _fneq                                    0x080085eb   Thumb Code    14  fcmp.o(x$fpl$fcmp)
    __aeabi_fcmpgt                           0x080085f9   Thumb Code     0  fcmp.o(x$fpl$fcmp)
    _fgr                                     0x080085f9   Thumb Code    14  fcmp.o(x$fpl$fcmp)
    __aeabi_fcmpge                           0x08008607   Thumb Code     0  fcmp.o(x$fpl$fcmp)
    _fgeq                                    0x08008607   Thumb Code    14  fcmp.o(x$fpl$fcmp)
    __aeabi_fcmple                           0x08008615   Thumb Code     0  fcmp.o(x$fpl$fcmp)
    _fleq                                    0x08008615   Thumb Code    14  fcmp.o(x$fpl$fcmp)
    __aeabi_fcmplt                           0x08008623   Thumb Code     0  fcmp.o(x$fpl$fcmp)
    _fls                                     0x08008623   Thumb Code    14  fcmp.o(x$fpl$fcmp)
    __fpl_fcmp_Inf                           0x08008631   Thumb Code    24  fcmpi.o(x$fpl$fcmpinf)
    __aeabi_fdiv                             0x08008649   Thumb Code     0  fdiv.o(x$fpl$fdiv)
    _fdiv                                    0x08008649   Thumb Code   384  fdiv.o(x$fpl$fdiv)
    __aeabi_cfcmpeq                          0x080087cd   Thumb Code     0  feqf.o(x$fpl$feqf)
    _fcmpeq                                  0x080087cd   Thumb Code   104  feqf.o(x$fpl$feqf)
    __aeabi_f2iz                             0x08008835   Thumb Code     0  ffix.o(x$fpl$ffix)
    _ffix                                    0x08008835   Thumb Code    54  ffix.o(x$fpl$ffix)
    __aeabi_i2f                              0x0800886d   Thumb Code     0  fflt_clz.o(x$fpl$fflt)
    _fflt                                    0x0800886d   Thumb Code    48  fflt_clz.o(x$fpl$fflt)
    __aeabi_ui2f                             0x0800889d   Thumb Code     0  fflt_clz.o(x$fpl$ffltu)
    _ffltu                                   0x0800889d   Thumb Code    38  fflt_clz.o(x$fpl$ffltu)
    _fcmpge                                  0x080088c5   Thumb Code   104  fgeqf.o(x$fpl$fgeqf)
    __aeabi_cfcmple                          0x0800892d   Thumb Code     0  fleqf.o(x$fpl$fleqf)
    _fcmple                                  0x0800892d   Thumb Code   104  fleqf.o(x$fpl$fleqf)
    __fpl_fcmple_InfNaN                      0x0800897f   Thumb Code     0  fleqf.o(x$fpl$fleqf)
    __aeabi_fmul                             0x08008995   Thumb Code     0  fmul.o(x$fpl$fmul)
    _fmul                                    0x08008995   Thumb Code   258  fmul.o(x$fpl$fmul)
    __fpl_fnaninf                            0x08008a97   Thumb Code   140  fnaninf.o(x$fpl$fnaninf)
    __fpl_fretinf                            0x08008b23   Thumb Code    10  fretinf.o(x$fpl$fretinf)
    __aeabi_fsub                             0x08008b2d   Thumb Code     0  faddsub_clz.o(x$fpl$fsub)
    _fsub                                    0x08008b2d   Thumb Code   234  faddsub_clz.o(x$fpl$fsub)
    AHBPrescTable                            0x08008c16   Data          16  system_stm32f1xx.o(.rodata.AHBPrescTable)
    __I$use$fp                               0x08008c16   Number         0  usenofp.o(x$fpl$usenofp)
    APBPrescTable                            0x08008c26   Data           8  system_stm32f1xx.o(.rodata.APBPrescTable)
    Region$$Table$$Base                      0x08008c40   Number         0  anon$$obj.o(Region$$Table)
    Region$$Table$$Limit                     0x08008c60   Number         0  anon$$obj.o(Region$$Table)
    CAR_STATE                                0x20000000   Data           1  main.o(.data.CAR_STATE)
    SystemCoreClock                          0x20000004   Data           4  system_stm32f1xx.o(.data.SystemCoreClock)
    motor_left                               0x20000008   Data          44  main.o(.data.motor_left)
    motor_right                              0x20000034   Data          44  main.o(.data.motor_right)
    pid_param                                0x20000060   Data          76  main.o(.data.pid_param)
    rate                                     0x200000ac   Data           2  main.o(.data.rate)
    rtP                                      0x200000b0   Data         288  gc_pid_data.o(.data.rtP)
    tof_dis1                                 0x200001d0   Data           2  main.o(.data.tof_dis1)
    tof_dis1_l                               0x200001d2   Data           2  main.o(.data.tof_dis1_l)
    tof_dis1_ll                              0x200001d4   Data           2  main.o(.data.tof_dis1_ll)
    tof_dis2                                 0x200001d6   Data           2  main.o(.data.tof_dis2)
    tof_dis2_l                               0x200001d8   Data           2  main.o(.data.tof_dis2_l)
    tof_dis2_ll                              0x200001da   Data           2  main.o(.data.tof_dis2_ll)
    uart1_tx_resetZaxis                      0x200001dc   Data           3  main.o(.data.uart1_tx_resetZaxis)
    uart1_tx_setWidth                        0x200001df   Data           3  main.o(.data.uart1_tx_setWidth)
    uwTickFreq                               0x200001e2   Data           1  stm32f1xx_hal.o(.data.uwTickFreq)
    uwTickPrio                               0x200001e4   Data           4  stm32f1xx_hal.o(.data.uwTickPrio)
    __libspace_start                         0x200001e8   Data          96  libspace.o(.bss)
    __temporary_stack_top$libspace           0x20000248   Data           0  libspace.o(.bss)
    ang_ori                                  0x20000248   Data           4  main.o(.bss.ang_ori)
    ang_real                                 0x2000024c   Data           4  main.o(.bss.ang_real)
    ang_tar                                  0x20000250   Data           4  main.o(.bss.ang_tar)
    case2_cnt                                0x20000254   Data           2  main.o(.bss.case2_cnt)
    case3_cnt                                0x20000256   Data           2  main.o(.bss.case3_cnt)
    case4_cnt                                0x20000258   Data           2  main.o(.bss.case4_cnt)
    case5_cnt                                0x2000025a   Data           2  main.o(.bss.case5_cnt)
    case6_cnt                                0x2000025c   Data           2  main.o(.bss.case6_cnt)
    case7_cnt                                0x2000025e   Data           2  main.o(.bss.case7_cnt)
    cnt_max                                  0x20000260   Data           2  main.o(.bss.cnt_max)
    hi2c1                                    0x20000264   Data          84  i2c.o(.bss.hi2c1)
    hi2c2                                    0x200002b8   Data          84  i2c.o(.bss.hi2c2)
    high_speed_cnt                           0x2000030c   Data           2  main.o(.bss.high_speed_cnt)
    high_speed_code                          0x2000030e   Data           2  main.o(.bss.high_speed_code)
    htim1                                    0x20000310   Data          72  tim.o(.bss.htim1)
    htim2                                    0x20000358   Data          72  tim.o(.bss.htim2)
    htim3                                    0x200003a0   Data          72  tim.o(.bss.htim3)
    htim4                                    0x200003e8   Data          72  tim.o(.bss.htim4)
    huart1                                   0x20000430   Data          72  usart.o(.bss.huart1)
    huart2                                   0x20000478   Data          72  usart.o(.bss.huart2)
    imu_buffer                               0x200004c0   Data          16  main.o(.bss.imu_buffer)
    imu_cnt                                  0x200004d0   Data           2  main.o(.bss.imu_cnt)
    imu_data                                 0x200004d4   Data          12  main.o(.bss.imu_data)
    line_track                               0x200004e0   Data           4  main.o(.bss.line_track)
    rtDW                                     0x200004e4   Data          64  gc_pid.o(.bss.rtDW)
    rtU                                      0x20000528   Data          36  gc_pid.o(.bss.rtU)
    rtY                                      0x2000054c   Data          12  gc_pid.o(.bss.rtY)
    stop_cnt                                 0x20000558   Data           2  main.o(.bss.stop_cnt)
    stop_code                                0x2000055a   Data           2  main.o(.bss.stop_code)
    tim4_cnt                                 0x2000055c   Data           4  main.o(.bss.tim4_cnt)
    tmp_tar                                  0x20000560   Data           4  main.o(.bss.tmp_tar)
    tof_cnt                                  0x20000564   Data           2  main.o(.bss.tof_cnt)
    track_state                              0x20000568   Data          32  main.o(.bss.track_state)
    uart1_index                              0x20000588   Data           1  main.o(.bss.uart1_index)
    uart1_rx_buffer                          0x20000589   Data          64  main.o(.bss.uart1_rx_buffer)
    uart2_rx_buffer                          0x200005c9   Data           8  main.o(.bss.uart2_rx_buffer)
    uart_cnt                                 0x200005d4   Data           4  main.o(.bss.uart_cnt)
    uwTick                                   0x200005d8   Data           4  stm32f1xx_hal.o(.bss.uwTick)



==============================================================================

Memory Map of the image

  Image Entry point : 0x080000ed

  Load Region LR_IROM1 (Base: 0x08000000, Size: 0x00008e48, Max: 0x00010000, ABSOLUTE, COMPRESSED[0x00008d00])

    Execution Region ER_IROM1 (Exec base: 0x08000000, Load base: 0x08000000, Size: 0x00008c60, Max: 0x00010000, ABSOLUTE)

    Exec Addr    Load Addr    Size         Type   Attr      Idx    E Section Name        Object

    0x08000000   0x08000000   0x000000ec   Data   RO            3    RESET               startup_stm32f103xb.o
    0x080000ec   0x080000ec   0x00000008   Code   RO         1431  * !!!main             c_w.l(__main.o)
    0x080000f4   0x080000f4   0x00000034   Code   RO         1659    !!!scatter          c_w.l(__scatter.o)
    0x08000128   0x08000128   0x0000005a   Code   RO         1657    !!dczerorl2         c_w.l(__dczerorl2.o)
    0x08000182   0x08000182   0x00000002   PAD
    0x08000184   0x08000184   0x0000001c   Code   RO         1661    !!handler_zi        c_w.l(__scatter_zi.o)
    0x080001a0   0x080001a0   0x00000002   Code   RO         1521    .ARM.Collect$$libinit$$00000000  c_w.l(libinit.o)
    0x080001a2   0x080001a2   0x00000000   Code   RO         1528    .ARM.Collect$$libinit$$00000002  c_w.l(libinit2.o)
    0x080001a2   0x080001a2   0x00000000   Code   RO         1530    .ARM.Collect$$libinit$$00000004  c_w.l(libinit2.o)
    0x080001a2   0x080001a2   0x00000000   Code   RO         1533    .ARM.Collect$$libinit$$0000000A  c_w.l(libinit2.o)
    0x080001a2   0x080001a2   0x00000000   Code   RO         1535    .ARM.Collect$$libinit$$0000000C  c_w.l(libinit2.o)
    0x080001a2   0x080001a2   0x00000000   Code   RO         1537    .ARM.Collect$$libinit$$0000000E  c_w.l(libinit2.o)
    0x080001a2   0x080001a2   0x00000000   Code   RO         1540    .ARM.Collect$$libinit$$00000011  c_w.l(libinit2.o)
    0x080001a2   0x080001a2   0x00000000   Code   RO         1542    .ARM.Collect$$libinit$$00000013  c_w.l(libinit2.o)
    0x080001a2   0x080001a2   0x00000000   Code   RO         1544    .ARM.Collect$$libinit$$00000015  c_w.l(libinit2.o)
    0x080001a2   0x080001a2   0x00000000   Code   RO         1546    .ARM.Collect$$libinit$$00000017  c_w.l(libinit2.o)
    0x080001a2   0x080001a2   0x00000000   Code   RO         1548    .ARM.Collect$$libinit$$00000019  c_w.l(libinit2.o)
    0x080001a2   0x080001a2   0x00000000   Code   RO         1550    .ARM.Collect$$libinit$$0000001B  c_w.l(libinit2.o)
    0x080001a2   0x080001a2   0x00000000   Code   RO         1552    .ARM.Collect$$libinit$$0000001D  c_w.l(libinit2.o)
    0x080001a2   0x080001a2   0x00000000   Code   RO         1554    .ARM.Collect$$libinit$$0000001F  c_w.l(libinit2.o)
    0x080001a2   0x080001a2   0x00000000   Code   RO         1556    .ARM.Collect$$libinit$$00000021  c_w.l(libinit2.o)
    0x080001a2   0x080001a2   0x00000000   Code   RO         1558    .ARM.Collect$$libinit$$00000023  c_w.l(libinit2.o)
    0x080001a2   0x080001a2   0x00000000   Code   RO         1560    .ARM.Collect$$libinit$$00000025  c_w.l(libinit2.o)
    0x080001a2   0x080001a2   0x00000000   Code   RO         1564    .ARM.Collect$$libinit$$0000002C  c_w.l(libinit2.o)
    0x080001a2   0x080001a2   0x00000000   Code   RO         1566    .ARM.Collect$$libinit$$0000002E  c_w.l(libinit2.o)
    0x080001a2   0x080001a2   0x00000000   Code   RO         1568    .ARM.Collect$$libinit$$00000030  c_w.l(libinit2.o)
    0x080001a2   0x080001a2   0x00000000   Code   RO         1570    .ARM.Collect$$libinit$$00000032  c_w.l(libinit2.o)
    0x080001a2   0x080001a2   0x00000002   Code   RO         1571    .ARM.Collect$$libinit$$00000033  c_w.l(libinit2.o)
    0x080001a4   0x080001a4   0x00000002   Code   RO         1593    .ARM.Collect$$libshutdown$$00000000  c_w.l(libshutdown.o)
    0x080001a6   0x080001a6   0x00000000   Code   RO         1608    .ARM.Collect$$libshutdown$$00000002  c_w.l(libshutdown2.o)
    0x080001a6   0x080001a6   0x00000000   Code   RO         1610    .ARM.Collect$$libshutdown$$00000004  c_w.l(libshutdown2.o)
    0x080001a6   0x080001a6   0x00000000   Code   RO         1613    .ARM.Collect$$libshutdown$$00000007  c_w.l(libshutdown2.o)
    0x080001a6   0x080001a6   0x00000000   Code   RO         1616    .ARM.Collect$$libshutdown$$0000000A  c_w.l(libshutdown2.o)
    0x080001a6   0x080001a6   0x00000000   Code   RO         1618    .ARM.Collect$$libshutdown$$0000000C  c_w.l(libshutdown2.o)
    0x080001a6   0x080001a6   0x00000000   Code   RO         1621    .ARM.Collect$$libshutdown$$0000000F  c_w.l(libshutdown2.o)
    0x080001a6   0x080001a6   0x00000002   Code   RO         1622    .ARM.Collect$$libshutdown$$00000010  c_w.l(libshutdown2.o)
    0x080001a8   0x080001a8   0x00000000   Code   RO         1471    .ARM.Collect$$rtentry$$00000000  c_w.l(__rtentry.o)
    0x080001a8   0x080001a8   0x00000000   Code   RO         1494    .ARM.Collect$$rtentry$$00000002  c_w.l(__rtentry2.o)
    0x080001a8   0x080001a8   0x00000006   Code   RO         1506    .ARM.Collect$$rtentry$$00000004  c_w.l(__rtentry4.o)
    0x080001ae   0x080001ae   0x00000000   Code   RO         1496    .ARM.Collect$$rtentry$$00000009  c_w.l(__rtentry2.o)
    0x080001ae   0x080001ae   0x00000004   Code   RO         1497    .ARM.Collect$$rtentry$$0000000A  c_w.l(__rtentry2.o)
    0x080001b2   0x080001b2   0x00000000   Code   RO         1499    .ARM.Collect$$rtentry$$0000000C  c_w.l(__rtentry2.o)
    0x080001b2   0x080001b2   0x00000008   Code   RO         1500    .ARM.Collect$$rtentry$$0000000D  c_w.l(__rtentry2.o)
    0x080001ba   0x080001ba   0x00000002   Code   RO         1525    .ARM.Collect$$rtexit$$00000000  c_w.l(rtexit.o)
    0x080001bc   0x080001bc   0x00000000   Code   RO         1573    .ARM.Collect$$rtexit$$00000002  c_w.l(rtexit2.o)
    0x080001bc   0x080001bc   0x00000004   Code   RO         1574    .ARM.Collect$$rtexit$$00000003  c_w.l(rtexit2.o)
    0x080001c0   0x080001c0   0x00000006   Code   RO         1575    .ARM.Collect$$rtexit$$00000004  c_w.l(rtexit2.o)
    0x080001c6   0x080001c6   0x00000002   PAD
    0x080001c8   0x080001c8   0x00000040   Code   RO            4    .text               startup_stm32f103xb.o
    0x08000208   0x08000208   0x0000004e   Code   RO         1427    .text               c_w.l(rt_memclr_w.o)
    0x08000256   0x08000256   0x00000006   Code   RO         1429    .text               c_w.l(heapauxi.o)
    0x0800025c   0x0800025c   0x0000004a   Code   RO         1512    .text               c_w.l(sys_stackheap_outer.o)
    0x080002a6   0x080002a6   0x00000012   Code   RO         1514    .text               c_w.l(exit.o)
    0x080002b8   0x080002b8   0x00000008   Code   RO         1522    .text               c_w.l(libspace.o)
    0x080002c0   0x080002c0   0x0000000c   Code   RO         1583    .text               c_w.l(sys_exit.o)
    0x080002cc   0x080002cc   0x00000002   Code   RO         1598    .text               c_w.l(use_no_semi.o)
    0x080002ce   0x080002ce   0x00000000   Code   RO         1600    .text               c_w.l(indicate_semi.o)
    0x080002ce   0x080002ce   0x00000002   PAD
    0x080002d0   0x080002d0   0x00000004   Code   RO          182    .text.BusFault_Handler  stm32f1xx_it.o
    0x080002d4   0x080002d4   0x00000044   Code   RO           17    .text.CRC_check     main.o
    0x08000318   0x08000318   0x00000002   Code   RO          188    .text.DebugMon_Handler  stm32f1xx_it.o
    0x0800031a   0x0800031a   0x00000002   PAD
    0x0800031c   0x0800031c   0x0000000e   Code   RO           41    .text.Error_Handler  main.o
    0x0800032a   0x0800032a   0x00000002   PAD
    0x0800032c   0x0800032c   0x0000007e   Code   RO          554    .text.HAL_DMA_Abort  stm32f1xx_hal_dma.o
    0x080003aa   0x080003aa   0x00000002   PAD
    0x080003ac   0x080003ac   0x0000011e   Code   RO          556    .text.HAL_DMA_Abort_IT  stm32f1xx_hal_dma.o
    0x080004ca   0x080004ca   0x00000002   PAD
    0x080004cc   0x080004cc   0x0000000e   Code   RO          566    .text.HAL_DMA_GetState  stm32f1xx_hal_dma.o
    0x080004da   0x080004da   0x00000002   PAD
    0x080004dc   0x080004dc   0x00000044   Code   RO          427    .text.HAL_Delay     stm32f1xx_hal.o
    0x08000520   0x08000520   0x0000032e   Code   RO          521    .text.HAL_GPIO_Init  stm32f1xx_hal_gpio.o
    0x0800084e   0x0800084e   0x00000002   PAD
    0x08000850   0x08000850   0x00000030   Code   RO          525    .text.HAL_GPIO_ReadPin  stm32f1xx_hal_gpio.o
    0x08000880   0x08000880   0x00000034   Code   RO          527    .text.HAL_GPIO_WritePin  stm32f1xx_hal_gpio.o
    0x080008b4   0x080008b4   0x0000000c   Code   RO          419    .text.HAL_GetTick   stm32f1xx_hal.o
    0x080008c0   0x080008c0   0x00000008   Code   RO          384    .text.HAL_I2C_AbortCpltCallback  stm32f1xx_hal_i2c.o
    0x080008c8   0x080008c8   0x00000014   Code   RO          374    .text.HAL_I2C_AddrCallback  stm32f1xx_hal_i2c.o
    0x080008dc   0x080008dc   0x00000192   Code   RO          362    .text.HAL_I2C_ER_IRQHandler  stm32f1xx_hal_i2c.o
    0x08000a6e   0x08000a6e   0x00000002   PAD
    0x08000a70   0x08000a70   0x000003d4   Code   RO          330    .text.HAL_I2C_EV_IRQHandler  stm32f1xx_hal_i2c.o
    0x08000e44   0x08000e44   0x00000008   Code   RO          382    .text.HAL_I2C_ErrorCallback  stm32f1xx_hal_i2c.o
    0x08000e4c   0x08000e4c   0x000002ba   Code   RO          236    .text.HAL_I2C_Init  stm32f1xx_hal_i2c.o
    0x08001106   0x08001106   0x00000002   PAD
    0x08001108   0x08001108   0x00000008   Code   RO          376    .text.HAL_I2C_ListenCpltCallback  stm32f1xx_hal_i2c.o
    0x08001110   0x08001110   0x00000008   Code   RO          368    .text.HAL_I2C_MasterRxCpltCallback  stm32f1xx_hal_i2c.o
    0x08001118   0x08001118   0x00000008   Code   RO          366    .text.HAL_I2C_MasterTxCpltCallback  stm32f1xx_hal_i2c.o
    0x08001120   0x08001120   0x00000008   Code   RO          380    .text.HAL_I2C_MemRxCpltCallback  stm32f1xx_hal_i2c.o
    0x08001128   0x08001128   0x00000008   Code   RO          378    .text.HAL_I2C_MemTxCpltCallback  stm32f1xx_hal_i2c.o
    0x08001130   0x08001130   0x0000015c   Code   RO          113    .text.HAL_I2C_MspInit  i2c.o
    0x0800128c   0x0800128c   0x00000008   Code   RO          372    .text.HAL_I2C_SlaveRxCpltCallback  stm32f1xx_hal_i2c.o
    0x08001294   0x08001294   0x00000008   Code   RO          370    .text.HAL_I2C_SlaveTxCpltCallback  stm32f1xx_hal_i2c.o
    0x0800129c   0x0800129c   0x0000001a   Code   RO          417    .text.HAL_IncTick   stm32f1xx_hal.o
    0x080012b6   0x080012b6   0x00000002   PAD
    0x080012b8   0x080012b8   0x0000002c   Code   RO          407    .text.HAL_Init      stm32f1xx_hal.o
    0x080012e4   0x080012e4   0x00000072   Code   RO          409    .text.HAL_InitTick  stm32f1xx_hal.o
    0x08001356   0x08001356   0x00000002   PAD
    0x08001358   0x08001358   0x00000064   Code   RO          215    .text.HAL_MspInit   stm32f1xx_hal_msp.o
    0x080013bc   0x080013bc   0x00000018   Code   RO          589    .text.HAL_NVIC_EnableIRQ  stm32f1xx_hal_cortex.o
    0x080013d4   0x080013d4   0x00000040   Code   RO          581    .text.HAL_NVIC_SetPriority  stm32f1xx_hal_cortex.o
    0x08001414   0x08001414   0x00000010   Code   RO          577    .text.HAL_NVIC_SetPriorityGrouping  stm32f1xx_hal_cortex.o
    0x08001424   0x08001424   0x00000258   Code   RO          473    .text.HAL_RCC_ClockConfig  stm32f1xx_hal_rcc.o
    0x0800167c   0x0800167c   0x0000000c   Code   RO          483    .text.HAL_RCC_GetHCLKFreq  stm32f1xx_hal_rcc.o
    0x08001688   0x08001688   0x00000022   Code   RO          485    .text.HAL_RCC_GetPCLK1Freq  stm32f1xx_hal_rcc.o
    0x080016aa   0x080016aa   0x00000002   PAD
    0x080016ac   0x080016ac   0x00000022   Code   RO          487    .text.HAL_RCC_GetPCLK2Freq  stm32f1xx_hal_rcc.o
    0x080016ce   0x080016ce   0x00000002   PAD
    0x080016d0   0x080016d0   0x000000be   Code   RO          475    .text.HAL_RCC_GetSysClockFreq  stm32f1xx_hal_rcc.o
    0x0800178e   0x0800178e   0x00000002   PAD
    0x08001790   0x08001790   0x0000068a   Code   RO          469    .text.HAL_RCC_OscConfig  stm32f1xx_hal_rcc.o
    0x08001e1a   0x08001e1a   0x00000002   PAD
    0x08001e1c   0x08001e1c   0x00000010   Code   RO          601    .text.HAL_SYSTICK_Config  stm32f1xx_hal_cortex.o
    0x08001e2c   0x08001e2c   0x00000008   Code   RO         1108    .text.HAL_TIMEx_BreakCallback  stm32f1xx_hal_tim_ex.o
    0x08001e34   0x08001e34   0x00000008   Code   RO         1104    .text.HAL_TIMEx_CommutCallback  stm32f1xx_hal_tim_ex.o
    0x08001e3c   0x08001e3c   0x000000dc   Code   RO         1098    .text.HAL_TIMEx_MasterConfigSynchronization  stm32f1xx_hal_tim_ex.o
    0x08001f18   0x08001f18   0x000000a6   Code   RO          785    .text.HAL_TIM_Base_Init  stm32f1xx_hal_tim.o
    0x08001fbe   0x08001fbe   0x00000002   PAD
    0x08001fc0   0x08001fc0   0x00000050   Code   RO          140    .text.HAL_TIM_Base_MspInit  tim.o
    0x08002010   0x08002010   0x000000b0   Code   RO          799    .text.HAL_TIM_Base_Start_IT  stm32f1xx_hal_tim.o
    0x080020c0   0x080020c0   0x000001a4   Code   RO          977    .text.HAL_TIM_ConfigClockSource  stm32f1xx_hal_tim.o
    0x08002264   0x08002264   0x00000132   Code   RO          899    .text.HAL_TIM_Encoder_Init  stm32f1xx_hal_tim.o
    0x08002396   0x08002396   0x00000002   PAD
    0x08002398   0x08002398   0x00000104   Code   RO          136    .text.HAL_TIM_Encoder_MspInit  tim.o
    0x0800249c   0x0800249c   0x00000152   Code   RO          907    .text.HAL_TIM_Encoder_Start  stm32f1xx_hal_tim.o
    0x080025ee   0x080025ee   0x00000002   PAD
    0x080025f0   0x080025f0   0x00000008   Code   RO          921    .text.HAL_TIM_IC_CaptureCallback  stm32f1xx_hal_tim.o
    0x080025f8   0x080025f8   0x00000222   Code   RO          919    .text.HAL_TIM_IRQHandler  stm32f1xx_hal_tim.o
    0x0800281a   0x0800281a   0x00000002   PAD
    0x0800281c   0x0800281c   0x0000005e   Code   RO          132    .text.HAL_TIM_MspPostInit  tim.o
    0x0800287a   0x0800287a   0x00000002   PAD
    0x0800287c   0x0800287c   0x00000008   Code   RO          923    .text.HAL_TIM_OC_DelayElapsedCallback  stm32f1xx_hal_tim.o
    0x08002884   0x08002884   0x00000142   Code   RO          951    .text.HAL_TIM_PWM_ConfigChannel  stm32f1xx_hal_tim.o
    0x080029c6   0x080029c6   0x00000002   PAD
    0x080029c8   0x080029c8   0x000000a6   Code   RO          839    .text.HAL_TIM_PWM_Init  stm32f1xx_hal_tim.o
    0x08002a6e   0x08002a6e   0x00000002   PAD
    0x08002a70   0x08002a70   0x0000003a   Code   RO          138    .text.HAL_TIM_PWM_MspInit  tim.o
    0x08002aaa   0x08002aaa   0x00000002   PAD
    0x08002aac   0x08002aac   0x00000008   Code   RO          925    .text.HAL_TIM_PWM_PulseFinishedCallback  stm32f1xx_hal_tim.o
    0x08002ab4   0x08002ab4   0x00000164   Code   RO          847    .text.HAL_TIM_PWM_Start  stm32f1xx_hal_tim.o
    0x08002c18   0x08002c18   0x00000380   Code   RO           45    .text.HAL_TIM_PeriodElapsedCallback  main.o
    0x08002f98   0x08002f98   0x00000008   Code   RO          929    .text.HAL_TIM_TriggerCallback  stm32f1xx_hal_tim.o
    0x08002fa0   0x08002fa0   0x0000000e   Code   RO         1213    .text.HAL_UARTEx_RxEventCallback  stm32f1xx_hal_uart.o
    0x08002fae   0x08002fae   0x00000002   PAD
    0x08002fb0   0x08002fb0   0x00000008   Code   RO         1211    .text.HAL_UART_ErrorCallback  stm32f1xx_hal_uart.o
    0x08002fb8   0x08002fb8   0x0000043c   Code   RO         1205    .text.HAL_UART_IRQHandler  stm32f1xx_hal_uart.o
    0x080033f4   0x080033f4   0x000000a4   Code   RO         1121    .text.HAL_UART_Init  stm32f1xx_hal_uart.o
    0x08003498   0x08003498   0x00000162   Code   RO          163    .text.HAL_UART_MspInit  usart.o
    0x080035fa   0x080035fa   0x00000002   PAD
    0x080035fc   0x080035fc   0x0000005c   Code   RO         1145    .text.HAL_UART_Receive_IT  stm32f1xx_hal_uart.o
    0x08003658   0x08003658   0x000001f8   Code   RO           43    .text.HAL_UART_RxCpltCallback  main.o
    0x08003850   0x08003850   0x00000078   Code   RO         1143    .text.HAL_UART_Transmit_IT  stm32f1xx_hal_uart.o
    0x080038c8   0x080038c8   0x00000008   Code   RO         1219    .text.HAL_UART_TxCpltCallback  stm32f1xx_hal_uart.o
    0x080038d0   0x080038d0   0x00000004   Code   RO          178    .text.HardFault_Handler  stm32f1xx_it.o
    0x080038d4   0x080038d4   0x00000010   Code   RO          198    .text.I2C1_ER_IRQHandler  stm32f1xx_it.o
    0x080038e4   0x080038e4   0x00000010   Code   RO          196    .text.I2C1_EV_IRQHandler  stm32f1xx_it.o
    0x080038f4   0x080038f4   0x00000010   Code   RO          202    .text.I2C2_ER_IRQHandler  stm32f1xx_it.o
    0x08003904   0x08003904   0x00000010   Code   RO          200    .text.I2C2_EV_IRQHandler  stm32f1xx_it.o
    0x08003914   0x08003914   0x00000034   Code   RO          332    .text.I2C_ConvertOtherXferOptions  stm32f1xx_hal_i2c.o
    0x08003948   0x08003948   0x00000160   Code   RO          316    .text.I2C_DMAAbort  stm32f1xx_hal_i2c.o
    0x08003aa8   0x08003aa8   0x00000024   Code   RO          392    .text.I2C_Flush_DR  stm32f1xx_hal_i2c.o
    0x08003acc   0x08003acc   0x00000280   Code   RO          328    .text.I2C_ITError   stm32f1xx_hal_i2c.o
    0x08003d4c   0x08003d4c   0x000001ac   Code   RO          348    .text.I2C_MasterReceive_BTF  stm32f1xx_hal_i2c.o
    0x08003ef8   0x08003ef8   0x0000016a   Code   RO          346    .text.I2C_MasterReceive_RXNE  stm32f1xx_hal_i2c.o
    0x08004062   0x08004062   0x00000002   PAD
    0x08004064   0x08004064   0x000000e0   Code   RO          342    .text.I2C_MasterTransmit_BTF  stm32f1xx_hal_i2c.o
    0x08004144   0x08004144   0x00000140   Code   RO          340    .text.I2C_MasterTransmit_TXE  stm32f1xx_hal_i2c.o
    0x08004284   0x08004284   0x0000004e   Code   RO          336    .text.I2C_Master_ADD10  stm32f1xx_hal_i2c.o
    0x080042d2   0x080042d2   0x00000002   PAD
    0x080042d4   0x080042d4   0x0000035e   Code   RO          338    .text.I2C_Master_ADDR  stm32f1xx_hal_i2c.o
    0x08004632   0x08004632   0x00000002   PAD
    0x08004634   0x08004634   0x000000fc   Code   RO          334    .text.I2C_Master_SB  stm32f1xx_hal_i2c.o
    0x08004730   0x08004730   0x0000012e   Code   RO          344    .text.I2C_MemoryTransmit_TXE_BTF  stm32f1xx_hal_i2c.o
    0x0800485e   0x0800485e   0x00000002   PAD
    0x08004860   0x08004860   0x00000030   Code   RO          360    .text.I2C_SlaveReceive_BTF  stm32f1xx_hal_i2c.o
    0x08004890   0x08004890   0x00000072   Code   RO          358    .text.I2C_SlaveReceive_RXNE  stm32f1xx_hal_i2c.o
    0x08004902   0x08004902   0x00000002   PAD
    0x08004904   0x08004904   0x0000002e   Code   RO          356    .text.I2C_SlaveTransmit_BTF  stm32f1xx_hal_i2c.o
    0x08004932   0x08004932   0x00000002   PAD
    0x08004934   0x08004934   0x00000070   Code   RO          354    .text.I2C_SlaveTransmit_TXE  stm32f1xx_hal_i2c.o
    0x080049a4   0x080049a4   0x000000ae   Code   RO          350    .text.I2C_Slave_ADDR  stm32f1xx_hal_i2c.o
    0x08004a52   0x08004a52   0x00000002   PAD
    0x08004a54   0x08004a54   0x000000e4   Code   RO          364    .text.I2C_Slave_AF  stm32f1xx_hal_i2c.o
    0x08004b38   0x08004b38   0x00000258   Code   RO          352    .text.I2C_Slave_STOPF  stm32f1xx_hal_i2c.o
    0x08004d90   0x08004d90   0x0000007a   Code   RO          394    .text.I2C_WaitOnSTOPRequestThroughIT  stm32f1xx_hal_i2c.o
    0x08004e0a   0x08004e0a   0x00000002   PAD
    0x08004e0c   0x08004e0c   0x0000009a   Code   RO           19    .text.IMU_getAng    main.o
    0x08004ea6   0x08004ea6   0x00000002   PAD
    0x08004ea8   0x08004ea8   0x000000f2   Code   RO          101    .text.MX_GPIO_Init  gpio.o
    0x08004f9a   0x08004f9a   0x00000002   PAD
    0x08004f9c   0x08004f9c   0x00000044   Code   RO          109    .text.MX_I2C1_Init  i2c.o
    0x08004fe0   0x08004fe0   0x00000044   Code   RO          111    .text.MX_I2C2_Init  i2c.o
    0x08005024   0x08005024   0x00000084   Code   RO          126    .text.MX_TIM1_Init  tim.o
    0x080050a8   0x080050a8   0x0000007e   Code   RO          128    .text.MX_TIM2_Init  tim.o
    0x08005126   0x08005126   0x00000002   PAD
    0x08005128   0x08005128   0x000000c6   Code   RO          130    .text.MX_TIM3_Init  tim.o
    0x080051ee   0x080051ee   0x00000002   PAD
    0x080051f0   0x080051f0   0x00000088   Code   RO          134    .text.MX_TIM4_Init  tim.o
    0x08005278   0x08005278   0x0000003c   Code   RO          159    .text.MX_USART1_UART_Init  usart.o
    0x080052b4   0x080052b4   0x0000003c   Code   RO          161    .text.MX_USART2_UART_Init  usart.o
    0x080052f0   0x080052f0   0x00000004   Code   RO          180    .text.MemManage_Handler  stm32f1xx_it.o
    0x080052f4   0x080052f4   0x00000004   Code   RO          176    .text.NMI_Handler   stm32f1xx_it.o
    0x080052f8   0x080052f8   0x0000006e   Code   RO          587    .text.NVIC_EncodePriority  stm32f1xx_hal_cortex.o
    0x08005366   0x08005366   0x00000002   PAD
    0x08005368   0x08005368   0x000000a2   Code   RO           15    .text.PID_updInput  main.o
    0x0800540a   0x0800540a   0x00000002   PAD
    0x0800540c   0x0800540c   0x0000007c   Code   RO           13    .text.PID_updParam  main.o
    0x08005488   0x08005488   0x00000002   Code   RO          190    .text.PendSV_Handler  stm32f1xx_it.o
    0x0800548a   0x0800548a   0x00000002   PAD
    0x0800548c   0x0800548c   0x0000003a   Code   RO          471    .text.RCC_Delay     stm32f1xx_hal_rcc.o
    0x080054c6   0x080054c6   0x00000002   PAD
    0x080054c8   0x080054c8   0x00000002   Code   RO          186    .text.SVC_Handler   stm32f1xx_it.o
    0x080054ca   0x080054ca   0x00000002   PAD
    0x080054cc   0x080054cc   0x00000052   Code   RO          603    .text.SysTick_Config  stm32f1xx_hal_cortex.o
    0x0800551e   0x0800551e   0x00000002   PAD
    0x08005520   0x08005520   0x00000008   Code   RO          192    .text.SysTick_Handler  stm32f1xx_it.o
    0x08005528   0x08005528   0x00000076   Code   RO           39    .text.SystemClock_Config  main.o
    0x0800559e   0x0800559e   0x00000002   PAD
    0x080055a0   0x080055a0   0x00000002   Code   RO         1252    .text.SystemInit    system_stm32f1xx.o
    0x080055a2   0x080055a2   0x00000002   PAD
    0x080055a4   0x080055a4   0x00000010   Code   RO          194    .text.TIM4_IRQHandler  stm32f1xx_it.o
    0x080055b4   0x080055b4   0x00000108   Code   RO          789    .text.TIM_Base_SetConfig  stm32f1xx_hal_tim.o
    0x080056bc   0x080056bc   0x00000038   Code   RO          823    .text.TIM_CCxChannelCmd  stm32f1xx_hal_tim.o
    0x080056f4   0x080056f4   0x00000034   Code   RO          975    .text.TIM_ETR_SetConfig  stm32f1xx_hal_tim.o
    0x08005728   0x08005728   0x0000002a   Code   RO          981    .text.TIM_ITRx_SetConfig  stm32f1xx_hal_tim.o
    0x08005752   0x08005752   0x00000002   PAD
    0x08005754   0x08005754   0x000000ce   Code   RO          933    .text.TIM_OC1_SetConfig  stm32f1xx_hal_tim.o
    0x08005822   0x08005822   0x00000002   PAD
    0x08005824   0x08005824   0x000000d8   Code   RO          935    .text.TIM_OC2_SetConfig  stm32f1xx_hal_tim.o
    0x080058fc   0x080058fc   0x000000d6   Code   RO          937    .text.TIM_OC3_SetConfig  stm32f1xx_hal_tim.o
    0x080059d2   0x080059d2   0x00000002   PAD
    0x080059d4   0x080059d4   0x00000096   Code   RO          939    .text.TIM_OC4_SetConfig  stm32f1xx_hal_tim.o
    0x08005a6a   0x08005a6a   0x00000002   PAD
    0x08005a6c   0x08005a6c   0x00000050   Code   RO          979    .text.TIM_TI1_ConfigInputStage  stm32f1xx_hal_tim.o
    0x08005abc   0x08005abc   0x00000052   Code   RO          983    .text.TIM_TI2_ConfigInputStage  stm32f1xx_hal_tim.o
    0x08005b0e   0x08005b0e   0x00000002   PAD
    0x08005b10   0x08005b10   0x00000020   Code   RO         1209    .text.UART_DMAAbortOnError  stm32f1xx_hal_uart.o
    0x08005b30   0x08005b30   0x00000094   Code   RO         1169    .text.UART_EndRxTransfer  stm32f1xx_hal_uart.o
    0x08005bc4   0x08005bc4   0x00000026   Code   RO         1217    .text.UART_EndTransmit_IT  stm32f1xx_hal_uart.o
    0x08005bea   0x08005bea   0x00000002   PAD
    0x08005bec   0x08005bec   0x00000170   Code   RO         1207    .text.UART_Receive_IT  stm32f1xx_hal_uart.o
    0x08005d5c   0x08005d5c   0x000000c2   Code   RO         1125    .text.UART_SetConfig  stm32f1xx_hal_uart.o
    0x08005e1e   0x08005e1e   0x00000002   PAD
    0x08005e20   0x08005e20   0x00000066   Code   RO         1147    .text.UART_Start_Receive_IT  stm32f1xx_hal_uart.o
    0x08005e86   0x08005e86   0x00000002   PAD
    0x08005e88   0x08005e88   0x00000098   Code   RO         1215    .text.UART_Transmit_IT  stm32f1xx_hal_uart.o
    0x08005f20   0x08005f20   0x00000010   Code   RO          204    .text.USART1_IRQHandler  stm32f1xx_it.o
    0x08005f30   0x08005f30   0x00000010   Code   RO          206    .text.USART2_IRQHandler  stm32f1xx_it.o
    0x08005f40   0x08005f40   0x00000004   Code   RO          184    .text.UsageFault_Handler  stm32f1xx_it.o
    0x08005f44   0x08005f44   0x00000034   Code   RO          591    .text.__NVIC_EnableIRQ  stm32f1xx_hal_cortex.o
    0x08005f78   0x08005f78   0x00000010   Code   RO          583    .text.__NVIC_GetPriorityGrouping  stm32f1xx_hal_cortex.o
    0x08005f88   0x08005f88   0x00000044   Code   RO          585    .text.__NVIC_SetPriority  stm32f1xx_hal_cortex.o
    0x08005fcc   0x08005fcc   0x0000003c   Code   RO          579    .text.__NVIC_SetPriorityGrouping  stm32f1xx_hal_cortex.o
    0x08006008   0x08006008   0x0000011c   Code   RO           29    .text.drive_motor   main.o
    0x08006124   0x08006124   0x00000098   Code   RO         1348    .text.gc_pid_initialize  gc_pid.o
    0x080061bc   0x080061bc   0x00000ce4   Code   RO         1346    .text.gc_pid_step   gc_pid.o
    0x08006ea0   0x08006ea0   0x000007c4   Code   RO           35    .text.lineTrack_update  main.o
    0x08007664   0x08007664   0x0000079a   Code   RO           37    .text.main          main.o
    0x08007dfe   0x08007dfe   0x00000002   PAD
    0x08007e00   0x08007e00   0x00000086   Code   RO           11    .text.motor_updEcd  main.o
    0x08007e86   0x08007e86   0x00000002   PAD
    0x08007e88   0x08007e88   0x00000054   Code   RO           33    .text.motor_updPID  main.o
    0x08007edc   0x08007edc   0x0000002e   Code   RO           27    .text.setMotor_CCW  main.o
    0x08007f0a   0x08007f0a   0x00000002   PAD
    0x08007f0c   0x08007f0c   0x0000002e   Code   RO           25    .text.setMotor_CW   main.o
    0x08007f3a   0x08007f3a   0x00000002   PAD
    0x08007f3c   0x08007f3c   0x00000062   Code   RO         1433    x$fpl$d2f           fz_ws.l(d2f.o)
    0x08007f9e   0x08007f9e   0x00000002   PAD
    0x08007fa0   0x08007fa0   0x00000150   Code   RO         1435    x$fpl$dadd          fz_ws.l(daddsub_clz.o)
    0x080080f0   0x080080f0   0x00000154   Code   RO         1443    x$fpl$dmul          fz_ws.l(dmul.o)
    0x08008244   0x08008244   0x0000009c   Code   RO         1478    x$fpl$dnaninf       fz_ws.l(dnaninf.o)
    0x080082e0   0x080082e0   0x0000000c   Code   RO         1480    x$fpl$dretinf       fz_ws.l(dretinf.o)
    0x080082ec   0x080082ec   0x000001d4   Code   RO         1437    x$fpl$dsub          fz_ws.l(daddsub_clz.o)
    0x080084c0   0x080084c0   0x00000056   Code   RO         1445    x$fpl$f2d           fz_ws.l(f2d.o)
    0x08008516   0x08008516   0x00000002   PAD
    0x08008518   0x08008518   0x000000c4   Code   RO         1447    x$fpl$fadd          fz_ws.l(faddsub_clz.o)
    0x080085dc   0x080085dc   0x00000054   Code   RO         1453    x$fpl$fcmp          fz_ws.l(fcmp.o)
    0x08008630   0x08008630   0x00000018   Code   RO         1510    x$fpl$fcmpinf       fz_ws.l(fcmpi.o)
    0x08008648   0x08008648   0x00000184   Code   RO         1456    x$fpl$fdiv          fz_ws.l(fdiv.o)
    0x080087cc   0x080087cc   0x00000068   Code   RO         1482    x$fpl$feqf          fz_ws.l(feqf.o)
    0x08008834   0x08008834   0x00000036   Code   RO         1459    x$fpl$ffix          fz_ws.l(ffix.o)
    0x0800886a   0x0800886a   0x00000002   PAD
    0x0800886c   0x0800886c   0x00000030   Code   RO         1464    x$fpl$fflt          fz_ws.l(fflt_clz.o)
    0x0800889c   0x0800889c   0x00000026   Code   RO         1463    x$fpl$ffltu         fz_ws.l(fflt_clz.o)
    0x080088c2   0x080088c2   0x00000002   PAD
    0x080088c4   0x080088c4   0x00000068   Code   RO         1484    x$fpl$fgeqf         fz_ws.l(fgeqf.o)
    0x0800892c   0x0800892c   0x00000068   Code   RO         1486    x$fpl$fleqf         fz_ws.l(fleqf.o)
    0x08008994   0x08008994   0x00000102   Code   RO         1469    x$fpl$fmul          fz_ws.l(fmul.o)
    0x08008a96   0x08008a96   0x0000008c   Code   RO         1488    x$fpl$fnaninf       fz_ws.l(fnaninf.o)
    0x08008b22   0x08008b22   0x0000000a   Code   RO         1490    x$fpl$fretinf       fz_ws.l(fretinf.o)
    0x08008b2c   0x08008b2c   0x000000ea   Code   RO         1449    x$fpl$fsub          fz_ws.l(faddsub_clz.o)
    0x08008c16   0x08008c16   0x00000000   Code   RO         1492    x$fpl$usenofp       fz_ws.l(usenofp.o)
    0x08008c16   0x08008c16   0x00000010   Data   RO         1257    .rodata.AHBPrescTable  system_stm32f1xx.o
    0x08008c26   0x08008c26   0x00000008   Data   RO         1258    .rodata.APBPrescTable  system_stm32f1xx.o
    0x08008c2e   0x08008c2e   0x00000010   Data   RO          497    .rodata.HAL_RCC_GetSysClockFreq.aPLLMULFactorTable  stm32f1xx_hal_rcc.o
    0x08008c3e   0x08008c3e   0x00000002   Data   RO          498    .rodata.HAL_RCC_GetSysClockFreq.aPredivFactorTable  stm32f1xx_hal_rcc.o
    0x08008c40   0x08008c40   0x00000020   Data   RO         1656    Region$$Table       anon$$obj.o


    Execution Region RW_IRAM1 (Exec base: 0x20000000, Load base: 0x08008c60, Size: 0x00000be0, Max: 0x00005000, ABSOLUTE, COMPRESSED[0x000000a0])

    Exec Addr    Load Addr    Size         Type   Attr      Idx    E Section Name        Object

    0x20000000   COMPRESSED   0x00000001   Data   RW           66    .data.CAR_STATE     main.o
    0x20000001   COMPRESSED   0x00000003   PAD
    0x20000004   COMPRESSED   0x00000004   Data   RW         1256    .data.SystemCoreClock  system_stm32f1xx.o
    0x20000008   COMPRESSED   0x0000002c   Data   RW           62    .data.motor_left    main.o
    0x20000034   COMPRESSED   0x0000002c   Data   RW           63    .data.motor_right   main.o
    0x20000060   COMPRESSED   0x0000004c   Data   RW           61    .data.pid_param     main.o
    0x200000ac   COMPRESSED   0x00000002   Data   RW           74    .data.rate          main.o
    0x200000ae   COMPRESSED   0x00000002   PAD
    0x200000b0   COMPRESSED   0x00000120   Data   RW         1362    .data.rtP           gc_pid_data.o
    0x200001d0   COMPRESSED   0x00000002   Data   RW           50    .data.tof_dis1      main.o
    0x200001d2   COMPRESSED   0x00000002   Data   RW           52    .data.tof_dis1_l    main.o
    0x200001d4   COMPRESSED   0x00000002   Data   RW           54    .data.tof_dis1_ll   main.o
    0x200001d6   COMPRESSED   0x00000002   Data   RW           51    .data.tof_dis2      main.o
    0x200001d8   COMPRESSED   0x00000002   Data   RW           53    .data.tof_dis2_l    main.o
    0x200001da   COMPRESSED   0x00000002   Data   RW           55    .data.tof_dis2_ll   main.o
    0x200001dc   COMPRESSED   0x00000003   Data   RW           47    .data.uart1_tx_resetZaxis  main.o
    0x200001df   COMPRESSED   0x00000003   Data   RW           48    .data.uart1_tx_setWidth  main.o
    0x200001e2   COMPRESSED   0x00000001   Data   RW          458    .data.uwTickFreq    stm32f1xx_hal.o
    0x200001e3   COMPRESSED   0x00000001   PAD
    0x200001e4   COMPRESSED   0x00000004   Data   RW          457    .data.uwTickPrio    stm32f1xx_hal.o
    0x200001e8        -       0x00000060   Zero   RW         1523    .bss                c_w.l(libspace.o)
    0x20000248        -       0x00000004   Zero   RW           59    .bss.ang_ori        main.o
    0x2000024c        -       0x00000004   Zero   RW           58    .bss.ang_real       main.o
    0x20000250        -       0x00000004   Zero   RW           57    .bss.ang_tar        main.o
    0x20000254        -       0x00000002   Zero   RW           67    .bss.case2_cnt      main.o
    0x20000256        -       0x00000002   Zero   RW           68    .bss.case3_cnt      main.o
    0x20000258        -       0x00000002   Zero   RW           69    .bss.case4_cnt      main.o
    0x2000025a        -       0x00000002   Zero   RW           70    .bss.case5_cnt      main.o
    0x2000025c        -       0x00000002   Zero   RW           71    .bss.case6_cnt      main.o
    0x2000025e        -       0x00000002   Zero   RW           72    .bss.case7_cnt      main.o
    0x20000260        -       0x00000002   Zero   RW           80    .bss.cnt_max        main.o
    0x20000262   COMPRESSED   0x00000002   PAD
    0x20000264        -       0x00000054   Zero   RW          117    .bss.hi2c1          i2c.o
    0x200002b8        -       0x00000054   Zero   RW          118    .bss.hi2c2          i2c.o
    0x2000030c        -       0x00000002   Zero   RW           79    .bss.high_speed_cnt  main.o
    0x2000030e        -       0x00000002   Zero   RW           81    .bss.high_speed_code  main.o
    0x20000310        -       0x00000048   Zero   RW          148    .bss.htim1          tim.o
    0x20000358        -       0x00000048   Zero   RW          149    .bss.htim2          tim.o
    0x200003a0        -       0x00000048   Zero   RW          150    .bss.htim3          tim.o
    0x200003e8        -       0x00000048   Zero   RW          151    .bss.htim4          tim.o
    0x20000430        -       0x00000048   Zero   RW          167    .bss.huart1         usart.o
    0x20000478        -       0x00000048   Zero   RW          168    .bss.huart2         usart.o
    0x200004c0        -       0x00000010   Zero   RW           89    .bss.imu_buffer     main.o
    0x200004d0        -       0x00000002   Zero   RW           83    .bss.imu_cnt        main.o
    0x200004d2   COMPRESSED   0x00000002   PAD
    0x200004d4        -       0x0000000c   Zero   RW           60    .bss.imu_data       main.o
    0x200004e0        -       0x00000004   Zero   RW           64    .bss.line_track     main.o
    0x200004e4        -       0x00000040   Zero   RW         1353    .bss.rtDW           gc_pid.o
    0x20000524        -       0x00000004   Zero   RW         1350    .bss.rtM_           gc_pid.o
    0x20000528        -       0x00000024   Zero   RW         1352    .bss.rtU            gc_pid.o
    0x2000054c        -       0x0000000c   Zero   RW         1354    .bss.rtY            gc_pid.o
    0x20000558        -       0x00000002   Zero   RW           77    .bss.stop_cnt       main.o
    0x2000055a        -       0x00000002   Zero   RW           78    .bss.stop_code      main.o
    0x2000055c        -       0x00000004   Zero   RW           65    .bss.tim4_cnt       main.o
    0x20000560        -       0x00000004   Zero   RW           75    .bss.tmp_tar        main.o
    0x20000564        -       0x00000002   Zero   RW           73    .bss.tof_cnt        main.o
    0x20000566   COMPRESSED   0x00000002   PAD
    0x20000568        -       0x00000020   Zero   RW           86    .bss.track_state    main.o
    0x20000588        -       0x00000001   Zero   RW           49    .bss.uart1_index    main.o
    0x20000589        -       0x00000040   Zero   RW           87    .bss.uart1_rx_buffer  main.o
    0x200005c9        -       0x00000008   Zero   RW           88    .bss.uart2_rx_buffer  main.o
    0x200005d1   COMPRESSED   0x00000003   PAD
    0x200005d4        -       0x00000004   Zero   RW           76    .bss.uart_cnt       main.o
    0x200005d8        -       0x00000004   Zero   RW          459    .bss.uwTick         stm32f1xx_hal.o
    0x200005dc   COMPRESSED   0x00000004   PAD
    0x200005e0        -       0x00000200   Zero   RW            2    HEAP                startup_stm32f103xb.o
    0x200007e0        -       0x00000400   Zero   RW            1    STACK               startup_stm32f103xb.o


==============================================================================

Image component sizes


      Code (inc. data)   RO Data    RW Data    ZI Data      Debug   Object Name

      3452          0          0          0        116       4295   gc_pid.o
         0          0          0        288          0       3239   gc_pid_data.o
       242          0          0          0          0       1542   gpio.o
       484          0          0          0        168       5914   i2c.o
      6568         40          0        185        187      14847   main.o
        64         26        236          0       1536        792   startup_stm32f103xb.o
       264          0          0          5          4       5622   stm32f1xx_hal.o
       508          0          0          0          0       7567   stm32f1xx_hal_cortex.o
       426          0          0          0          0       6303   stm32f1xx_hal_dma.o
       914          0          0          0          0       4247   stm32f1xx_hal_gpio.o
      7524          0          0          0          0      37511   stm32f1xx_hal_i2c.o
       100          0          0          0          0       1205   stm32f1xx_hal_msp.o
      2602          0         18          0          0       7445   stm32f1xx_hal_rcc.o
      4190         14          0          0          0      35739   stm32f1xx_hal_tim.o
       236          0          0          0          0      15123   stm32f1xx_hal_tim_ex.o
      2524          0          0          0          0      20051   stm32f1xx_hal_uart.o
       146          0          0          0          0       1696   stm32f1xx_it.o
         2          0         24          4          0       1582   system_stm32f1xx.o
      1084          0          0          0        288       8215   tim.o
       474          0          0          0        144       5743   usart.o

    ----------------------------------------------------------------------
     31916         80        310        488       2456     188678   Object Totals
         0          0         32          0          0          0   (incl. Generated)
       112          0          0          6         13          0   (incl. Padding)

    ----------------------------------------------------------------------

      Code (inc. data)   RO Data    RW Data    ZI Data      Debug   Library Member Name

        90          0          0          0          0          0   __dczerorl2.o
         8          0          0          0          0         68   __main.o
         0          0          0          0          0          0   __rtentry.o
        12          0          0          0          0          0   __rtentry2.o
         6          0          0          0          0          0   __rtentry4.o
        52          8          0          0          0          0   __scatter.o
        28          0          0          0          0          0   __scatter_zi.o
        18          0          0          0          0         80   exit.o
         6          0          0          0          0        152   heapauxi.o
         0          0          0          0          0          0   indicate_semi.o
         2          0          0          0          0          0   libinit.o
         2          0          0          0          0          0   libinit2.o
         2          0          0          0          0          0   libshutdown.o
         2          0          0          0          0          0   libshutdown2.o
         8          4          0          0         96         68   libspace.o
        78          0          0          0          0         80   rt_memclr_w.o
         2          0          0          0          0          0   rtexit.o
        10          0          0          0          0          0   rtexit2.o
        12          4          0          0          0         68   sys_exit.o
        74          0          0          0          0         80   sys_stackheap_outer.o
         2          0          0          0          0         68   use_no_semi.o
        98          4          0          0          0         92   d2f.o
       804         16          0          0          0        280   daddsub_clz.o
       340         12          0          0          0        104   dmul.o
       156          4          0          0          0         92   dnaninf.o
        12          0          0          0          0         68   dretinf.o
        86          4          0          0          0         84   f2d.o
       430          8          0          0          0        168   faddsub_clz.o
        84          0          0          0          0        196   fcmp.o
        24          0          0          0          0         68   fcmpi.o
       388         76          0          0          0         96   fdiv.o
       104          4          0          0          0         84   feqf.o
        54          4          0          0          0         84   ffix.o
        86          0          0          0          0        136   fflt_clz.o
       104          4          0          0          0         84   fgeqf.o
       104          4          0          0          0         84   fleqf.o
       258          4          0          0          0         84   fmul.o
       140          4          0          0          0         84   fnaninf.o
        10          0          0          0          0         68   fretinf.o
         0          0          0          0          0          0   usenofp.o

    ----------------------------------------------------------------------
      3710        164          0          0         96       2620   Library Totals
        14          0          0          0          0          0   (incl. Padding)

    ----------------------------------------------------------------------

      Code (inc. data)   RO Data    RW Data    ZI Data      Debug   Library Name

       414         16          0          0         96        664   c_w.l
      3282        148          0          0          0       1956   fz_ws.l

    ----------------------------------------------------------------------
      3710        164          0          0         96       2620   Library Totals

    ----------------------------------------------------------------------

==============================================================================


      Code (inc. data)   RO Data    RW Data    ZI Data      Debug   

     35626        244        310        488       2552     189774   Grand Totals
     35626        244        310        160       2552     189774   ELF Image Totals (compressed)
     35626        244        310        160          0          0   ROM Totals

==============================================================================

    Total RO  Size (Code + RO Data)                35936 (  35.09kB)
    Total RW  Size (RW Data + ZI Data)              3040 (   2.97kB)
    Total ROM Size (Code + RO Data + RW Data)      36096 (  35.25kB)

==============================================================================

